<html>
<body>
<pre>
<h1>µVision Build Log</h1>
<h2>Tool Versions:</h2>
IDE-Version: µVision V5.36.0.0
Copyright (C) 2021 ARM Ltd and ARM Germany GmbH. All rights reserved.
License Information: Mehmet mehmet.koral45@gmail.com, Studen, LIC=----
 
Tool Versions:
Toolchain:       MDK-Lite  Version: 5.36.0.0
Toolchain Path:  C:\Keil_v5\ARM\ARMCLANG\Bin
C Compiler:      ArmClang.exe V6.16
Assembler:       Armasm.exe V6.16
Linker/Locator:  ArmLink.exe V6.16
Library Manager: ArmAr.exe V6.16
Hex Converter:   FromElf.exe V6.16
CPU DLL:         SARMCM3.DLL V5.36.0.0
Dialog DLL:      DCM.DLL V1.17.3.0
Target DLL:      STLink\ST-LINKIII-KEIL_SWO.dll V3.0.9.0
Dialog DLL:      TCM.DLL V1.53.0.0
 
<h2>Project:</h2>
C:\Users\mehme\Embedded Systems\STM32L152REt6-ESP8266-Bootloader\FOTA_ESP8266.uvprojx
Project File Date:  05/19/2022

<h2>Output:</h2>
*** Using Compiler 'V6.16', folder: 'C:\Keil_v5\ARM\ARMCLANG\Bin'
Rebuild target 'Target 1'
compiling main.c...
compiling system_stm32l1xx.c...
assembling startup_stm32l152xe.s...
linking...
Program Size: Code=324 RO-data=308 RW-data=0 ZI-data=1632  
".\Objects\FOTA_ESP8266.axf" - 0 Error(s), 0 Warning(s).

<h2>Software Packages used:</h2>

Package Vendor: ARM
                http://www.keil.com/pack/ARM.CMSIS.5.8.0.pack
                ARM.CMSIS.5.8.0
                CMSIS (Common Microcontroller Software Interface Standard)
   * Component: CORE Version: 5.5.0

Package Vendor: Keil
                http://www.keil.com/pack/Keil.STM32L1xx_DFP.1.4.1.pack
                Keil.STM32L1xx_DFP.1.4.1
                STMicroelectronics STM32L1 Series Device Support and Examples
   * Component: Startup Version: 1.10.3

<h2>Collection of Component include folders:</h2>
  .\RTE\_Target_1
  C:\Users\mehme\AppData\Local\Arm\Packs\ARM\CMSIS\5.8.0\CMSIS\Core\Include
  C:\Users\mehme\AppData\Local\Arm\Packs\Keil\STM32L1xx_DFP\1.4.1\Drivers\CMSIS\Device\ST\STM32L1xx\Include

<h2>Collection of Component Files used:</h2>

   * Component: ARM::CMSIS:CORE:5.5.0

   * Component: Keil.Standalone::Device:Startup:1.10.3
      Include file:  Drivers\CMSIS\Device\ST\STM32L1xx\Include\stm32l1xx.h
      Source file:   MDK\Device\Source\ARM\STM32L1xx_MD_OPT.s
      Source file:   MDK\Device\Source\ARM\STM32L1xx_XL_OPT.s
      Source file:   MDK\Device\Source\ARM\STM32L1xx_MD+_OPT.s
      Source file:   MDK\Device\Source\ARM\STM32L1xx_HD_OPT.s
      Source file:   Drivers\CMSIS\Device\ST\STM32L1xx\Source\Templates\arm\startup_stm32l152xe.s
      Source file:   Drivers\CMSIS\Device\ST\STM32L1xx\Source\Templates\system_stm32l1xx.c
Build Time Elapsed:  00:00:00
</pre>
</body>
</html>
