<html>
<body>
<pre>
<h1>µVision Build Log</h1>
<h2>Tool Versions:</h2>
IDE-Version: µVision V5.36.0.0
Copyright (C) 2021 ARM Ltd and ARM Germany GmbH. All rights reserved.
License Information: Mehmet mehmet.koral45@gmail.com, Studen, LIC=----
 
Tool Versions:
Toolchain:       MDK-Lite  Version: 5.36.0.0
Toolchain Path:  C:\Keil_v5\ARM\ARMCC\Bin
C Compiler:      Armcc.exe V5.06 update 7 (build 960)
Assembler:       Armasm.exe V5.06 update 7 (build 960)
Linker/Locator:  ArmLink.exe V5.06 update 7 (build 960)
Library Manager: ArmAr.exe V5.06 update 7 (build 960)
Hex Converter:   FromElf.exe V5.06 update 7 (build 960)
CPU DLL:         SARMCM3.DLL V5.36.0.0
Dialog DLL:      DCM.DLL V1.17.3.0
Target DLL:      STLink\ST-LINKIII-KEIL_SWO.dll V3.0.9.0
Dialog DLL:      TCM.DLL V1.53.0.0
 
<h2>Project:</h2>
C:\Users\mehme\Embedded Systems\FOTA\stm32l152ret6_esp8266_bootloader\FOTA_WIFI_NUCLEO.uvprojx
Project File Date:  12/26/2022

<h2>Output:</h2>
*** Using Compiler 'V5.06 update 7 (build 960)', folder: 'C:\Keil_v5\ARM\ARMCC\Bin'
Build target 'Layers'
compiling Sys_Timer.c...
Sys_Timer.c(57): warning:  #1-D: last line of file ends without a newline
   
Sys_Timer.c(14): warning:  #177-D: variable "sysTickCVR"  was declared but never referenced
  static uint32_t *sysTickCVR = (uint32_t *)SysTickCurrentValueRegister;
Sys_Timer.c(15): warning:  #177-D: variable "sysTickCalibrationVR"  was declared but never referenced
  static uint32_t *sysTickCalibrationVR = (uint32_t *)SysTickCalibrationValueRegister;
Sys_Timer.c: 3 warnings, 0 errors
linking...
Program Size: Code=3380 RO-data=364 RW-data=412 ZI-data=3932  
".\Objects\FOTA_WIFI_NUCLEO.axf" - 0 Error(s), 3 Warning(s).

<h2>Software Packages used:</h2>

Package Vendor: ARM
                http://www.keil.com/pack/ARM.CMSIS.5.9.0.pack
                ARM.CMSIS.5.9.0
                CMSIS (Common Microcontroller Software Interface Standard)
   * Component: CORE Version: 5.6.0

Package Vendor: Keil
                http://www.keil.com/pack/Keil.STM32L1xx_DFP.1.4.1.pack
                Keil.STM32L1xx_DFP.1.4.1
                STMicroelectronics STM32L1 Series Device Support and Examples
   * Component: Startup Version: 1.10.3

<h2>Collection of Component include folders:</h2>
  .\RTE\_Layers
  C:\Users\mehme\AppData\Local\Arm\Packs\ARM\CMSIS\5.9.0\CMSIS\Core\Include
  C:\Users\mehme\AppData\Local\Arm\Packs\Keil\STM32L1xx_DFP\1.4.1\Drivers\CMSIS\Device\ST\STM32L1xx\Include

<h2>Collection of Component Files used:</h2>

   * Component: ARM::CMSIS:CORE:5.6.0

   * Component: Keil.Standalone::Device:Startup:1.10.3
      Source file:   MDK\Device\Source\ARM\STM32L1xx_MD+_OPT.s
      Source file:   MDK\Device\Source\ARM\STM32L1xx_XL_OPT.s
      Include file:  Drivers\CMSIS\Device\ST\STM32L1xx\Include\stm32l1xx.h
      Source file:   MDK\Device\Source\ARM\STM32L1xx_HD_OPT.s
      Source file:   MDK\Device\Source\ARM\STM32L1xx_MD_OPT.s
      Source file:   Drivers\CMSIS\Device\ST\STM32L1xx\Source\Templates\arm\startup_stm32l152xe.s
      Source file:   Drivers\CMSIS\Device\ST\STM32L1xx\Source\Templates\system_stm32l1xx.c
Build Time Elapsed:  00:00:00
</pre>
</body>
</html>
