23:23:25 **** Clean-only build of configuration Debug for project FOTA_DUAL_BANK ****
make -j16 clean 
rm -rf ./Startup/startup_stm32l152retx.d ./Startup/startup_stm32l152retx.o
rm -rf ./Src/main.d ./Src/main.o ./Src/main.su ./Src/syscalls.d ./Src/syscalls.o ./Src/syscalls.su ./Src/sysmem.d ./Src/sysmem.o ./Src/sysmem.su
rm -rf ./SourceFiles/UART/Uart.d ./SourceFiles/UART/Uart.o ./SourceFiles/UART/Uart.su ./SourceFiles/UART/Uart_Comm.d ./SourceFiles/UART/Uart_Comm.o ./SourceFiles/UART/Uart_Comm.su
rm -rf ./SourceFiles/SYSTEM_TIMER/Sys_Timer.d ./SourceFiles/SYSTEM_TIMER/Sys_Timer.o ./SourceFiles/SYSTEM_TIMER/Sys_Timer.su
rm -rf ./SourceFiles/MY_PROTOCOL/My_Protocol.d ./SourceFiles/MY_PROTOCOL/My_Protocol.o ./SourceFiles/MY_PROTOCOL/My_Protocol.su
rm -rf ./SourceFiles/GPIO/Gpio.d ./SourceFiles/GPIO/Gpio.o ./SourceFiles/GPIO/Gpio.su
rm -rf ./SourceFiles/FLASH/Flash_Unit.d ./SourceFiles/FLASH/Flash_Unit.o ./SourceFiles/FLASH/Flash_Unit.su
rm -rf ./SourceFiles/ESP8266/Esp8266.d ./SourceFiles/ESP8266/Esp8266.o ./SourceFiles/ESP8266/Esp8266.su ./SourceFiles/ESP8266/Esp8266_Config.d ./SourceFiles/ESP8266/Esp8266_Config.o ./SourceFiles/ESP8266/Esp8266_Config.su
rm -rf ./SourceFiles/CRC/CRC_Calculation.d ./SourceFiles/CRC/CRC_Calculation.o ./SourceFiles/CRC/CRC_Calculation.su
rm -rf FOTA_DUAL_BANK.elf FOTA_DUAL_BANK.list FOTA_DUAL_BANK.map default.size.stdout
 
23:23:26 **** Build of configuration Debug for project FOTA_DUAL_BANK ****
make -j16 all 
arm-none-eabi-gcc -mcpu=cortex-m3 -g3 -DDEBUG -c -x assembler-with-cpp -MMD -MP -MF"Startup/startup_stm32l152retx.d" -MT"Startup/startup_stm32l152retx.o" --specs=nano.specs -mfloat-abi=soft -mthumb -o "Startup/startup_stm32l152retx.o" "../Startup/startup_stm32l152retx.s"
arm-none-eabi-gcc "../Src/main.c" -mcpu=cortex-m3 -std=gnu11 -g3 -DDEBUG -DSTM32L1 -DSTM32 -DSTM32L152RETx -c -I../Inc -I"C:/Users/mehme/Embedded Systems/FOTA/stm32l152ret6_esp8266_bootloader/STM32CubeIDE-LL/FOTA_DUAL_BANK/SourceFiles" -I"C:/Users/mehme/Embedded Systems/FOTA/stm32l152ret6_esp8266_bootloader/STM32CubeIDE-LL/FOTA_DUAL_BANK/Inc/CMSIS" -I"C:/Users/mehme/Embedded Systems/FOTA/stm32l152ret6_esp8266_bootloader/STM32CubeIDE-LL/FOTA_DUAL_BANK/Inc/ST" -I"C:/Users/mehme/Embedded Systems/FOTA/stm32l152ret6_esp8266_bootloader/STM32CubeIDE-LL/FOTA_DUAL_BANK/SourceFiles/CRC" -I"C:/Users/mehme/Embedded Systems/FOTA/stm32l152ret6_esp8266_bootloader/STM32CubeIDE-LL/FOTA_DUAL_BANK/SourceFiles/ESP8266" -I"C:/Users/mehme/Embedded Systems/FOTA/stm32l152ret6_esp8266_bootloader/STM32CubeIDE-LL/FOTA_DUAL_BANK/SourceFiles/FLASH" -I"C:/Users/mehme/Embedded Systems/FOTA/stm32l152ret6_esp8266_bootloader/STM32CubeIDE-LL/FOTA_DUAL_BANK/SourceFiles/GPIO" -I"C:/Users/mehme/Embedded Systems/FOTA/stm32l152ret6_esp8266_bootloader/STM32CubeIDE-LL/FOTA_DUAL_BANK/SourceFiles/MY_PROTOCOL" -I"C:/Users/mehme/Embedded Systems/FOTA/stm32l152ret6_esp8266_bootloader/STM32CubeIDE-LL/FOTA_DUAL_BANK/SourceFiles/SYSTEM_TIMER" -I"C:/Users/mehme/Embedded Systems/FOTA/stm32l152ret6_esp8266_bootloader/STM32CubeIDE-LL/FOTA_DUAL_BANK/SourceFiles/UART" -O0 -ffunction-sections -fdata-sections -Wall -fstack-usage -MMD -MP -MF"Src/main.d" -MT"Src/main.o" --specs=nano.specs -mfloat-abi=soft -mthumb -o "Src/main.o"
arm-none-eabi-gcc "../Src/syscalls.c" -mcpu=cortex-m3 -std=gnu11 -g3 -DDEBUG -DSTM32L1 -DSTM32 -DSTM32L152RETx -c -I../Inc -I"C:/Users/mehme/Embedded Systems/FOTA/stm32l152ret6_esp8266_bootloader/STM32CubeIDE-LL/FOTA_DUAL_BANK/SourceFiles" -I"C:/Users/mehme/Embedded Systems/FOTA/stm32l152ret6_esp8266_bootloader/STM32CubeIDE-LL/FOTA_DUAL_BANK/Inc/CMSIS" -I"C:/Users/mehme/Embedded Systems/FOTA/stm32l152ret6_esp8266_bootloader/STM32CubeIDE-LL/FOTA_DUAL_BANK/Inc/ST" -I"C:/Users/mehme/Embedded Systems/FOTA/stm32l152ret6_esp8266_bootloader/STM32CubeIDE-LL/FOTA_DUAL_BANK/SourceFiles/CRC" -I"C:/Users/mehme/Embedded Systems/FOTA/stm32l152ret6_esp8266_bootloader/STM32CubeIDE-LL/FOTA_DUAL_BANK/SourceFiles/ESP8266" -I"C:/Users/mehme/Embedded Systems/FOTA/stm32l152ret6_esp8266_bootloader/STM32CubeIDE-LL/FOTA_DUAL_BANK/SourceFiles/FLASH" -I"C:/Users/mehme/Embedded Systems/FOTA/stm32l152ret6_esp8266_bootloader/STM32CubeIDE-LL/FOTA_DUAL_BANK/SourceFiles/GPIO" -I"C:/Users/mehme/Embedded Systems/FOTA/stm32l152ret6_esp8266_bootloader/STM32CubeIDE-LL/FOTA_DUAL_BANK/SourceFiles/MY_PROTOCOL" -I"C:/Users/mehme/Embedded Systems/FOTA/stm32l152ret6_esp8266_bootloader/STM32CubeIDE-LL/FOTA_DUAL_BANK/SourceFiles/SYSTEM_TIMER" -I"C:/Users/mehme/Embedded Systems/FOTA/stm32l152ret6_esp8266_bootloader/STM32CubeIDE-LL/FOTA_DUAL_BANK/SourceFiles/UART" -O0 -ffunction-sections -fdata-sections -Wall -fstack-usage -MMD -MP -MF"Src/syscalls.d" -MT"Src/syscalls.o" --specs=nano.specs -mfloat-abi=soft -mthumb -o "Src/syscalls.o"
arm-none-eabi-gcc "../Src/sysmem.c" -mcpu=cortex-m3 -std=gnu11 -g3 -DDEBUG -DSTM32L1 -DSTM32 -DSTM32L152RETx -c -I../Inc -I"C:/Users/mehme/Embedded Systems/FOTA/stm32l152ret6_esp8266_bootloader/STM32CubeIDE-LL/FOTA_DUAL_BANK/SourceFiles" -I"C:/Users/mehme/Embedded Systems/FOTA/stm32l152ret6_esp8266_bootloader/STM32CubeIDE-LL/FOTA_DUAL_BANK/Inc/CMSIS" -I"C:/Users/mehme/Embedded Systems/FOTA/stm32l152ret6_esp8266_bootloader/STM32CubeIDE-LL/FOTA_DUAL_BANK/Inc/ST" -I"C:/Users/mehme/Embedded Systems/FOTA/stm32l152ret6_esp8266_bootloader/STM32CubeIDE-LL/FOTA_DUAL_BANK/SourceFiles/CRC" -I"C:/Users/mehme/Embedded Systems/FOTA/stm32l152ret6_esp8266_bootloader/STM32CubeIDE-LL/FOTA_DUAL_BANK/SourceFiles/ESP8266" -I"C:/Users/mehme/Embedded Systems/FOTA/stm32l152ret6_esp8266_bootloader/STM32CubeIDE-LL/FOTA_DUAL_BANK/SourceFiles/FLASH" -I"C:/Users/mehme/Embedded Systems/FOTA/stm32l152ret6_esp8266_bootloader/STM32CubeIDE-LL/FOTA_DUAL_BANK/SourceFiles/GPIO" -I"C:/Users/mehme/Embedded Systems/FOTA/stm32l152ret6_esp8266_bootloader/STM32CubeIDE-LL/FOTA_DUAL_BANK/SourceFiles/MY_PROTOCOL" -I"C:/Users/mehme/Embedded Systems/FOTA/stm32l152ret6_esp8266_bootloader/STM32CubeIDE-LL/FOTA_DUAL_BANK/SourceFiles/SYSTEM_TIMER" -I"C:/Users/mehme/Embedded Systems/FOTA/stm32l152ret6_esp8266_bootloader/STM32CubeIDE-LL/FOTA_DUAL_BANK/SourceFiles/UART" -O0 -ffunction-sections -fdata-sections -Wall -fstack-usage -MMD -MP -MF"Src/sysmem.d" -MT"Src/sysmem.o" --specs=nano.specs -mfloat-abi=soft -mthumb -o "Src/sysmem.o"
arm-none-eabi-gcc "../SourceFiles/UART/Uart.c" -mcpu=cortex-m3 -std=gnu11 -g3 -DDEBUG -DSTM32L1 -DSTM32 -DSTM32L152RETx -c -I../Inc -I"C:/Users/mehme/Embedded Systems/FOTA/stm32l152ret6_esp8266_bootloader/STM32CubeIDE-LL/FOTA_DUAL_BANK/SourceFiles" -I"C:/Users/mehme/Embedded Systems/FOTA/stm32l152ret6_esp8266_bootloader/STM32CubeIDE-LL/FOTA_DUAL_BANK/Inc/CMSIS" -I"C:/Users/mehme/Embedded Systems/FOTA/stm32l152ret6_esp8266_bootloader/STM32CubeIDE-LL/FOTA_DUAL_BANK/Inc/ST" -I"C:/Users/mehme/Embedded Systems/FOTA/stm32l152ret6_esp8266_bootloader/STM32CubeIDE-LL/FOTA_DUAL_BANK/SourceFiles/CRC" -I"C:/Users/mehme/Embedded Systems/FOTA/stm32l152ret6_esp8266_bootloader/STM32CubeIDE-LL/FOTA_DUAL_BANK/SourceFiles/ESP8266" -I"C:/Users/mehme/Embedded Systems/FOTA/stm32l152ret6_esp8266_bootloader/STM32CubeIDE-LL/FOTA_DUAL_BANK/SourceFiles/FLASH" -I"C:/Users/mehme/Embedded Systems/FOTA/stm32l152ret6_esp8266_bootloader/STM32CubeIDE-LL/FOTA_DUAL_BANK/SourceFiles/GPIO" -I"C:/Users/mehme/Embedded Systems/FOTA/stm32l152ret6_esp8266_bootloader/STM32CubeIDE-LL/FOTA_DUAL_BANK/SourceFiles/MY_PROTOCOL" -I"C:/Users/mehme/Embedded Systems/FOTA/stm32l152ret6_esp8266_bootloader/STM32CubeIDE-LL/FOTA_DUAL_BANK/SourceFiles/SYSTEM_TIMER" -I"C:/Users/mehme/Embedded Systems/FOTA/stm32l152ret6_esp8266_bootloader/STM32CubeIDE-LL/FOTA_DUAL_BANK/SourceFiles/UART" -O0 -ffunction-sections -fdata-sections -Wall -fstack-usage -MMD -MP -MF"SourceFiles/UART/Uart.d" -MT"SourceFiles/UART/Uart.o" --specs=nano.specs -mfloat-abi=soft -mthumb -o "SourceFiles/UART/Uart.o"
arm-none-eabi-gcc "../SourceFiles/UART/Uart_Comm.c" -mcpu=cortex-m3 -std=gnu11 -g3 -DDEBUG -DSTM32L1 -DSTM32 -DSTM32L152RETx -c -I../Inc -I"C:/Users/mehme/Embedded Systems/FOTA/stm32l152ret6_esp8266_bootloader/STM32CubeIDE-LL/FOTA_DUAL_BANK/SourceFiles" -I"C:/Users/mehme/Embedded Systems/FOTA/stm32l152ret6_esp8266_bootloader/STM32CubeIDE-LL/FOTA_DUAL_BANK/Inc/CMSIS" -I"C:/Users/mehme/Embedded Systems/FOTA/stm32l152ret6_esp8266_bootloader/STM32CubeIDE-LL/FOTA_DUAL_BANK/Inc/ST" -I"C:/Users/mehme/Embedded Systems/FOTA/stm32l152ret6_esp8266_bootloader/STM32CubeIDE-LL/FOTA_DUAL_BANK/SourceFiles/CRC" -I"C:/Users/mehme/Embedded Systems/FOTA/stm32l152ret6_esp8266_bootloader/STM32CubeIDE-LL/FOTA_DUAL_BANK/SourceFiles/ESP8266" -I"C:/Users/mehme/Embedded Systems/FOTA/stm32l152ret6_esp8266_bootloader/STM32CubeIDE-LL/FOTA_DUAL_BANK/SourceFiles/FLASH" -I"C:/Users/mehme/Embedded Systems/FOTA/stm32l152ret6_esp8266_bootloader/STM32CubeIDE-LL/FOTA_DUAL_BANK/SourceFiles/GPIO" -I"C:/Users/mehme/Embedded Systems/FOTA/stm32l152ret6_esp8266_bootloader/STM32CubeIDE-LL/FOTA_DUAL_BANK/SourceFiles/MY_PROTOCOL" -I"C:/Users/mehme/Embedded Systems/FOTA/stm32l152ret6_esp8266_bootloader/STM32CubeIDE-LL/FOTA_DUAL_BANK/SourceFiles/SYSTEM_TIMER" -I"C:/Users/mehme/Embedded Systems/FOTA/stm32l152ret6_esp8266_bootloader/STM32CubeIDE-LL/FOTA_DUAL_BANK/SourceFiles/UART" -O0 -ffunction-sections -fdata-sections -Wall -fstack-usage -MMD -MP -MF"SourceFiles/UART/Uart_Comm.d" -MT"SourceFiles/UART/Uart_Comm.o" --specs=nano.specs -mfloat-abi=soft -mthumb -o "SourceFiles/UART/Uart_Comm.o"
arm-none-eabi-gcc "../SourceFiles/SYSTEM_TIMER/Sys_Timer.c" -mcpu=cortex-m3 -std=gnu11 -g3 -DDEBUG -DSTM32L1 -DSTM32 -DSTM32L152RETx -c -I../Inc -I"C:/Users/mehme/Embedded Systems/FOTA/stm32l152ret6_esp8266_bootloader/STM32CubeIDE-LL/FOTA_DUAL_BANK/SourceFiles" -I"C:/Users/mehme/Embedded Systems/FOTA/stm32l152ret6_esp8266_bootloader/STM32CubeIDE-LL/FOTA_DUAL_BANK/Inc/CMSIS" -I"C:/Users/mehme/Embedded Systems/FOTA/stm32l152ret6_esp8266_bootloader/STM32CubeIDE-LL/FOTA_DUAL_BANK/Inc/ST" -I"C:/Users/mehme/Embedded Systems/FOTA/stm32l152ret6_esp8266_bootloader/STM32CubeIDE-LL/FOTA_DUAL_BANK/SourceFiles/CRC" -I"C:/Users/mehme/Embedded Systems/FOTA/stm32l152ret6_esp8266_bootloader/STM32CubeIDE-LL/FOTA_DUAL_BANK/SourceFiles/ESP8266" -I"C:/Users/mehme/Embedded Systems/FOTA/stm32l152ret6_esp8266_bootloader/STM32CubeIDE-LL/FOTA_DUAL_BANK/SourceFiles/FLASH" -I"C:/Users/mehme/Embedded Systems/FOTA/stm32l152ret6_esp8266_bootloader/STM32CubeIDE-LL/FOTA_DUAL_BANK/SourceFiles/GPIO" -I"C:/Users/mehme/Embedded Systems/FOTA/stm32l152ret6_esp8266_bootloader/STM32CubeIDE-LL/FOTA_DUAL_BANK/SourceFiles/MY_PROTOCOL" -I"C:/Users/mehme/Embedded Systems/FOTA/stm32l152ret6_esp8266_bootloader/STM32CubeIDE-LL/FOTA_DUAL_BANK/SourceFiles/SYSTEM_TIMER" -I"C:/Users/mehme/Embedded Systems/FOTA/stm32l152ret6_esp8266_bootloader/STM32CubeIDE-LL/FOTA_DUAL_BANK/SourceFiles/UART" -O0 -ffunction-sections -fdata-sections -Wall -fstack-usage -MMD -MP -MF"SourceFiles/SYSTEM_TIMER/Sys_Timer.d" -MT"SourceFiles/SYSTEM_TIMER/Sys_Timer.o" --specs=nano.specs -mfloat-abi=soft -mthumb -o "SourceFiles/SYSTEM_TIMER/Sys_Timer.o"
arm-none-eabi-gcc "../SourceFiles/MY_PROTOCOL/My_Protocol.c" -mcpu=cortex-m3 -std=gnu11 -g3 -DDEBUG -DSTM32L1 -DSTM32 -DSTM32L152RETx -c -I../Inc -I"C:/Users/mehme/Embedded Systems/FOTA/stm32l152ret6_esp8266_bootloader/STM32CubeIDE-LL/FOTA_DUAL_BANK/SourceFiles" -I"C:/Users/mehme/Embedded Systems/FOTA/stm32l152ret6_esp8266_bootloader/STM32CubeIDE-LL/FOTA_DUAL_BANK/Inc/CMSIS" -I"C:/Users/mehme/Embedded Systems/FOTA/stm32l152ret6_esp8266_bootloader/STM32CubeIDE-LL/FOTA_DUAL_BANK/Inc/ST" -I"C:/Users/mehme/Embedded Systems/FOTA/stm32l152ret6_esp8266_bootloader/STM32CubeIDE-LL/FOTA_DUAL_BANK/SourceFiles/CRC" -I"C:/Users/mehme/Embedded Systems/FOTA/stm32l152ret6_esp8266_bootloader/STM32CubeIDE-LL/FOTA_DUAL_BANK/SourceFiles/ESP8266" -I"C:/Users/mehme/Embedded Systems/FOTA/stm32l152ret6_esp8266_bootloader/STM32CubeIDE-LL/FOTA_DUAL_BANK/SourceFiles/FLASH" -I"C:/Users/mehme/Embedded Systems/FOTA/stm32l152ret6_esp8266_bootloader/STM32CubeIDE-LL/FOTA_DUAL_BANK/SourceFiles/GPIO" -I"C:/Users/mehme/Embedded Systems/FOTA/stm32l152ret6_esp8266_bootloader/STM32CubeIDE-LL/FOTA_DUAL_BANK/SourceFiles/MY_PROTOCOL" -I"C:/Users/mehme/Embedded Systems/FOTA/stm32l152ret6_esp8266_bootloader/STM32CubeIDE-LL/FOTA_DUAL_BANK/SourceFiles/SYSTEM_TIMER" -I"C:/Users/mehme/Embedded Systems/FOTA/stm32l152ret6_esp8266_bootloader/STM32CubeIDE-LL/FOTA_DUAL_BANK/SourceFiles/UART" -O0 -ffunction-sections -fdata-sections -Wall -fstack-usage -MMD -MP -MF"SourceFiles/MY_PROTOCOL/My_Protocol.d" -MT"SourceFiles/MY_PROTOCOL/My_Protocol.o" --specs=nano.specs -mfloat-abi=soft -mthumb -o "SourceFiles/MY_PROTOCOL/My_Protocol.o"
arm-none-eabi-gcc "../SourceFiles/GPIO/Gpio.c" -mcpu=cortex-m3 -std=gnu11 -g3 -DDEBUG -DSTM32L1 -DSTM32 -DSTM32L152RETx -c -I../Inc -I"C:/Users/mehme/Embedded Systems/FOTA/stm32l152ret6_esp8266_bootloader/STM32CubeIDE-LL/FOTA_DUAL_BANK/SourceFiles" -I"C:/Users/mehme/Embedded Systems/FOTA/stm32l152ret6_esp8266_bootloader/STM32CubeIDE-LL/FOTA_DUAL_BANK/Inc/CMSIS" -I"C:/Users/mehme/Embedded Systems/FOTA/stm32l152ret6_esp8266_bootloader/STM32CubeIDE-LL/FOTA_DUAL_BANK/Inc/ST" -I"C:/Users/mehme/Embedded Systems/FOTA/stm32l152ret6_esp8266_bootloader/STM32CubeIDE-LL/FOTA_DUAL_BANK/SourceFiles/CRC" -I"C:/Users/mehme/Embedded Systems/FOTA/stm32l152ret6_esp8266_bootloader/STM32CubeIDE-LL/FOTA_DUAL_BANK/SourceFiles/ESP8266" -I"C:/Users/mehme/Embedded Systems/FOTA/stm32l152ret6_esp8266_bootloader/STM32CubeIDE-LL/FOTA_DUAL_BANK/SourceFiles/FLASH" -I"C:/Users/mehme/Embedded Systems/FOTA/stm32l152ret6_esp8266_bootloader/STM32CubeIDE-LL/FOTA_DUAL_BANK/SourceFiles/GPIO" -I"C:/Users/mehme/Embedded Systems/FOTA/stm32l152ret6_esp8266_bootloader/STM32CubeIDE-LL/FOTA_DUAL_BANK/SourceFiles/MY_PROTOCOL" -I"C:/Users/mehme/Embedded Systems/FOTA/stm32l152ret6_esp8266_bootloader/STM32CubeIDE-LL/FOTA_DUAL_BANK/SourceFiles/SYSTEM_TIMER" -I"C:/Users/mehme/Embedded Systems/FOTA/stm32l152ret6_esp8266_bootloader/STM32CubeIDE-LL/FOTA_DUAL_BANK/SourceFiles/UART" -O0 -ffunction-sections -fdata-sections -Wall -fstack-usage -MMD -MP -MF"SourceFiles/GPIO/Gpio.d" -MT"SourceFiles/GPIO/Gpio.o" --specs=nano.specs -mfloat-abi=soft -mthumb -o "SourceFiles/GPIO/Gpio.o"
arm-none-eabi-gcc "../SourceFiles/FLASH/Flash_Unit.c" -mcpu=cortex-m3 -std=gnu11 -g3 -DDEBUG -DSTM32L1 -DSTM32 -DSTM32L152RETx -c -I../Inc -I"C:/Users/mehme/Embedded Systems/FOTA/stm32l152ret6_esp8266_bootloader/STM32CubeIDE-LL/FOTA_DUAL_BANK/SourceFiles" -I"C:/Users/mehme/Embedded Systems/FOTA/stm32l152ret6_esp8266_bootloader/STM32CubeIDE-LL/FOTA_DUAL_BANK/Inc/CMSIS" -I"C:/Users/mehme/Embedded Systems/FOTA/stm32l152ret6_esp8266_bootloader/STM32CubeIDE-LL/FOTA_DUAL_BANK/Inc/ST" -I"C:/Users/mehme/Embedded Systems/FOTA/stm32l152ret6_esp8266_bootloader/STM32CubeIDE-LL/FOTA_DUAL_BANK/SourceFiles/CRC" -I"C:/Users/mehme/Embedded Systems/FOTA/stm32l152ret6_esp8266_bootloader/STM32CubeIDE-LL/FOTA_DUAL_BANK/SourceFiles/ESP8266" -I"C:/Users/mehme/Embedded Systems/FOTA/stm32l152ret6_esp8266_bootloader/STM32CubeIDE-LL/FOTA_DUAL_BANK/SourceFiles/FLASH" -I"C:/Users/mehme/Embedded Systems/FOTA/stm32l152ret6_esp8266_bootloader/STM32CubeIDE-LL/FOTA_DUAL_BANK/SourceFiles/GPIO" -I"C:/Users/mehme/Embedded Systems/FOTA/stm32l152ret6_esp8266_bootloader/STM32CubeIDE-LL/FOTA_DUAL_BANK/SourceFiles/MY_PROTOCOL" -I"C:/Users/mehme/Embedded Systems/FOTA/stm32l152ret6_esp8266_bootloader/STM32CubeIDE-LL/FOTA_DUAL_BANK/SourceFiles/SYSTEM_TIMER" -I"C:/Users/mehme/Embedded Systems/FOTA/stm32l152ret6_esp8266_bootloader/STM32CubeIDE-LL/FOTA_DUAL_BANK/SourceFiles/UART" -O0 -ffunction-sections -fdata-sections -Wall -fstack-usage -MMD -MP -MF"SourceFiles/FLASH/Flash_Unit.d" -MT"SourceFiles/FLASH/Flash_Unit.o" --specs=nano.specs -mfloat-abi=soft -mthumb -o "SourceFiles/FLASH/Flash_Unit.o"
arm-none-eabi-gcc "../SourceFiles/ESP8266/Esp8266.c" -mcpu=cortex-m3 -std=gnu11 -g3 -DDEBUG -DSTM32L1 -DSTM32 -DSTM32L152RETx -c -I../Inc -I"C:/Users/mehme/Embedded Systems/FOTA/stm32l152ret6_esp8266_bootloader/STM32CubeIDE-LL/FOTA_DUAL_BANK/SourceFiles" -I"C:/Users/mehme/Embedded Systems/FOTA/stm32l152ret6_esp8266_bootloader/STM32CubeIDE-LL/FOTA_DUAL_BANK/Inc/CMSIS" -I"C:/Users/mehme/Embedded Systems/FOTA/stm32l152ret6_esp8266_bootloader/STM32CubeIDE-LL/FOTA_DUAL_BANK/Inc/ST" -I"C:/Users/mehme/Embedded Systems/FOTA/stm32l152ret6_esp8266_bootloader/STM32CubeIDE-LL/FOTA_DUAL_BANK/SourceFiles/CRC" -I"C:/Users/mehme/Embedded Systems/FOTA/stm32l152ret6_esp8266_bootloader/STM32CubeIDE-LL/FOTA_DUAL_BANK/SourceFiles/ESP8266" -I"C:/Users/mehme/Embedded Systems/FOTA/stm32l152ret6_esp8266_bootloader/STM32CubeIDE-LL/FOTA_DUAL_BANK/SourceFiles/FLASH" -I"C:/Users/mehme/Embedded Systems/FOTA/stm32l152ret6_esp8266_bootloader/STM32CubeIDE-LL/FOTA_DUAL_BANK/SourceFiles/GPIO" -I"C:/Users/mehme/Embedded Systems/FOTA/stm32l152ret6_esp8266_bootloader/STM32CubeIDE-LL/FOTA_DUAL_BANK/SourceFiles/MY_PROTOCOL" -I"C:/Users/mehme/Embedded Systems/FOTA/stm32l152ret6_esp8266_bootloader/STM32CubeIDE-LL/FOTA_DUAL_BANK/SourceFiles/SYSTEM_TIMER" -I"C:/Users/mehme/Embedded Systems/FOTA/stm32l152ret6_esp8266_bootloader/STM32CubeIDE-LL/FOTA_DUAL_BANK/SourceFiles/UART" -O0 -ffunction-sections -fdata-sections -Wall -fstack-usage -MMD -MP -MF"SourceFiles/ESP8266/Esp8266.d" -MT"SourceFiles/ESP8266/Esp8266.o" --specs=nano.specs -mfloat-abi=soft -mthumb -o "SourceFiles/ESP8266/Esp8266.o"
arm-none-eabi-gcc "../SourceFiles/ESP8266/Esp8266_Config.c" -mcpu=cortex-m3 -std=gnu11 -g3 -DDEBUG -DSTM32L1 -DSTM32 -DSTM32L152RETx -c -I../Inc -I"C:/Users/mehme/Embedded Systems/FOTA/stm32l152ret6_esp8266_bootloader/STM32CubeIDE-LL/FOTA_DUAL_BANK/SourceFiles" -I"C:/Users/mehme/Embedded Systems/FOTA/stm32l152ret6_esp8266_bootloader/STM32CubeIDE-LL/FOTA_DUAL_BANK/Inc/CMSIS" -I"C:/Users/mehme/Embedded Systems/FOTA/stm32l152ret6_esp8266_bootloader/STM32CubeIDE-LL/FOTA_DUAL_BANK/Inc/ST" -I"C:/Users/mehme/Embedded Systems/FOTA/stm32l152ret6_esp8266_bootloader/STM32CubeIDE-LL/FOTA_DUAL_BANK/SourceFiles/CRC" -I"C:/Users/mehme/Embedded Systems/FOTA/stm32l152ret6_esp8266_bootloader/STM32CubeIDE-LL/FOTA_DUAL_BANK/SourceFiles/ESP8266" -I"C:/Users/mehme/Embedded Systems/FOTA/stm32l152ret6_esp8266_bootloader/STM32CubeIDE-LL/FOTA_DUAL_BANK/SourceFiles/FLASH" -I"C:/Users/mehme/Embedded Systems/FOTA/stm32l152ret6_esp8266_bootloader/STM32CubeIDE-LL/FOTA_DUAL_BANK/SourceFiles/GPIO" -I"C:/Users/mehme/Embedded Systems/FOTA/stm32l152ret6_esp8266_bootloader/STM32CubeIDE-LL/FOTA_DUAL_BANK/SourceFiles/MY_PROTOCOL" -I"C:/Users/mehme/Embedded Systems/FOTA/stm32l152ret6_esp8266_bootloader/STM32CubeIDE-LL/FOTA_DUAL_BANK/SourceFiles/SYSTEM_TIMER" -I"C:/Users/mehme/Embedded Systems/FOTA/stm32l152ret6_esp8266_bootloader/STM32CubeIDE-LL/FOTA_DUAL_BANK/SourceFiles/UART" -O0 -ffunction-sections -fdata-sections -Wall -fstack-usage -MMD -MP -MF"SourceFiles/ESP8266/Esp8266_Config.d" -MT"SourceFiles/ESP8266/Esp8266_Config.o" --specs=nano.specs -mfloat-abi=soft -mthumb -o "SourceFiles/ESP8266/Esp8266_Config.o"
arm-none-eabi-gcc "../SourceFiles/CRC/CRC_Calculation.c" -mcpu=cortex-m3 -std=gnu11 -g3 -DDEBUG -DSTM32L1 -DSTM32 -DSTM32L152RETx -c -I../Inc -I"C:/Users/mehme/Embedded Systems/FOTA/stm32l152ret6_esp8266_bootloader/STM32CubeIDE-LL/FOTA_DUAL_BANK/SourceFiles" -I"C:/Users/mehme/Embedded Systems/FOTA/stm32l152ret6_esp8266_bootloader/STM32CubeIDE-LL/FOTA_DUAL_BANK/Inc/CMSIS" -I"C:/Users/mehme/Embedded Systems/FOTA/stm32l152ret6_esp8266_bootloader/STM32CubeIDE-LL/FOTA_DUAL_BANK/Inc/ST" -I"C:/Users/mehme/Embedded Systems/FOTA/stm32l152ret6_esp8266_bootloader/STM32CubeIDE-LL/FOTA_DUAL_BANK/SourceFiles/CRC" -I"C:/Users/mehme/Embedded Systems/FOTA/stm32l152ret6_esp8266_bootloader/STM32CubeIDE-LL/FOTA_DUAL_BANK/SourceFiles/ESP8266" -I"C:/Users/mehme/Embedded Systems/FOTA/stm32l152ret6_esp8266_bootloader/STM32CubeIDE-LL/FOTA_DUAL_BANK/SourceFiles/FLASH" -I"C:/Users/mehme/Embedded Systems/FOTA/stm32l152ret6_esp8266_bootloader/STM32CubeIDE-LL/FOTA_DUAL_BANK/SourceFiles/GPIO" -I"C:/Users/mehme/Embedded Systems/FOTA/stm32l152ret6_esp8266_bootloader/STM32CubeIDE-LL/FOTA_DUAL_BANK/SourceFiles/MY_PROTOCOL" -I"C:/Users/mehme/Embedded Systems/FOTA/stm32l152ret6_esp8266_bootloader/STM32CubeIDE-LL/FOTA_DUAL_BANK/SourceFiles/SYSTEM_TIMER" -I"C:/Users/mehme/Embedded Systems/FOTA/stm32l152ret6_esp8266_bootloader/STM32CubeIDE-LL/FOTA_DUAL_BANK/SourceFiles/UART" -O0 -ffunction-sections -fdata-sections -Wall -fstack-usage -MMD -MP -MF"SourceFiles/CRC/CRC_Calculation.d" -MT"SourceFiles/CRC/CRC_Calculation.o" --specs=nano.specs -mfloat-abi=soft -mthumb -o "SourceFiles/CRC/CRC_Calculation.o"
../SourceFiles/FLASH/Flash_Unit.c: In function 'FLASH_Init':
../SourceFiles/FLASH/Flash_Unit.c:36:22: warning: variable 'Lock_Status' set but not used [-Wunused-but-set-variable]
   36 |  FLASH_LOCK_STATUS_t Lock_Status = LOCKED;
      |                      ^~~~~~~~~~~
../SourceFiles/ESP8266/Esp8266.c:27:38: warning: missing braces around initializer [-Wmissing-braces]
   27 |  Circular_Buffer_t Circular_Buffer = {10, 0, 0, 0, 0U};
      |                                      ^
      |                                                    {{}}
../SourceFiles/ESP8266/Esp8266.c: In function 'ESP8266_Main':
../SourceFiles/ESP8266/Esp8266.c:227:61: warning: format '%X' expects argument of type 'unsigned int', but argument 3 has type 'uint32_t' {aka 'long unsigned int'} [-Wformat=]
  227 |        Message.Length = sprintf(Message.Command, "READ: 0x%4X  0x%4X\r\n", ReadData[0], ReadData[1]);
      |                                                           ~~^              ~~~~~~~~~~~
      |                                                             |                      |
      |                                                             unsigned int           uint32_t {aka long unsigned int}
      |                                                           %4lX
../SourceFiles/ESP8266/Esp8266.c:227:68: warning: format '%X' expects argument of type 'unsigned int', but argument 4 has type 'uint32_t' {aka 'long unsigned int'} [-Wformat=]
  227 |        Message.Length = sprintf(Message.Command, "READ: 0x%4X  0x%4X\r\n", ReadData[0], ReadData[1]);
      |                                                                  ~~^                    ~~~~~~~~~~~
      |                                                                    |                            |
      |                                                                    unsigned int                 uint32_t {aka long unsigned int}
      |                                                                  %4lX
../SourceFiles/ESP8266/Esp8266.c: In function 'ESP8266_CreateUDP_transmission':
../SourceFiles/ESP8266/Esp8266.c:106:17: warning: 'sprintf' may write a terminating nul past the end of the destination [-Wformat-overflow=]
  106 |   Temp.Length = sprintf(Temp.Command , "%s,\"%s\",%d,%d\r\n", Cmd->Command, Config->Destination_IP, Config->Destination_Port, Config->Local_Port);
      |                 ^~~~~~~~~~~~~~~~~~~~~~~~~~~~~~~~~~~~~~~~~~~~~~~~~~~~~~~~~~~~~~~~~~~~~~~~~~~~~~~~~~~~~~~~~~~~~~~~~~~~~~~~~~~~~~~~~~~~~~~~~~~~~~~~~
../SourceFiles/ESP8266/Esp8266.c:106:17: note: 'sprintf' output 10 or more bytes (assuming 57) into a destination of size 56
arm-none-eabi-gcc -o "FOTA_DUAL_BANK.elf" @"objects.list"   -mcpu=cortex-m3 -T"C:\Users\mehme\Embedded Systems\FOTA\stm32l152ret6_esp8266_bootloader\STM32CubeIDE-LL\FOTA_DUAL_BANK\STM32L152RETX_FLASH.ld" --specs=nosys.specs -Wl,-Map="FOTA_DUAL_BANK.map" -Wl,--gc-sections -static --specs=nano.specs -mfloat-abi=soft -mthumb -Wl,--start-group -lc -lm -Wl,--end-group
Finished building target: FOTA_DUAL_BANK.elf
 
arm-none-eabi-size   FOTA_DUAL_BANK.elf 
arm-none-eabi-objdump -h -S  FOTA_DUAL_BANK.elf  > "FOTA_DUAL_BANK.list"
   text	   data	    bss	    dec	    hex	filename
   7270	   1832	   2176	  11278	   2c0e	FOTA_DUAL_BANK.elf
Finished building: default.size.stdout
 
Finished building: FOTA_DUAL_BANK.list
 
23:24:33 **** Incremental Build of configuration Debug for project FOTA_DUAL_BANK ****
make -j16 all 
arm-none-eabi-size   FOTA_DUAL_BANK.elf 
   text	   data	    bss	    dec	    hex	filename
   7270	   1832	   2176	  11278	   2c0e	FOTA_DUAL_BANK.elf
Finished building: default.size.stdout
 
23:24:39 **** Incremental Build of configuration Debug for project FOTA_DUAL_BANK ****
make -j16 all 
arm-none-eabi-size   FOTA_DUAL_BANK.elf 
   text	   data	    bss	    dec	    hex	filename
   7270	   1832	   2176	  11278	   2c0e	FOTA_DUAL_BANK.elf
Finished building: default.size.stdout
 
23:24:55 **** Incremental Build of configuration Debug for project FOTA_DUAL_BANK ****
make -j16 all 
arm-none-eabi-size   FOTA_DUAL_BANK.elf 
   text	   data	    bss	    dec	    hex	filename
   7270	   1832	   2176	  11278	   2c0e	FOTA_DUAL_BANK.elf
Finished building: default.size.stdout
 
