Component: ARM Compiler 6.16 Tool: armlink [5dfeaa00]

==============================================================================

Section Cross References

    main.o(.text.main) refers to sys_timer.o(.text.Init_System_Timer) for Init_System_Timer
    main.o(.text.main) refers to uart.o(.text.Init_Uart_For_Communication) for Init_Uart_For_Communication
    main.o(.text.main) refers to gpio.o(.text.Init_User_Led) for Init_User_Led
    main.o(.text.main) refers to gpio.o(.text.Set_User_Led) for Set_User_Led
    main.o(.text.main) refers to esp8266.o(.text.ESP8266_Echo_Off) for ESP8266_Echo_Off
    main.o(.text.main) refers to esp8266.o(.text.ESP8266_Test) for ESP8266_Test
    main.o(.text.main) refers to gpio.o(.text.Reset_User_Led) for Reset_User_Led
    main.o(.text.main) refers to esp8266.o(.text.ESP8266_Version) for ESP8266_Version
    main.o(.ARM.exidx.text.main) refers to main.o(.text.main) for [Anonymous Symbol]
    gpio.o(.ARM.exidx.text.Init_User_Led) refers to gpio.o(.text.Init_User_Led) for [Anonymous Symbol]
    gpio.o(.ARM.exidx.text.Set_User_Led) refers to gpio.o(.text.Set_User_Led) for [Anonymous Symbol]
    gpio.o(.ARM.exidx.text.Reset_User_Led) refers to gpio.o(.text.Reset_User_Led) for [Anonymous Symbol]
    sys_timer.o(.text.Elapsed_Time_In_Miliseconds) refers to sys_timer.o(.bss.Internal_Counter) for Internal_Counter
    sys_timer.o(.text.Elapsed_Time_In_Miliseconds) refers to sys_timer.o(.text.Disable_Timeout_Counter) for Disable_Timeout_Counter
    sys_timer.o(.ARM.exidx.text.Elapsed_Time_In_Miliseconds) refers to sys_timer.o(.text.Elapsed_Time_In_Miliseconds) for [Anonymous Symbol]
    sys_timer.o(.ARM.exidx.text.Disable_Timeout_Counter) refers to sys_timer.o(.text.Disable_Timeout_Counter) for [Anonymous Symbol]
    sys_timer.o(.ARM.exidx.text.Enable_Timeout_Counter) refers to sys_timer.o(.text.Enable_Timeout_Counter) for [Anonymous Symbol]
    sys_timer.o(.text.Init_System_Timer) refers to sys_timer.o(.text.Enable_Timeout_Counter) for Enable_Timeout_Counter
    sys_timer.o(.ARM.exidx.text.Init_System_Timer) refers to sys_timer.o(.text.Init_System_Timer) for [Anonymous Symbol]
    sys_timer.o(.text.SysTick_Handler) refers to sys_timer.o(.bss.Internal_Counter) for Internal_Counter
    sys_timer.o(.text.SysTick_Handler) refers to esp8266.o(.text.ESP8266_Main) for ESP8266_Main
    sys_timer.o(.ARM.exidx.text.SysTick_Handler) refers to sys_timer.o(.text.SysTick_Handler) for [Anonymous Symbol]
    uart.o(.text.Init_Uart_For_Communication) refers to uart.o(.text.Init_Uart_For_Esp8266) for Init_Uart_For_Esp8266
    uart.o(.text.Init_Uart_For_Communication) refers to uart.o(.text.Init_Uart_For_Debug) for Init_Uart_For_Debug
    uart.o(.ARM.exidx.text.Init_Uart_For_Communication) refers to uart.o(.text.Init_Uart_For_Communication) for [Anonymous Symbol]
    uart.o(.text.Init_Uart_For_Esp8266) refers to uart.o(.text.__NVIC_EnableIRQ) for __NVIC_EnableIRQ
    uart.o(.ARM.exidx.text.Init_Uart_For_Esp8266) refers to uart.o(.text.Init_Uart_For_Esp8266) for [Anonymous Symbol]
    uart.o(.text.Init_Uart_For_Debug) refers to uart.o(.text.__NVIC_EnableIRQ) for __NVIC_EnableIRQ
    uart.o(.ARM.exidx.text.Init_Uart_For_Debug) refers to uart.o(.text.Init_Uart_For_Debug) for [Anonymous Symbol]
    uart.o(.ARM.exidx.text.__NVIC_EnableIRQ) refers to uart.o(.text.__NVIC_EnableIRQ) for [Anonymous Symbol]
    uart_comm.o(.text.USART3_IRQHandler) refers to uart_comm.o(.bss.ESP8266_Response_Length) for ESP8266_Response_Length
    uart_comm.o(.text.USART3_IRQHandler) refers to uart_comm.o(.bss.ESP8266_Response_Buffer) for ESP8266_Response_Buffer
    uart_comm.o(.text.USART3_IRQHandler) refers to esp8266.o(.text.ESP8266_Process_Response) for ESP8266_Process_Response
    uart_comm.o(.ARM.exidx.text.USART3_IRQHandler) refers to uart_comm.o(.text.USART3_IRQHandler) for [Anonymous Symbol]
    uart_comm.o(.text.USART2_IRQHandler) refers to uart_comm.o(.bss.Debug_Response_Length) for Debug_Response_Length
    uart_comm.o(.text.USART2_IRQHandler) refers to uart_comm.o(.bss.Debug_Response_Buffer) for Debug_Response_Buffer
    uart_comm.o(.text.USART2_IRQHandler) refers to uart_comm.o(.text.Uart_Send_Command) for Uart_Send_Command
    uart_comm.o(.ARM.exidx.text.USART2_IRQHandler) refers to uart_comm.o(.text.USART2_IRQHandler) for [Anonymous Symbol]
    uart_comm.o(.text.Uart_Send_Command) refers to uart_comm.o(.text.Uart_Send_Char) for Uart_Send_Char
    uart_comm.o(.ARM.exidx.text.Uart_Send_Command) refers to uart_comm.o(.text.Uart_Send_Command) for [Anonymous Symbol]
    uart_comm.o(.text.Uart_Send_Debug_Message) refers to uart_comm.o(.text.Uart_Send_Char) for Uart_Send_Char
    uart_comm.o(.ARM.exidx.text.Uart_Send_Debug_Message) refers to uart_comm.o(.text.Uart_Send_Debug_Message) for [Anonymous Symbol]
    uart_comm.o(.ARM.exidx.text.Uart_Send_Char) refers to uart_comm.o(.text.Uart_Send_Char) for [Anonymous Symbol]
    esp8266_config.o(.data.ESP8266_Command) refers to esp8266_config.o(.rodata.str1.1) for [Anonymous Symbol]
    esp8266.o(.text.ESP8266_Test) refers to esp8266_config.o(.data.ESP8266_Command) for ESP8266_Command
    esp8266.o(.text.ESP8266_Test) refers to uart_comm.o(.text.Uart_Send_Command) for Uart_Send_Command
    esp8266.o(.ARM.exidx.text.ESP8266_Test) refers to esp8266.o(.text.ESP8266_Test) for [Anonymous Symbol]
    esp8266.o(.text.ESP8266_Version) refers to esp8266_config.o(.data.ESP8266_Command) for ESP8266_Command
    esp8266.o(.text.ESP8266_Version) refers to uart_comm.o(.text.Uart_Send_Command) for Uart_Send_Command
    esp8266.o(.ARM.exidx.text.ESP8266_Version) refers to esp8266.o(.text.ESP8266_Version) for [Anonymous Symbol]
    esp8266.o(.text.ESP8266_Echo_Off) refers to esp8266_config.o(.data.ESP8266_Command) for ESP8266_Command
    esp8266.o(.text.ESP8266_Echo_Off) refers to uart_comm.o(.text.Uart_Send_Command) for Uart_Send_Command
    esp8266.o(.ARM.exidx.text.ESP8266_Echo_Off) refers to esp8266.o(.text.ESP8266_Echo_Off) for [Anonymous Symbol]
    esp8266.o(.text.ESP8266_Process_Response) refers to esp8266.o(.data.Circular_Buffer) for Circular_Buffer
    esp8266.o(.ARM.exidx.text.ESP8266_Process_Response) refers to esp8266.o(.text.ESP8266_Process_Response) for [Anonymous Symbol]
    esp8266.o(.text.ESP8266_Main) refers to esp8266.o(.data.Circular_Buffer) for Circular_Buffer
    esp8266.o(.text.ESP8266_Main) refers to uart_comm.o(.text.Uart_Send_Debug_Message) for Uart_Send_Debug_Message
    esp8266.o(.ARM.exidx.text.ESP8266_Main) refers to esp8266.o(.text.ESP8266_Main) for [Anonymous Symbol]
    esp8266.o(.data.Response) refers to esp8266_config.o(.data.ESP8266_Config) for ESP8266_Config
    startup_stm32l152xe.o(STACK) refers (Special) to heapauxi.o(.text) for __use_two_region_memory
    startup_stm32l152xe.o(HEAP) refers (Special) to heapauxi.o(.text) for __use_two_region_memory
    startup_stm32l152xe.o(RESET) refers (Special) to heapauxi.o(.text) for __use_two_region_memory
    startup_stm32l152xe.o(RESET) refers to startup_stm32l152xe.o(STACK) for __initial_sp
    startup_stm32l152xe.o(RESET) refers to startup_stm32l152xe.o(.text) for Reset_Handler
    startup_stm32l152xe.o(RESET) refers to sys_timer.o(.text.SysTick_Handler) for SysTick_Handler
    startup_stm32l152xe.o(RESET) refers to uart_comm.o(.text.USART2_IRQHandler) for USART2_IRQHandler
    startup_stm32l152xe.o(RESET) refers to uart_comm.o(.text.USART3_IRQHandler) for USART3_IRQHandler
    startup_stm32l152xe.o(.text) refers (Special) to heapauxi.o(.text) for __use_two_region_memory
    startup_stm32l152xe.o(.text) refers to system_stm32l1xx.o(.text.SystemInit) for SystemInit
    startup_stm32l152xe.o(.text) refers to __main.o(!!!main) for __main
    startup_stm32l152xe.o(.text) refers to startup_stm32l152xe.o(HEAP) for Heap_Mem
    startup_stm32l152xe.o(.text) refers to startup_stm32l152xe.o(STACK) for Stack_Mem
    system_stm32l1xx.o(.ARM.exidx.text.SystemInit) refers to system_stm32l1xx.o(.text.SystemInit) for [Anonymous Symbol]
    system_stm32l1xx.o(.text.SystemCoreClockUpdate) refers to system_stm32l1xx.o(.rodata.PLLMulTable) for PLLMulTable
    system_stm32l1xx.o(.text.SystemCoreClockUpdate) refers to system_stm32l1xx.o(.data.SystemCoreClock) for SystemCoreClock
    system_stm32l1xx.o(.text.SystemCoreClockUpdate) refers to system_stm32l1xx.o(.rodata.AHBPrescTable) for AHBPrescTable
    system_stm32l1xx.o(.ARM.exidx.text.SystemCoreClockUpdate) refers to system_stm32l1xx.o(.text.SystemCoreClockUpdate) for [Anonymous Symbol]
    __main.o(!!!main) refers to __rtentry.o(.ARM.Collect$$rtentry$$00000000) for __rt_entry
    __rtentry.o(.ARM.Collect$$rtentry$$00000000) refers (Special) to __rtentry2.o(.ARM.Collect$$rtentry$$0000000A) for __rt_entry_li
    __rtentry.o(.ARM.Collect$$rtentry$$00000000) refers (Special) to __rtentry2.o(.ARM.Collect$$rtentry$$0000000D) for __rt_entry_main
    __rtentry.o(.ARM.Collect$$rtentry$$00000000) refers (Special) to __rtentry2.o(.ARM.Collect$$rtentry$$0000000C) for __rt_entry_postli_1
    __rtentry.o(.ARM.Collect$$rtentry$$00000000) refers (Special) to __rtentry2.o(.ARM.Collect$$rtentry$$00000009) for __rt_entry_postsh_1
    __rtentry.o(.ARM.Collect$$rtentry$$00000000) refers (Special) to __rtentry2.o(.ARM.Collect$$rtentry$$00000002) for __rt_entry_presh_1
    __rtentry.o(.ARM.Collect$$rtentry$$00000000) refers (Special) to __rtentry4.o(.ARM.Collect$$rtentry$$00000004) for __rt_entry_sh
    __rtentry2.o(.ARM.Collect$$rtentry$$00000008) refers to boardinit2.o(.text) for _platform_post_stackheap_init
    __rtentry2.o(.ARM.Collect$$rtentry$$0000000A) refers to libinit.o(.ARM.Collect$$libinit$$00000000) for __rt_lib_init
    __rtentry2.o(.ARM.Collect$$rtentry$$0000000B) refers to boardinit3.o(.text) for _platform_post_lib_init
    __rtentry2.o(.ARM.Collect$$rtentry$$0000000D) refers to main.o(.text.main) for main
    __rtentry2.o(.ARM.Collect$$rtentry$$0000000D) refers to exit.o(.text) for exit
    __rtentry2.o(.ARM.exidx) refers to __rtentry2.o(.ARM.Collect$$rtentry$$00000001) for .ARM.Collect$$rtentry$$00000001
    __rtentry2.o(.ARM.exidx) refers to __rtentry2.o(.ARM.Collect$$rtentry$$00000008) for .ARM.Collect$$rtentry$$00000008
    __rtentry2.o(.ARM.exidx) refers to __rtentry2.o(.ARM.Collect$$rtentry$$0000000A) for .ARM.Collect$$rtentry$$0000000A
    __rtentry2.o(.ARM.exidx) refers to __rtentry2.o(.ARM.Collect$$rtentry$$0000000B) for .ARM.Collect$$rtentry$$0000000B
    __rtentry2.o(.ARM.exidx) refers to __rtentry2.o(.ARM.Collect$$rtentry$$0000000D) for .ARM.Collect$$rtentry$$0000000D
    __rtentry4.o(.ARM.Collect$$rtentry$$00000004) refers to sys_stackheap_outer.o(.text) for __user_setup_stackheap
    __rtentry4.o(.ARM.exidx) refers to __rtentry4.o(.ARM.Collect$$rtentry$$00000004) for .ARM.Collect$$rtentry$$00000004
    sys_stackheap_outer.o(.text) refers to libspace.o(.text) for __user_perproc_libspace
    sys_stackheap_outer.o(.text) refers to startup_stm32l152xe.o(.text) for __user_initial_stackheap
    exit.o(.text) refers to rtexit.o(.ARM.Collect$$rtexit$$00000000) for __rt_exit
    libinit.o(.ARM.Collect$$libinit$$00000000) refers (Special) to libinit2.o(.ARM.Collect$$libinit$$0000002E) for __rt_lib_init_alloca_1
    libinit.o(.ARM.Collect$$libinit$$00000000) refers (Special) to libinit2.o(.ARM.Collect$$libinit$$0000002C) for __rt_lib_init_argv_1
    libinit.o(.ARM.Collect$$libinit$$00000000) refers (Special) to libinit2.o(.ARM.Collect$$libinit$$0000001B) for __rt_lib_init_atexit_1
    libinit.o(.ARM.Collect$$libinit$$00000000) refers (Special) to libinit2.o(.ARM.Collect$$libinit$$00000021) for __rt_lib_init_clock_1
    libinit.o(.ARM.Collect$$libinit$$00000000) refers (Special) to libinit2.o(.ARM.Collect$$libinit$$00000032) for __rt_lib_init_cpp_1
    libinit.o(.ARM.Collect$$libinit$$00000000) refers (Special) to libinit2.o(.ARM.Collect$$libinit$$00000030) for __rt_lib_init_exceptions_1
    libinit.o(.ARM.Collect$$libinit$$00000000) refers (Special) to libinit2.o(.ARM.Collect$$libinit$$00000002) for __rt_lib_init_fp_1
    libinit.o(.ARM.Collect$$libinit$$00000000) refers (Special) to libinit2.o(.ARM.Collect$$libinit$$0000001F) for __rt_lib_init_fp_trap_1
    libinit.o(.ARM.Collect$$libinit$$00000000) refers (Special) to libinit2.o(.ARM.Collect$$libinit$$00000023) for __rt_lib_init_getenv_1
    libinit.o(.ARM.Collect$$libinit$$00000000) refers (Special) to libinit2.o(.ARM.Collect$$libinit$$0000000A) for __rt_lib_init_heap_1
    libinit.o(.ARM.Collect$$libinit$$00000000) refers (Special) to libinit2.o(.ARM.Collect$$libinit$$00000011) for __rt_lib_init_lc_collate_1
    libinit.o(.ARM.Collect$$libinit$$00000000) refers (Special) to libinit2.o(.ARM.Collect$$libinit$$00000013) for __rt_lib_init_lc_ctype_1
    libinit.o(.ARM.Collect$$libinit$$00000000) refers (Special) to libinit2.o(.ARM.Collect$$libinit$$00000015) for __rt_lib_init_lc_monetary_1
    libinit.o(.ARM.Collect$$libinit$$00000000) refers (Special) to libinit2.o(.ARM.Collect$$libinit$$00000017) for __rt_lib_init_lc_numeric_1
    libinit.o(.ARM.Collect$$libinit$$00000000) refers (Special) to libinit2.o(.ARM.Collect$$libinit$$00000019) for __rt_lib_init_lc_time_1
    libinit.o(.ARM.Collect$$libinit$$00000000) refers (Special) to libinit2.o(.ARM.Collect$$libinit$$00000004) for __rt_lib_init_preinit_1
    libinit.o(.ARM.Collect$$libinit$$00000000) refers (Special) to libinit2.o(.ARM.Collect$$libinit$$0000000E) for __rt_lib_init_rand_1
    libinit.o(.ARM.Collect$$libinit$$00000000) refers (Special) to libinit2.o(.ARM.Collect$$libinit$$00000033) for __rt_lib_init_return
    libinit.o(.ARM.Collect$$libinit$$00000000) refers (Special) to libinit2.o(.ARM.Collect$$libinit$$0000001D) for __rt_lib_init_signal_1
    libinit.o(.ARM.Collect$$libinit$$00000000) refers (Special) to libinit2.o(.ARM.Collect$$libinit$$00000025) for __rt_lib_init_stdio_1
    libinit.o(.ARM.Collect$$libinit$$00000000) refers (Special) to libinit2.o(.ARM.Collect$$libinit$$0000000C) for __rt_lib_init_user_alloc_1
    libspace.o(.text) refers to libspace.o(.bss) for __libspace_start
    rtexit.o(.ARM.Collect$$rtexit$$00000000) refers (Special) to rtexit2.o(.ARM.Collect$$rtexit$$00000004) for __rt_exit_exit
    rtexit.o(.ARM.Collect$$rtexit$$00000000) refers (Special) to rtexit2.o(.ARM.Collect$$rtexit$$00000003) for __rt_exit_ls
    rtexit.o(.ARM.Collect$$rtexit$$00000000) refers (Special) to rtexit2.o(.ARM.Collect$$rtexit$$00000002) for __rt_exit_prels_1
    rtexit.o(.ARM.exidx) refers (Special) to rtexit2.o(.ARM.Collect$$rtexit$$00000004) for __rt_exit_exit
    rtexit.o(.ARM.exidx) refers (Special) to rtexit2.o(.ARM.Collect$$rtexit$$00000003) for __rt_exit_ls
    rtexit.o(.ARM.exidx) refers (Special) to rtexit2.o(.ARM.Collect$$rtexit$$00000002) for __rt_exit_prels_1
    rtexit.o(.ARM.exidx) refers to rtexit.o(.ARM.Collect$$rtexit$$00000000) for .ARM.Collect$$rtexit$$00000000
    libinit2.o(.ARM.Collect$$libinit$$00000010) refers to libinit2.o(.ARM.Collect$$libinit$$0000000F) for .ARM.Collect$$libinit$$0000000F
    libinit2.o(.ARM.Collect$$libinit$$00000012) refers to libinit2.o(.ARM.Collect$$libinit$$0000000F) for .ARM.Collect$$libinit$$0000000F
    libinit2.o(.ARM.Collect$$libinit$$00000014) refers to libinit2.o(.ARM.Collect$$libinit$$0000000F) for .ARM.Collect$$libinit$$0000000F
    libinit2.o(.ARM.Collect$$libinit$$00000016) refers to libinit2.o(.ARM.Collect$$libinit$$0000000F) for .ARM.Collect$$libinit$$0000000F
    libinit2.o(.ARM.Collect$$libinit$$00000018) refers to libinit2.o(.ARM.Collect$$libinit$$0000000F) for .ARM.Collect$$libinit$$0000000F
    libinit2.o(.ARM.Collect$$libinit$$00000026) refers to argv_veneer.o(.emb_text) for __ARM_argv_veneer
    libinit2.o(.ARM.Collect$$libinit$$00000027) refers to argv_veneer.o(.emb_text) for __ARM_argv_veneer
    rtexit2.o(.ARM.Collect$$rtexit$$00000003) refers to libshutdown.o(.ARM.Collect$$libshutdown$$00000000) for __rt_lib_shutdown
    rtexit2.o(.ARM.Collect$$rtexit$$00000004) refers to sys_exit.o(.text) for _sys_exit
    rtexit2.o(.ARM.exidx) refers to rtexit2.o(.ARM.Collect$$rtexit$$00000001) for .ARM.Collect$$rtexit$$00000001
    rtexit2.o(.ARM.exidx) refers to rtexit2.o(.ARM.Collect$$rtexit$$00000003) for .ARM.Collect$$rtexit$$00000003
    rtexit2.o(.ARM.exidx) refers to rtexit2.o(.ARM.Collect$$rtexit$$00000004) for .ARM.Collect$$rtexit$$00000004
    argv_veneer.o(.emb_text) refers to no_argv.o(.text) for __ARM_get_argv
    sys_exit.o(.text) refers (Special) to use_no_semi.o(.text) for __I$use$semihosting
    sys_exit.o(.text) refers (Special) to indicate_semi.o(.text) for __semihosting_library_function
    sys_exit_hlt.o(.text) refers (Special) to use_no_semi.o(.text) for __I$use$semihosting
    sys_exit_hlt.o(.text) refers (Special) to indicate_semi.o(.text) for __semihosting_library_function
    _get_argv_nomalloc.o(.text) refers (Special) to hrguard.o(.text) for __heap_region$guard
    _get_argv_nomalloc.o(.text) refers to defsig_rtmem_outer.o(.text) for __rt_SIGRTMEM
    _get_argv_nomalloc.o(.text) refers to sys_command.o(.text) for _sys_command_string
    libshutdown.o(.ARM.Collect$$libshutdown$$00000000) refers (Special) to libshutdown2.o(.ARM.Collect$$libshutdown$$00000002) for __rt_lib_shutdown_cpp_1
    libshutdown.o(.ARM.Collect$$libshutdown$$00000000) refers (Special) to libshutdown2.o(.ARM.Collect$$libshutdown$$00000007) for __rt_lib_shutdown_fp_trap_1
    libshutdown.o(.ARM.Collect$$libshutdown$$00000000) refers (Special) to libshutdown2.o(.ARM.Collect$$libshutdown$$0000000F) for __rt_lib_shutdown_heap_1
    libshutdown.o(.ARM.Collect$$libshutdown$$00000000) refers (Special) to libshutdown2.o(.ARM.Collect$$libshutdown$$00000010) for __rt_lib_shutdown_return
    libshutdown.o(.ARM.Collect$$libshutdown$$00000000) refers (Special) to libshutdown2.o(.ARM.Collect$$libshutdown$$0000000A) for __rt_lib_shutdown_signal_1
    libshutdown.o(.ARM.Collect$$libshutdown$$00000000) refers (Special) to libshutdown2.o(.ARM.Collect$$libshutdown$$00000004) for __rt_lib_shutdown_stdio_1
    libshutdown.o(.ARM.Collect$$libshutdown$$00000000) refers (Special) to libshutdown2.o(.ARM.Collect$$libshutdown$$0000000C) for __rt_lib_shutdown_user_alloc_1
    sys_command.o(.text) refers (Special) to use_no_semi.o(.text) for __I$use$semihosting
    sys_command.o(.text) refers (Special) to indicate_semi.o(.text) for __semihosting_library_function
    sys_command_hlt.o(.text) refers (Special) to use_no_semi.o(.text) for __I$use$semihosting
    sys_command_hlt.o(.text) refers (Special) to indicate_semi.o(.text) for __semihosting_library_function
    defsig_rtmem_outer.o(.text) refers to defsig_rtmem_inner.o(.text) for __rt_SIGRTMEM_inner
    defsig_rtmem_outer.o(.text) refers to defsig_exit.o(.text) for __sig_exit
    defsig_rtmem_formal.o(.text) refers to rt_raise.o(.text) for __rt_raise
    rt_raise.o(.text) refers to __raise.o(.text) for __raise
    rt_raise.o(.text) refers to sys_exit.o(.text) for _sys_exit
    defsig_exit.o(.text) refers to sys_exit.o(.text) for _sys_exit
    defsig_rtmem_inner.o(.text) refers to defsig_general.o(.text) for __default_signal_display
    __raise.o(.text) refers to defsig.o(CL$$defsig) for __default_signal_handler
    defsig_general.o(.text) refers to sys_wrch.o(.text) for _ttywrch
    sys_wrch.o(.text) refers (Special) to use_no_semi.o(.text) for __I$use$semihosting
    sys_wrch.o(.text) refers (Special) to indicate_semi.o(.text) for __semihosting_library_function
    sys_wrch_hlt.o(.text) refers (Special) to use_no_semi.o(.text) for __I$use$semihosting
    sys_wrch_hlt.o(.text) refers (Special) to indicate_semi.o(.text) for __semihosting_library_function
    defsig.o(CL$$defsig) refers to defsig_rtmem_inner.o(.text) for __rt_SIGRTMEM_inner
    defsig_abrt_inner.o(.text) refers to defsig_general.o(.text) for __default_signal_display
    defsig_fpe_inner.o(.text) refers to defsig_general.o(.text) for __default_signal_display
    defsig_rtred_inner.o(.text) refers to defsig_general.o(.text) for __default_signal_display
    defsig_stak_inner.o(.text) refers to defsig_general.o(.text) for __default_signal_display
    defsig_pvfn_inner.o(.text) refers to defsig_general.o(.text) for __default_signal_display
    defsig_cppl_inner.o(.text) refers to defsig_general.o(.text) for __default_signal_display
    defsig_segv_inner.o(.text) refers to defsig_general.o(.text) for __default_signal_display
    defsig_other.o(.text) refers to defsig_general.o(.text) for __default_signal_display


==============================================================================

Removing Unused input sections from the image.

    Removing main.o(.text), (0 bytes).
    Removing main.o(.ARM.exidx.text.main), (8 bytes).
    Removing main.o(.data.msg), (14 bytes).
    Removing main.o(.data.AT), (4 bytes).
    Removing main.o(.ARM.use_no_argv), (4 bytes).
    Removing gpio.o(.text), (0 bytes).
    Removing gpio.o(.ARM.exidx.text.Init_User_Led), (8 bytes).
    Removing gpio.o(.ARM.exidx.text.Set_User_Led), (8 bytes).
    Removing gpio.o(.ARM.exidx.text.Reset_User_Led), (8 bytes).
    Removing sys_timer.o(.text), (0 bytes).
    Removing sys_timer.o(.text.Elapsed_Time_In_Miliseconds), (24 bytes).
    Removing sys_timer.o(.ARM.exidx.text.Elapsed_Time_In_Miliseconds), (8 bytes).
    Removing sys_timer.o(.text.Disable_Timeout_Counter), (18 bytes).
    Removing sys_timer.o(.ARM.exidx.text.Disable_Timeout_Counter), (8 bytes).
    Removing sys_timer.o(.ARM.exidx.text.Enable_Timeout_Counter), (8 bytes).
    Removing sys_timer.o(.ARM.exidx.text.Init_System_Timer), (8 bytes).
    Removing sys_timer.o(.ARM.exidx.text.SysTick_Handler), (8 bytes).
    Removing uart.o(.text), (0 bytes).
    Removing uart.o(.ARM.exidx.text.Init_Uart_For_Communication), (8 bytes).
    Removing uart.o(.ARM.exidx.text.Init_Uart_For_Esp8266), (8 bytes).
    Removing uart.o(.ARM.exidx.text.Init_Uart_For_Debug), (8 bytes).
    Removing uart.o(.ARM.exidx.text.__NVIC_EnableIRQ), (8 bytes).
    Removing uart_comm.o(.text), (0 bytes).
    Removing uart_comm.o(.ARM.exidx.text.USART3_IRQHandler), (8 bytes).
    Removing uart_comm.o(.ARM.exidx.text.USART2_IRQHandler), (8 bytes).
    Removing uart_comm.o(.ARM.exidx.text.Uart_Send_Command), (8 bytes).
    Removing uart_comm.o(.ARM.exidx.text.Uart_Send_Debug_Message), (8 bytes).
    Removing uart_comm.o(.ARM.exidx.text.Uart_Send_Char), (8 bytes).
    Removing esp8266_config.o(.text), (0 bytes).
    Removing esp8266_config.o(.data.ESP8266_Config), (20 bytes).
    Removing esp8266.o(.text), (0 bytes).
    Removing esp8266.o(.ARM.exidx.text.ESP8266_Test), (8 bytes).
    Removing esp8266.o(.ARM.exidx.text.ESP8266_Version), (8 bytes).
    Removing esp8266.o(.ARM.exidx.text.ESP8266_Echo_Off), (8 bytes).
    Removing esp8266.o(.ARM.exidx.text.ESP8266_Process_Response), (8 bytes).
    Removing esp8266.o(.ARM.exidx.text.ESP8266_Main), (8 bytes).
    Removing esp8266.o(.data.Response), (4 bytes).
    Removing system_stm32l1xx.o(.text), (0 bytes).
    Removing system_stm32l1xx.o(.ARM.exidx.text.SystemInit), (8 bytes).
    Removing system_stm32l1xx.o(.text.SystemCoreClockUpdate), (126 bytes).
    Removing system_stm32l1xx.o(.ARM.exidx.text.SystemCoreClockUpdate), (8 bytes).
    Removing system_stm32l1xx.o(.data.SystemCoreClock), (4 bytes).
    Removing system_stm32l1xx.o(.rodata.PLLMulTable), (9 bytes).
    Removing system_stm32l1xx.o(.rodata.AHBPrescTable), (16 bytes).
    Removing system_stm32l1xx.o(.rodata.APBPrescTable), (8 bytes).

45 unused section(s) (total 451 bytes) removed from the image.

==============================================================================

Image Symbol Table

    Local Symbols

    Symbol Name                              Value     Ov Type        Size  Object(Section)

    ../clib/angel/boardlib.s                 0x00000000   Number         0  boardinit1.o ABSOLUTE
    ../clib/angel/boardlib.s                 0x00000000   Number         0  boardinit2.o ABSOLUTE
    ../clib/angel/boardlib.s                 0x00000000   Number         0  boardinit3.o ABSOLUTE
    ../clib/angel/boardlib.s                 0x00000000   Number         0  boardshut.o ABSOLUTE
    ../clib/angel/dczerorl.s                 0x00000000   Number         0  __dczerorl.o ABSOLUTE
    ../clib/angel/handlers.s                 0x00000000   Number         0  __scatter_zi.o ABSOLUTE
    ../clib/angel/kernel.s                   0x00000000   Number         0  __rtentry.o ABSOLUTE
    ../clib/angel/kernel.s                   0x00000000   Number         0  __rtentry2.o ABSOLUTE
    ../clib/angel/kernel.s                   0x00000000   Number         0  __rtentry4.o ABSOLUTE
    ../clib/angel/kernel.s                   0x00000000   Number         0  rtexit.o ABSOLUTE
    ../clib/angel/kernel.s                   0x00000000   Number         0  rtexit2.o ABSOLUTE
    ../clib/angel/rt.s                       0x00000000   Number         0  rt_raise.o ABSOLUTE
    ../clib/angel/scatter.s                  0x00000000   Number         0  __scatter.o ABSOLUTE
    ../clib/angel/startup.s                  0x00000000   Number         0  __main.o ABSOLUTE
    ../clib/angel/sys.s                      0x00000000   Number         0  sys_stackheap_outer.o ABSOLUTE
    ../clib/angel/sys.s                      0x00000000   Number         0  libspace.o ABSOLUTE
    ../clib/angel/sys.s                      0x00000000   Number         0  use_no_semi.o ABSOLUTE
    ../clib/angel/sys.s                      0x00000000   Number         0  indicate_semi.o ABSOLUTE
    ../clib/angel/sysapp.c                   0x00000000   Number         0  sys_exit.o ABSOLUTE
    ../clib/angel/sysapp.c                   0x00000000   Number         0  sys_exit_hlt.o ABSOLUTE
    ../clib/angel/sysapp.c                   0x00000000   Number         0  sys_command.o ABSOLUTE
    ../clib/angel/sysapp.c                   0x00000000   Number         0  sys_command_hlt.o ABSOLUTE
    ../clib/angel/sysapp.c                   0x00000000   Number         0  sys_wrch.o ABSOLUTE
    ../clib/angel/sysapp.c                   0x00000000   Number         0  sys_wrch_hlt.o ABSOLUTE
    ../clib/armsys.c                         0x00000000   Number         0  argv_veneer.o ABSOLUTE
    ../clib/armsys.c                         0x00000000   Number         0  argv_veneer.o ABSOLUTE
    ../clib/armsys.c                         0x00000000   Number         0  _get_argv_nomalloc.o ABSOLUTE
    ../clib/armsys.c                         0x00000000   Number         0  no_argv.o ABSOLUTE
    ../clib/heapalloc.c                      0x00000000   Number         0  hrguard.o ABSOLUTE
    ../clib/heapaux.c                        0x00000000   Number         0  heapauxi.o ABSOLUTE
    ../clib/libinit.s                        0x00000000   Number         0  libinit.o ABSOLUTE
    ../clib/libinit.s                        0x00000000   Number         0  libinit2.o ABSOLUTE
    ../clib/libinit.s                        0x00000000   Number         0  libshutdown.o ABSOLUTE
    ../clib/libinit.s                        0x00000000   Number         0  libshutdown2.o ABSOLUTE
    ../clib/signal.c                         0x00000000   Number         0  defsig_rtmem_outer.o ABSOLUTE
    ../clib/signal.c                         0x00000000   Number         0  defsig_rtmem_formal.o ABSOLUTE
    ../clib/signal.c                         0x00000000   Number         0  defsig_exit.o ABSOLUTE
    ../clib/signal.c                         0x00000000   Number         0  defsig_rtmem_inner.o ABSOLUTE
    ../clib/signal.c                         0x00000000   Number         0  __raise.o ABSOLUTE
    ../clib/signal.c                         0x00000000   Number         0  defsig_general.o ABSOLUTE
    ../clib/signal.c                         0x00000000   Number         0  defsig_abrt_inner.o ABSOLUTE
    ../clib/signal.c                         0x00000000   Number         0  defsig_fpe_inner.o ABSOLUTE
    ../clib/signal.c                         0x00000000   Number         0  defsig_rtred_inner.o ABSOLUTE
    ../clib/signal.c                         0x00000000   Number         0  defsig_stak_inner.o ABSOLUTE
    ../clib/signal.c                         0x00000000   Number         0  defsig_pvfn_inner.o ABSOLUTE
    ../clib/signal.c                         0x00000000   Number         0  defsig_cppl_inner.o ABSOLUTE
    ../clib/signal.c                         0x00000000   Number         0  defsig_segv_inner.o ABSOLUTE
    ../clib/signal.c                         0x00000000   Number         0  defsig_other.o ABSOLUTE
    ../clib/signal.s                         0x00000000   Number         0  defsig.o ABSOLUTE
    ../clib/stdlib.c                         0x00000000   Number         0  exit.o ABSOLUTE
    ../fplib/fpinit.s                        0x00000000   Number         0  fpinit.o ABSOLUTE
    ../fplib/fpinit_empty.s                  0x00000000   Number         0  fpinit_empty.o ABSOLUTE
    Esp8266.c                                0x00000000   Number         0  esp8266.o ABSOLUTE
    Esp8266_Config.c                         0x00000000   Number         0  esp8266_config.o ABSOLUTE
    Gpio.c                                   0x00000000   Number         0  gpio.o ABSOLUTE
    RTE/Device/STM32L152RETx/startup_stm32l152xe.s 0x00000000   Number         0  startup_stm32l152xe.o ABSOLUTE
    Sys_Timer.c                              0x00000000   Number         0  sys_timer.o ABSOLUTE
    Uart.c                                   0x00000000   Number         0  uart.o ABSOLUTE
    Uart_Comm.c                              0x00000000   Number         0  uart_comm.o ABSOLUTE
    dc.s                                     0x00000000   Number         0  dc.o ABSOLUTE
    main.c                                   0x00000000   Number         0  main.o ABSOLUTE
    system_stm32l1xx.c                       0x00000000   Number         0  system_stm32l1xx.o ABSOLUTE
    RESET                                    0x08000000   Section      292  startup_stm32l152xe.o(RESET)
    !!!main                                  0x08000124   Section        8  __main.o(!!!main)
    !!!scatter                               0x0800012c   Section       52  __scatter.o(!!!scatter)
    !!dczerorl                               0x08000160   Section       58  __dczerorl.o(!!dczerorl)
    !!handler_zi                             0x0800019c   Section       28  __scatter_zi.o(!!handler_zi)
    .ARM.Collect$$libinit$$00000000          0x080001b8   Section        2  libinit.o(.ARM.Collect$$libinit$$00000000)
    .ARM.Collect$$libinit$$00000002          0x080001ba   Section        0  libinit2.o(.ARM.Collect$$libinit$$00000002)
    .ARM.Collect$$libinit$$00000004          0x080001ba   Section        0  libinit2.o(.ARM.Collect$$libinit$$00000004)
    .ARM.Collect$$libinit$$0000000A          0x080001ba   Section        0  libinit2.o(.ARM.Collect$$libinit$$0000000A)
    .ARM.Collect$$libinit$$0000000C          0x080001ba   Section        0  libinit2.o(.ARM.Collect$$libinit$$0000000C)
    .ARM.Collect$$libinit$$0000000E          0x080001ba   Section        0  libinit2.o(.ARM.Collect$$libinit$$0000000E)
    .ARM.Collect$$libinit$$00000011          0x080001ba   Section        0  libinit2.o(.ARM.Collect$$libinit$$00000011)
    .ARM.Collect$$libinit$$00000013          0x080001ba   Section        0  libinit2.o(.ARM.Collect$$libinit$$00000013)
    .ARM.Collect$$libinit$$00000015          0x080001ba   Section        0  libinit2.o(.ARM.Collect$$libinit$$00000015)
    .ARM.Collect$$libinit$$00000017          0x080001ba   Section        0  libinit2.o(.ARM.Collect$$libinit$$00000017)
    .ARM.Collect$$libinit$$00000019          0x080001ba   Section        0  libinit2.o(.ARM.Collect$$libinit$$00000019)
    .ARM.Collect$$libinit$$0000001B          0x080001ba   Section        0  libinit2.o(.ARM.Collect$$libinit$$0000001B)
    .ARM.Collect$$libinit$$0000001D          0x080001ba   Section        0  libinit2.o(.ARM.Collect$$libinit$$0000001D)
    .ARM.Collect$$libinit$$0000001F          0x080001ba   Section        0  libinit2.o(.ARM.Collect$$libinit$$0000001F)
    .ARM.Collect$$libinit$$00000021          0x080001ba   Section        0  libinit2.o(.ARM.Collect$$libinit$$00000021)
    .ARM.Collect$$libinit$$00000023          0x080001ba   Section        0  libinit2.o(.ARM.Collect$$libinit$$00000023)
    .ARM.Collect$$libinit$$00000025          0x080001ba   Section        0  libinit2.o(.ARM.Collect$$libinit$$00000025)
    .ARM.Collect$$libinit$$0000002C          0x080001ba   Section        0  libinit2.o(.ARM.Collect$$libinit$$0000002C)
    .ARM.Collect$$libinit$$0000002E          0x080001ba   Section        0  libinit2.o(.ARM.Collect$$libinit$$0000002E)
    .ARM.Collect$$libinit$$00000030          0x080001ba   Section        0  libinit2.o(.ARM.Collect$$libinit$$00000030)
    .ARM.Collect$$libinit$$00000032          0x080001ba   Section        0  libinit2.o(.ARM.Collect$$libinit$$00000032)
    .ARM.Collect$$libinit$$00000033          0x080001ba   Section        2  libinit2.o(.ARM.Collect$$libinit$$00000033)
    .ARM.Collect$$libshutdown$$00000000      0x080001bc   Section        2  libshutdown.o(.ARM.Collect$$libshutdown$$00000000)
    .ARM.Collect$$libshutdown$$00000002      0x080001be   Section        0  libshutdown2.o(.ARM.Collect$$libshutdown$$00000002)
    .ARM.Collect$$libshutdown$$00000004      0x080001be   Section        0  libshutdown2.o(.ARM.Collect$$libshutdown$$00000004)
    .ARM.Collect$$libshutdown$$00000007      0x080001be   Section        0  libshutdown2.o(.ARM.Collect$$libshutdown$$00000007)
    .ARM.Collect$$libshutdown$$0000000A      0x080001be   Section        0  libshutdown2.o(.ARM.Collect$$libshutdown$$0000000A)
    .ARM.Collect$$libshutdown$$0000000C      0x080001be   Section        0  libshutdown2.o(.ARM.Collect$$libshutdown$$0000000C)
    .ARM.Collect$$libshutdown$$0000000F      0x080001be   Section        0  libshutdown2.o(.ARM.Collect$$libshutdown$$0000000F)
    .ARM.Collect$$libshutdown$$00000010      0x080001be   Section        2  libshutdown2.o(.ARM.Collect$$libshutdown$$00000010)
    .ARM.Collect$$rtentry$$00000000          0x080001c0   Section        0  __rtentry.o(.ARM.Collect$$rtentry$$00000000)
    .ARM.Collect$$rtentry$$00000002          0x080001c0   Section        0  __rtentry2.o(.ARM.Collect$$rtentry$$00000002)
    .ARM.Collect$$rtentry$$00000004          0x080001c0   Section        6  __rtentry4.o(.ARM.Collect$$rtentry$$00000004)
    .ARM.Collect$$rtentry$$00000009          0x080001c6   Section        0  __rtentry2.o(.ARM.Collect$$rtentry$$00000009)
    .ARM.Collect$$rtentry$$0000000A          0x080001c6   Section        4  __rtentry2.o(.ARM.Collect$$rtentry$$0000000A)
    .ARM.Collect$$rtentry$$0000000C          0x080001ca   Section        0  __rtentry2.o(.ARM.Collect$$rtentry$$0000000C)
    .ARM.Collect$$rtentry$$0000000D          0x080001ca   Section        8  __rtentry2.o(.ARM.Collect$$rtentry$$0000000D)
    .ARM.Collect$$rtexit$$00000000           0x080001d2   Section        2  rtexit.o(.ARM.Collect$$rtexit$$00000000)
    .ARM.Collect$$rtexit$$00000002           0x080001d4   Section        0  rtexit2.o(.ARM.Collect$$rtexit$$00000002)
    .ARM.Collect$$rtexit$$00000003           0x080001d4   Section        4  rtexit2.o(.ARM.Collect$$rtexit$$00000003)
    .ARM.Collect$$rtexit$$00000004           0x080001d8   Section        6  rtexit2.o(.ARM.Collect$$rtexit$$00000004)
    .text                                    0x080001e0   Section       64  startup_stm32l152xe.o(.text)
    .text                                    0x08000220   Section        0  heapauxi.o(.text)
    .text                                    0x08000226   Section       74  sys_stackheap_outer.o(.text)
    .text                                    0x08000270   Section        0  exit.o(.text)
    .text                                    0x08000284   Section        8  libspace.o(.text)
    .text                                    0x0800028c   Section        0  sys_exit.o(.text)
    .text                                    0x08000298   Section        2  use_no_semi.o(.text)
    .text                                    0x0800029a   Section        0  indicate_semi.o(.text)
    [Anonymous Symbol]                       0x0800029c   Section        0  esp8266.o(.text.ESP8266_Echo_Off)
    [Anonymous Symbol]                       0x080002b4   Section        0  esp8266.o(.text.ESP8266_Main)
    [Anonymous Symbol]                       0x080002f0   Section        0  esp8266.o(.text.ESP8266_Process_Response)
    [Anonymous Symbol]                       0x08000330   Section        0  esp8266.o(.text.ESP8266_Test)
    [Anonymous Symbol]                       0x08000344   Section        0  esp8266.o(.text.ESP8266_Version)
    [Anonymous Symbol]                       0x08000358   Section        0  sys_timer.o(.text.Enable_Timeout_Counter)
    [Anonymous Symbol]                       0x0800036c   Section        0  sys_timer.o(.text.Init_System_Timer)
    [Anonymous Symbol]                       0x0800039c   Section        0  uart.o(.text.Init_Uart_For_Communication)
    Init_Uart_For_Debug                      0x080003a9   Thumb Code   166  uart.o(.text.Init_Uart_For_Debug)
    [Anonymous Symbol]                       0x080003a8   Section        0  uart.o(.text.Init_Uart_For_Debug)
    Init_Uart_For_Esp8266                    0x08000451   Thumb Code   168  uart.o(.text.Init_Uart_For_Esp8266)
    [Anonymous Symbol]                       0x08000450   Section        0  uart.o(.text.Init_Uart_For_Esp8266)
    [Anonymous Symbol]                       0x080004f8   Section        0  gpio.o(.text.Init_User_Led)
    [Anonymous Symbol]                       0x08000520   Section        0  gpio.o(.text.Reset_User_Led)
    [Anonymous Symbol]                       0x08000538   Section        0  gpio.o(.text.Set_User_Led)
    [Anonymous Symbol]                       0x08000550   Section        0  sys_timer.o(.text.SysTick_Handler)
    [Anonymous Symbol]                       0x08000568   Section        0  system_stm32l1xx.o(.text.SystemInit)
    [Anonymous Symbol]                       0x0800056c   Section        0  uart_comm.o(.text.USART2_IRQHandler)
    [Anonymous Symbol]                       0x080005bc   Section        0  uart_comm.o(.text.USART3_IRQHandler)
    [Anonymous Symbol]                       0x08000644   Section        0  uart_comm.o(.text.Uart_Send_Char)
    [Anonymous Symbol]                       0x08000650   Section        0  uart_comm.o(.text.Uart_Send_Command)
    [Anonymous Symbol]                       0x08000674   Section        0  uart_comm.o(.text.Uart_Send_Debug_Message)
    __NVIC_EnableIRQ                         0x08000699   Thumb Code    22  uart.o(.text.__NVIC_EnableIRQ)
    [Anonymous Symbol]                       0x08000698   Section        0  uart.o(.text.__NVIC_EnableIRQ)
    [Anonymous Symbol]                       0x080006b0   Section        0  main.o(.text.main)
    [Anonymous Symbol]                       0x0800070a   Section        0  esp8266_config.o(.rodata.str1.1)
    .bss                                     0x20000538   Section       96  libspace.o(.bss)
    Heap_Mem                                 0x200007a0   Data         512  startup_stm32l152xe.o(HEAP)
    HEAP                                     0x200007a0   Section      512  startup_stm32l152xe.o(HEAP)
    Stack_Mem                                0x200009a0   Data        1024  startup_stm32l152xe.o(STACK)
    STACK                                    0x200009a0   Section     1024  startup_stm32l152xe.o(STACK)
    __initial_sp                             0x20000da0   Data           0  startup_stm32l152xe.o(STACK)

    Global Symbols

    Symbol Name                              Value     Ov Type        Size  Object(Section)

    BuildAttributes$$THM_ISAv4$P$D$K$B$S$PE$A:L22UL41UL21$X:L11$S22US41US21$IEEE1$IW$~IW$USESV6$~STKCKD$USESV7$~SHL$OTIME$ROPI$EBA8$UX$STANDARDLIB$REQ8$PRES8$EABIv2 0x00000000   Number         0  anon$$obj.o ABSOLUTE
    __fp_init_empty                          0x00000000   Number         0  fpinit_empty.o ABSOLUTE
    __ARM_exceptions_init                     - Undefined Weak Reference
    __alloca_initialize                       - Undefined Weak Reference
    __arm_preinit_                            - Undefined Weak Reference
    __cpp_initialize__aeabi_                  - Undefined Weak Reference
    __cxa_finalize                            - Undefined Weak Reference
    __rt_locale                               - Undefined Weak Reference
    __sigvec_lookup                           - Undefined Weak Reference
    _atexit_init                              - Undefined Weak Reference
    _call_atexit_fns                          - Undefined Weak Reference
    _clock_init                               - Undefined Weak Reference
    _fp_trap_init                             - Undefined Weak Reference
    _fp_trap_shutdown                         - Undefined Weak Reference
    _get_lc_collate                           - Undefined Weak Reference
    _get_lc_ctype                             - Undefined Weak Reference
    _get_lc_monetary                          - Undefined Weak Reference
    _get_lc_numeric                           - Undefined Weak Reference
    _get_lc_time                              - Undefined Weak Reference
    _getenv_init                              - Undefined Weak Reference
    _handle_redirection                       - Undefined Weak Reference
    _init_alloc                               - Undefined Weak Reference
    _init_user_alloc                          - Undefined Weak Reference
    _initio                                   - Undefined Weak Reference
    _rand_init                                - Undefined Weak Reference
    _signal_finish                            - Undefined Weak Reference
    _signal_init                              - Undefined Weak Reference
    _terminate_alloc                          - Undefined Weak Reference
    _terminate_user_alloc                     - Undefined Weak Reference
    _terminateio                              - Undefined Weak Reference
    __Vectors_Size                           0x00000124   Number         0  startup_stm32l152xe.o ABSOLUTE
    __Vectors                                0x08000000   Data           4  startup_stm32l152xe.o(RESET)
    __Vectors_End                            0x08000124   Data           0  startup_stm32l152xe.o(RESET)
    __main                                   0x08000125   Thumb Code     8  __main.o(!!!main)
    __scatterload                            0x0800012d   Thumb Code     0  __scatter.o(!!!scatter)
    __scatterload_rt2                        0x0800012d   Thumb Code    44  __scatter.o(!!!scatter)
    __scatterload_rt2_thumb_only             0x0800012d   Thumb Code     0  __scatter.o(!!!scatter)
    __scatterload_null                       0x0800013b   Thumb Code     0  __scatter.o(!!!scatter)
    __decompress                             0x08000161   Thumb Code    58  __dczerorl.o(!!dczerorl)
    __decompress0                            0x08000161   Thumb Code     0  __dczerorl.o(!!dczerorl)
    __scatterload_zeroinit                   0x0800019d   Thumb Code    28  __scatter_zi.o(!!handler_zi)
    __rt_lib_init                            0x080001b9   Thumb Code     0  libinit.o(.ARM.Collect$$libinit$$00000000)
    __rt_lib_init_alloca_1                   0x080001bb   Thumb Code     0  libinit2.o(.ARM.Collect$$libinit$$0000002E)
    __rt_lib_init_argv_1                     0x080001bb   Thumb Code     0  libinit2.o(.ARM.Collect$$libinit$$0000002C)
    __rt_lib_init_atexit_1                   0x080001bb   Thumb Code     0  libinit2.o(.ARM.Collect$$libinit$$0000001B)
    __rt_lib_init_clock_1                    0x080001bb   Thumb Code     0  libinit2.o(.ARM.Collect$$libinit$$00000021)
    __rt_lib_init_cpp_1                      0x080001bb   Thumb Code     0  libinit2.o(.ARM.Collect$$libinit$$00000032)
    __rt_lib_init_exceptions_1               0x080001bb   Thumb Code     0  libinit2.o(.ARM.Collect$$libinit$$00000030)
    __rt_lib_init_fp_1                       0x080001bb   Thumb Code     0  libinit2.o(.ARM.Collect$$libinit$$00000002)
    __rt_lib_init_fp_trap_1                  0x080001bb   Thumb Code     0  libinit2.o(.ARM.Collect$$libinit$$0000001F)
    __rt_lib_init_getenv_1                   0x080001bb   Thumb Code     0  libinit2.o(.ARM.Collect$$libinit$$00000023)
    __rt_lib_init_heap_1                     0x080001bb   Thumb Code     0  libinit2.o(.ARM.Collect$$libinit$$0000000A)
    __rt_lib_init_lc_collate_1               0x080001bb   Thumb Code     0  libinit2.o(.ARM.Collect$$libinit$$00000011)
    __rt_lib_init_lc_ctype_1                 0x080001bb   Thumb Code     0  libinit2.o(.ARM.Collect$$libinit$$00000013)
    __rt_lib_init_lc_monetary_1              0x080001bb   Thumb Code     0  libinit2.o(.ARM.Collect$$libinit$$00000015)
    __rt_lib_init_lc_numeric_1               0x080001bb   Thumb Code     0  libinit2.o(.ARM.Collect$$libinit$$00000017)
    __rt_lib_init_lc_time_1                  0x080001bb   Thumb Code     0  libinit2.o(.ARM.Collect$$libinit$$00000019)
    __rt_lib_init_preinit_1                  0x080001bb   Thumb Code     0  libinit2.o(.ARM.Collect$$libinit$$00000004)
    __rt_lib_init_rand_1                     0x080001bb   Thumb Code     0  libinit2.o(.ARM.Collect$$libinit$$0000000E)
    __rt_lib_init_return                     0x080001bb   Thumb Code     0  libinit2.o(.ARM.Collect$$libinit$$00000033)
    __rt_lib_init_signal_1                   0x080001bb   Thumb Code     0  libinit2.o(.ARM.Collect$$libinit$$0000001D)
    __rt_lib_init_stdio_1                    0x080001bb   Thumb Code     0  libinit2.o(.ARM.Collect$$libinit$$00000025)
    __rt_lib_init_user_alloc_1               0x080001bb   Thumb Code     0  libinit2.o(.ARM.Collect$$libinit$$0000000C)
    __rt_lib_shutdown                        0x080001bd   Thumb Code     0  libshutdown.o(.ARM.Collect$$libshutdown$$00000000)
    __rt_lib_shutdown_cpp_1                  0x080001bf   Thumb Code     0  libshutdown2.o(.ARM.Collect$$libshutdown$$00000002)
    __rt_lib_shutdown_fp_trap_1              0x080001bf   Thumb Code     0  libshutdown2.o(.ARM.Collect$$libshutdown$$00000007)
    __rt_lib_shutdown_heap_1                 0x080001bf   Thumb Code     0  libshutdown2.o(.ARM.Collect$$libshutdown$$0000000F)
    __rt_lib_shutdown_return                 0x080001bf   Thumb Code     0  libshutdown2.o(.ARM.Collect$$libshutdown$$00000010)
    __rt_lib_shutdown_signal_1               0x080001bf   Thumb Code     0  libshutdown2.o(.ARM.Collect$$libshutdown$$0000000A)
    __rt_lib_shutdown_stdio_1                0x080001bf   Thumb Code     0  libshutdown2.o(.ARM.Collect$$libshutdown$$00000004)
    __rt_lib_shutdown_user_alloc_1           0x080001bf   Thumb Code     0  libshutdown2.o(.ARM.Collect$$libshutdown$$0000000C)
    __rt_entry                               0x080001c1   Thumb Code     0  __rtentry.o(.ARM.Collect$$rtentry$$00000000)
    __rt_entry_presh_1                       0x080001c1   Thumb Code     0  __rtentry2.o(.ARM.Collect$$rtentry$$00000002)
    __rt_entry_sh                            0x080001c1   Thumb Code     0  __rtentry4.o(.ARM.Collect$$rtentry$$00000004)
    __rt_entry_li                            0x080001c7   Thumb Code     0  __rtentry2.o(.ARM.Collect$$rtentry$$0000000A)
    __rt_entry_postsh_1                      0x080001c7   Thumb Code     0  __rtentry2.o(.ARM.Collect$$rtentry$$00000009)
    __rt_entry_main                          0x080001cb   Thumb Code     0  __rtentry2.o(.ARM.Collect$$rtentry$$0000000D)
    __rt_entry_postli_1                      0x080001cb   Thumb Code     0  __rtentry2.o(.ARM.Collect$$rtentry$$0000000C)
    __rt_exit                                0x080001d3   Thumb Code     0  rtexit.o(.ARM.Collect$$rtexit$$00000000)
    __rt_exit_ls                             0x080001d5   Thumb Code     0  rtexit2.o(.ARM.Collect$$rtexit$$00000003)
    __rt_exit_prels_1                        0x080001d5   Thumb Code     0  rtexit2.o(.ARM.Collect$$rtexit$$00000002)
    __rt_exit_exit                           0x080001d9   Thumb Code     0  rtexit2.o(.ARM.Collect$$rtexit$$00000004)
    Reset_Handler                            0x080001e1   Thumb Code     8  startup_stm32l152xe.o(.text)
    NMI_Handler                              0x080001e9   Thumb Code     2  startup_stm32l152xe.o(.text)
    HardFault_Handler                        0x080001eb   Thumb Code     2  startup_stm32l152xe.o(.text)
    MemManage_Handler                        0x080001ed   Thumb Code     2  startup_stm32l152xe.o(.text)
    BusFault_Handler                         0x080001ef   Thumb Code     2  startup_stm32l152xe.o(.text)
    UsageFault_Handler                       0x080001f1   Thumb Code     2  startup_stm32l152xe.o(.text)
    SVC_Handler                              0x080001f3   Thumb Code     2  startup_stm32l152xe.o(.text)
    DebugMon_Handler                         0x080001f5   Thumb Code     2  startup_stm32l152xe.o(.text)
    PendSV_Handler                           0x080001f7   Thumb Code     2  startup_stm32l152xe.o(.text)
    ADC1_IRQHandler                          0x080001fb   Thumb Code     0  startup_stm32l152xe.o(.text)
    COMP_ACQ_IRQHandler                      0x080001fb   Thumb Code     0  startup_stm32l152xe.o(.text)
    COMP_IRQHandler                          0x080001fb   Thumb Code     0  startup_stm32l152xe.o(.text)
    DAC_IRQHandler                           0x080001fb   Thumb Code     0  startup_stm32l152xe.o(.text)
    DMA1_Channel1_IRQHandler                 0x080001fb   Thumb Code     0  startup_stm32l152xe.o(.text)
    DMA1_Channel2_IRQHandler                 0x080001fb   Thumb Code     0  startup_stm32l152xe.o(.text)
    DMA1_Channel3_IRQHandler                 0x080001fb   Thumb Code     0  startup_stm32l152xe.o(.text)
    DMA1_Channel4_IRQHandler                 0x080001fb   Thumb Code     0  startup_stm32l152xe.o(.text)
    DMA1_Channel5_IRQHandler                 0x080001fb   Thumb Code     0  startup_stm32l152xe.o(.text)
    DMA1_Channel6_IRQHandler                 0x080001fb   Thumb Code     0  startup_stm32l152xe.o(.text)
    DMA1_Channel7_IRQHandler                 0x080001fb   Thumb Code     0  startup_stm32l152xe.o(.text)
    DMA2_Channel1_IRQHandler                 0x080001fb   Thumb Code     0  startup_stm32l152xe.o(.text)
    DMA2_Channel2_IRQHandler                 0x080001fb   Thumb Code     0  startup_stm32l152xe.o(.text)
    DMA2_Channel3_IRQHandler                 0x080001fb   Thumb Code     0  startup_stm32l152xe.o(.text)
    DMA2_Channel4_IRQHandler                 0x080001fb   Thumb Code     0  startup_stm32l152xe.o(.text)
    DMA2_Channel5_IRQHandler                 0x080001fb   Thumb Code     0  startup_stm32l152xe.o(.text)
    EXTI0_IRQHandler                         0x080001fb   Thumb Code     0  startup_stm32l152xe.o(.text)
    EXTI15_10_IRQHandler                     0x080001fb   Thumb Code     0  startup_stm32l152xe.o(.text)
    EXTI1_IRQHandler                         0x080001fb   Thumb Code     0  startup_stm32l152xe.o(.text)
    EXTI2_IRQHandler                         0x080001fb   Thumb Code     0  startup_stm32l152xe.o(.text)
    EXTI3_IRQHandler                         0x080001fb   Thumb Code     0  startup_stm32l152xe.o(.text)
    EXTI4_IRQHandler                         0x080001fb   Thumb Code     0  startup_stm32l152xe.o(.text)
    EXTI9_5_IRQHandler                       0x080001fb   Thumb Code     0  startup_stm32l152xe.o(.text)
    FLASH_IRQHandler                         0x080001fb   Thumb Code     0  startup_stm32l152xe.o(.text)
    I2C1_ER_IRQHandler                       0x080001fb   Thumb Code     0  startup_stm32l152xe.o(.text)
    I2C1_EV_IRQHandler                       0x080001fb   Thumb Code     0  startup_stm32l152xe.o(.text)
    I2C2_ER_IRQHandler                       0x080001fb   Thumb Code     0  startup_stm32l152xe.o(.text)
    I2C2_EV_IRQHandler                       0x080001fb   Thumb Code     0  startup_stm32l152xe.o(.text)
    LCD_IRQHandler                           0x080001fb   Thumb Code     0  startup_stm32l152xe.o(.text)
    PVD_IRQHandler                           0x080001fb   Thumb Code     0  startup_stm32l152xe.o(.text)
    RCC_IRQHandler                           0x080001fb   Thumb Code     0  startup_stm32l152xe.o(.text)
    RTC_Alarm_IRQHandler                     0x080001fb   Thumb Code     0  startup_stm32l152xe.o(.text)
    RTC_WKUP_IRQHandler                      0x080001fb   Thumb Code     0  startup_stm32l152xe.o(.text)
    SPI1_IRQHandler                          0x080001fb   Thumb Code     0  startup_stm32l152xe.o(.text)
    SPI2_IRQHandler                          0x080001fb   Thumb Code     0  startup_stm32l152xe.o(.text)
    SPI3_IRQHandler                          0x080001fb   Thumb Code     0  startup_stm32l152xe.o(.text)
    TAMPER_STAMP_IRQHandler                  0x080001fb   Thumb Code     0  startup_stm32l152xe.o(.text)
    TIM10_IRQHandler                         0x080001fb   Thumb Code     0  startup_stm32l152xe.o(.text)
    TIM11_IRQHandler                         0x080001fb   Thumb Code     0  startup_stm32l152xe.o(.text)
    TIM2_IRQHandler                          0x080001fb   Thumb Code     0  startup_stm32l152xe.o(.text)
    TIM3_IRQHandler                          0x080001fb   Thumb Code     0  startup_stm32l152xe.o(.text)
    TIM4_IRQHandler                          0x080001fb   Thumb Code     0  startup_stm32l152xe.o(.text)
    TIM5_IRQHandler                          0x080001fb   Thumb Code     0  startup_stm32l152xe.o(.text)
    TIM6_IRQHandler                          0x080001fb   Thumb Code     0  startup_stm32l152xe.o(.text)
    TIM7_IRQHandler                          0x080001fb   Thumb Code     0  startup_stm32l152xe.o(.text)
    TIM9_IRQHandler                          0x080001fb   Thumb Code     0  startup_stm32l152xe.o(.text)
    UART4_IRQHandler                         0x080001fb   Thumb Code     0  startup_stm32l152xe.o(.text)
    UART5_IRQHandler                         0x080001fb   Thumb Code     0  startup_stm32l152xe.o(.text)
    USART1_IRQHandler                        0x080001fb   Thumb Code     0  startup_stm32l152xe.o(.text)
    USB_FS_WKUP_IRQHandler                   0x080001fb   Thumb Code     0  startup_stm32l152xe.o(.text)
    USB_HP_IRQHandler                        0x080001fb   Thumb Code     0  startup_stm32l152xe.o(.text)
    USB_LP_IRQHandler                        0x080001fb   Thumb Code     0  startup_stm32l152xe.o(.text)
    WWDG_IRQHandler                          0x080001fb   Thumb Code     0  startup_stm32l152xe.o(.text)
    __user_initial_stackheap                 0x080001fd   Thumb Code     0  startup_stm32l152xe.o(.text)
    __use_two_region_memory                  0x08000221   Thumb Code     2  heapauxi.o(.text)
    __rt_heap_escrow$2region                 0x08000223   Thumb Code     2  heapauxi.o(.text)
    __rt_heap_expand$2region                 0x08000225   Thumb Code     2  heapauxi.o(.text)
    __user_setup_stackheap                   0x08000227   Thumb Code    74  sys_stackheap_outer.o(.text)
    exit                                     0x08000271   Thumb Code    18  exit.o(.text)
    __user_libspace                          0x08000285   Thumb Code     8  libspace.o(.text)
    __user_perproc_libspace                  0x08000285   Thumb Code     0  libspace.o(.text)
    __user_perthread_libspace                0x08000285   Thumb Code     0  libspace.o(.text)
    _sys_exit                                0x0800028d   Thumb Code     8  sys_exit.o(.text)
    __I$use$semihosting                      0x08000299   Thumb Code     0  use_no_semi.o(.text)
    __use_no_semihosting_swi                 0x08000299   Thumb Code     2  use_no_semi.o(.text)
    __semihosting_library_function           0x0800029b   Thumb Code     0  indicate_semi.o(.text)
    ESP8266_Echo_Off                         0x0800029d   Thumb Code    22  esp8266.o(.text.ESP8266_Echo_Off)
    ESP8266_Main                             0x080002b5   Thumb Code    60  esp8266.o(.text.ESP8266_Main)
    ESP8266_Process_Response                 0x080002f1   Thumb Code    64  esp8266.o(.text.ESP8266_Process_Response)
    ESP8266_Test                             0x08000331   Thumb Code    20  esp8266.o(.text.ESP8266_Test)
    ESP8266_Version                          0x08000345   Thumb Code    20  esp8266.o(.text.ESP8266_Version)
    Enable_Timeout_Counter                   0x08000359   Thumb Code    18  sys_timer.o(.text.Enable_Timeout_Counter)
    Init_System_Timer                        0x0800036d   Thumb Code    46  sys_timer.o(.text.Init_System_Timer)
    Init_Uart_For_Communication              0x0800039d   Thumb Code    12  uart.o(.text.Init_Uart_For_Communication)
    Init_User_Led                            0x080004f9   Thumb Code    40  gpio.o(.text.Init_User_Led)
    Reset_User_Led                           0x08000521   Thumb Code    24  gpio.o(.text.Reset_User_Led)
    Set_User_Led                             0x08000539   Thumb Code    24  gpio.o(.text.Set_User_Led)
    SysTick_Handler                          0x08000551   Thumb Code    22  sys_timer.o(.text.SysTick_Handler)
    SystemInit                               0x08000569   Thumb Code     2  system_stm32l1xx.o(.text.SystemInit)
    USART2_IRQHandler                        0x0800056d   Thumb Code    80  uart_comm.o(.text.USART2_IRQHandler)
    USART3_IRQHandler                        0x080005bd   Thumb Code   136  uart_comm.o(.text.USART3_IRQHandler)
    Uart_Send_Char                           0x08000645   Thumb Code    10  uart_comm.o(.text.Uart_Send_Char)
    Uart_Send_Command                        0x08000651   Thumb Code    36  uart_comm.o(.text.Uart_Send_Command)
    Uart_Send_Debug_Message                  0x08000675   Thumb Code    36  uart_comm.o(.text.Uart_Send_Debug_Message)
    main                                     0x080006b1   Thumb Code    90  main.o(.text.main)
    Region$$Table$$Base                      0x0800072c   Number         0  anon$$obj.o(Region$$Table)
    Region$$Table$$Limit                     0x0800074c   Number         0  anon$$obj.o(Region$$Table)
    Circular_Buffer                          0x20000000   Data        1284  esp8266.o(.data.Circular_Buffer)
    ESP8266_Command                          0x20000504   Data          48  esp8266_config.o(.data.ESP8266_Command)
    __libspace_start                         0x20000538   Data          96  libspace.o(.bss)
    Debug_Response_Buffer                    0x20000598   Data         256  uart_comm.o(.bss.Debug_Response_Buffer)
    __temporary_stack_top$libspace           0x20000598   Data           0  libspace.o(.bss)
    Debug_Response_Length                    0x20000698   Data           1  uart_comm.o(.bss.Debug_Response_Length)
    ESP8266_Response_Buffer                  0x20000699   Data         256  uart_comm.o(.bss.ESP8266_Response_Buffer)
    ESP8266_Response_Length                  0x20000799   Data           1  uart_comm.o(.bss.ESP8266_Response_Length)
    Internal_Counter                         0x2000079c   Data           4  sys_timer.o(.bss.Internal_Counter)



==============================================================================

Memory Map of the image

  Image Entry point : 0x080001e1

  Load Region LR_1 (Base: 0x08000000, Size: 0x00000c80, Max: 0xffffffff, ABSOLUTE, COMPRESSED[0x00000784])

    Execution Region ER_RO (Exec base: 0x08000000, Load base: 0x08000000, Size: 0x0000074c, Max: 0xffffffff, ABSOLUTE)

    Exec Addr    Load Addr    Size         Type   Attr      Idx    E Section Name        Object

    0x08000000   0x08000000   0x00000124   Data   RO          112    RESET               startup_stm32l152xe.o
    0x08000124   0x08000124   0x00000008   Code   RO          139  * !!!main             c_w.l(__main.o)
    0x0800012c   0x0800012c   0x00000034   Code   RO          304    !!!scatter          c_w.l(__scatter.o)
    0x08000160   0x08000160   0x0000003a   Code   RO          302    !!dczerorl          c_w.l(__dczerorl.o)
    0x0800019a   0x0800019a   0x00000002   PAD
    0x0800019c   0x0800019c   0x0000001c   Code   RO          306    !!handler_zi        c_w.l(__scatter_zi.o)
    0x080001b8   0x080001b8   0x00000002   Code   RO          166    .ARM.Collect$$libinit$$00000000  c_w.l(libinit.o)
    0x080001ba   0x080001ba   0x00000000   Code   RO          173    .ARM.Collect$$libinit$$00000002  c_w.l(libinit2.o)
    0x080001ba   0x080001ba   0x00000000   Code   RO          175    .ARM.Collect$$libinit$$00000004  c_w.l(libinit2.o)
    0x080001ba   0x080001ba   0x00000000   Code   RO          178    .ARM.Collect$$libinit$$0000000A  c_w.l(libinit2.o)
    0x080001ba   0x080001ba   0x00000000   Code   RO          180    .ARM.Collect$$libinit$$0000000C  c_w.l(libinit2.o)
    0x080001ba   0x080001ba   0x00000000   Code   RO          182    .ARM.Collect$$libinit$$0000000E  c_w.l(libinit2.o)
    0x080001ba   0x080001ba   0x00000000   Code   RO          185    .ARM.Collect$$libinit$$00000011  c_w.l(libinit2.o)
    0x080001ba   0x080001ba   0x00000000   Code   RO          187    .ARM.Collect$$libinit$$00000013  c_w.l(libinit2.o)
    0x080001ba   0x080001ba   0x00000000   Code   RO          189    .ARM.Collect$$libinit$$00000015  c_w.l(libinit2.o)
    0x080001ba   0x080001ba   0x00000000   Code   RO          191    .ARM.Collect$$libinit$$00000017  c_w.l(libinit2.o)
    0x080001ba   0x080001ba   0x00000000   Code   RO          193    .ARM.Collect$$libinit$$00000019  c_w.l(libinit2.o)
    0x080001ba   0x080001ba   0x00000000   Code   RO          195    .ARM.Collect$$libinit$$0000001B  c_w.l(libinit2.o)
    0x080001ba   0x080001ba   0x00000000   Code   RO          197    .ARM.Collect$$libinit$$0000001D  c_w.l(libinit2.o)
    0x080001ba   0x080001ba   0x00000000   Code   RO          199    .ARM.Collect$$libinit$$0000001F  c_w.l(libinit2.o)
    0x080001ba   0x080001ba   0x00000000   Code   RO          201    .ARM.Collect$$libinit$$00000021  c_w.l(libinit2.o)
    0x080001ba   0x080001ba   0x00000000   Code   RO          203    .ARM.Collect$$libinit$$00000023  c_w.l(libinit2.o)
    0x080001ba   0x080001ba   0x00000000   Code   RO          205    .ARM.Collect$$libinit$$00000025  c_w.l(libinit2.o)
    0x080001ba   0x080001ba   0x00000000   Code   RO          209    .ARM.Collect$$libinit$$0000002C  c_w.l(libinit2.o)
    0x080001ba   0x080001ba   0x00000000   Code   RO          211    .ARM.Collect$$libinit$$0000002E  c_w.l(libinit2.o)
    0x080001ba   0x080001ba   0x00000000   Code   RO          213    .ARM.Collect$$libinit$$00000030  c_w.l(libinit2.o)
    0x080001ba   0x080001ba   0x00000000   Code   RO          215    .ARM.Collect$$libinit$$00000032  c_w.l(libinit2.o)
    0x080001ba   0x080001ba   0x00000002   Code   RO          216    .ARM.Collect$$libinit$$00000033  c_w.l(libinit2.o)
    0x080001bc   0x080001bc   0x00000002   Code   RO          238    .ARM.Collect$$libshutdown$$00000000  c_w.l(libshutdown.o)
    0x080001be   0x080001be   0x00000000   Code   RO          253    .ARM.Collect$$libshutdown$$00000002  c_w.l(libshutdown2.o)
    0x080001be   0x080001be   0x00000000   Code   RO          255    .ARM.Collect$$libshutdown$$00000004  c_w.l(libshutdown2.o)
    0x080001be   0x080001be   0x00000000   Code   RO          258    .ARM.Collect$$libshutdown$$00000007  c_w.l(libshutdown2.o)
    0x080001be   0x080001be   0x00000000   Code   RO          261    .ARM.Collect$$libshutdown$$0000000A  c_w.l(libshutdown2.o)
    0x080001be   0x080001be   0x00000000   Code   RO          263    .ARM.Collect$$libshutdown$$0000000C  c_w.l(libshutdown2.o)
    0x080001be   0x080001be   0x00000000   Code   RO          266    .ARM.Collect$$libshutdown$$0000000F  c_w.l(libshutdown2.o)
    0x080001be   0x080001be   0x00000002   Code   RO          267    .ARM.Collect$$libshutdown$$00000010  c_w.l(libshutdown2.o)
    0x080001c0   0x080001c0   0x00000000   Code   RO          141    .ARM.Collect$$rtentry$$00000000  c_w.l(__rtentry.o)
    0x080001c0   0x080001c0   0x00000000   Code   RO          143    .ARM.Collect$$rtentry$$00000002  c_w.l(__rtentry2.o)
    0x080001c0   0x080001c0   0x00000006   Code   RO          155    .ARM.Collect$$rtentry$$00000004  c_w.l(__rtentry4.o)
    0x080001c6   0x080001c6   0x00000000   Code   RO          145    .ARM.Collect$$rtentry$$00000009  c_w.l(__rtentry2.o)
    0x080001c6   0x080001c6   0x00000004   Code   RO          146    .ARM.Collect$$rtentry$$0000000A  c_w.l(__rtentry2.o)
    0x080001ca   0x080001ca   0x00000000   Code   RO          148    .ARM.Collect$$rtentry$$0000000C  c_w.l(__rtentry2.o)
    0x080001ca   0x080001ca   0x00000008   Code   RO          149    .ARM.Collect$$rtentry$$0000000D  c_w.l(__rtentry2.o)
    0x080001d2   0x080001d2   0x00000002   Code   RO          170    .ARM.Collect$$rtexit$$00000000  c_w.l(rtexit.o)
    0x080001d4   0x080001d4   0x00000000   Code   RO          218    .ARM.Collect$$rtexit$$00000002  c_w.l(rtexit2.o)
    0x080001d4   0x080001d4   0x00000004   Code   RO          219    .ARM.Collect$$rtexit$$00000003  c_w.l(rtexit2.o)
    0x080001d8   0x080001d8   0x00000006   Code   RO          220    .ARM.Collect$$rtexit$$00000004  c_w.l(rtexit2.o)
    0x080001de   0x080001de   0x00000002   PAD
    0x080001e0   0x080001e0   0x00000040   Code   RO          113  * .text               startup_stm32l152xe.o
    0x08000220   0x08000220   0x00000006   Code   RO          137    .text               c_w.l(heapauxi.o)
    0x08000226   0x08000226   0x0000004a   Code   RO          157    .text               c_w.l(sys_stackheap_outer.o)
    0x08000270   0x08000270   0x00000012   Code   RO          159    .text               c_w.l(exit.o)
    0x08000282   0x08000282   0x00000002   PAD
    0x08000284   0x08000284   0x00000008   Code   RO          167    .text               c_w.l(libspace.o)
    0x0800028c   0x0800028c   0x0000000c   Code   RO          228    .text               c_w.l(sys_exit.o)
    0x08000298   0x08000298   0x00000002   Code   RO          243    .text               c_w.l(use_no_semi.o)
    0x0800029a   0x0800029a   0x00000000   Code   RO          245    .text               c_w.l(indicate_semi.o)
    0x0800029a   0x0800029a   0x00000002   PAD
    0x0800029c   0x0800029c   0x00000016   Code   RO           95    .text.ESP8266_Echo_Off  esp8266.o
    0x080002b2   0x080002b2   0x00000002   PAD
    0x080002b4   0x080002b4   0x0000003c   Code   RO           99    .text.ESP8266_Main  esp8266.o
    0x080002f0   0x080002f0   0x00000040   Code   RO           97    .text.ESP8266_Process_Response  esp8266.o
    0x08000330   0x08000330   0x00000014   Code   RO           91    .text.ESP8266_Test  esp8266.o
    0x08000344   0x08000344   0x00000014   Code   RO           93    .text.ESP8266_Version  esp8266.o
    0x08000358   0x08000358   0x00000012   Code   RO           30    .text.Enable_Timeout_Counter  sys_timer.o
    0x0800036a   0x0800036a   0x00000002   PAD
    0x0800036c   0x0800036c   0x0000002e   Code   RO           32    .text.Init_System_Timer  sys_timer.o
    0x0800039a   0x0800039a   0x00000002   PAD
    0x0800039c   0x0800039c   0x0000000c   Code   RO           45    .text.Init_Uart_For_Communication  uart.o
    0x080003a8   0x080003a8   0x000000a6   Code   RO           49    .text.Init_Uart_For_Debug  uart.o
    0x0800044e   0x0800044e   0x00000002   PAD
    0x08000450   0x08000450   0x000000a8   Code   RO           47    .text.Init_Uart_For_Esp8266  uart.o
    0x080004f8   0x080004f8   0x00000028   Code   RO           13    .text.Init_User_Led  gpio.o
    0x08000520   0x08000520   0x00000018   Code   RO           17    .text.Reset_User_Led  gpio.o
    0x08000538   0x08000538   0x00000018   Code   RO           15    .text.Set_User_Led  gpio.o
    0x08000550   0x08000550   0x00000016   Code   RO           34    .text.SysTick_Handler  sys_timer.o
    0x08000566   0x08000566   0x00000002   PAD
    0x08000568   0x08000568   0x00000002   Code   RO          120    .text.SystemInit    system_stm32l1xx.o
    0x0800056a   0x0800056a   0x00000002   PAD
    0x0800056c   0x0800056c   0x00000050   Code   RO           63    .text.USART2_IRQHandler  uart_comm.o
    0x080005bc   0x080005bc   0x00000088   Code   RO           61    .text.USART3_IRQHandler  uart_comm.o
    0x08000644   0x08000644   0x0000000a   Code   RO           69    .text.Uart_Send_Char  uart_comm.o
    0x0800064e   0x0800064e   0x00000002   PAD
    0x08000650   0x08000650   0x00000024   Code   RO           65    .text.Uart_Send_Command  uart_comm.o
    0x08000674   0x08000674   0x00000024   Code   RO           67    .text.Uart_Send_Debug_Message  uart_comm.o
    0x08000698   0x08000698   0x00000016   Code   RO           51    .text.__NVIC_EnableIRQ  uart.o
    0x080006ae   0x080006ae   0x00000002   PAD
    0x080006b0   0x080006b0   0x0000005a   Code   RO            2    .text.main          main.o
    0x0800070a   0x0800070a   0x00000022   Data   RO           84    .rodata.str1.1      esp8266_config.o
    0x0800072c   0x0800072c   0x00000020   Data   RO          301    Region$$Table       anon$$obj.o


    Execution Region ER_RW (Exec base: 0x20000000, Load base: 0x0800074c, Size: 0x00000534, Max: 0xffffffff, ABSOLUTE, COMPRESSED[0x00000038])

    Exec Addr    Load Addr    Size         Type   Attr      Idx    E Section Name        Object

    0x20000000   COMPRESSED   0x00000504   Data   RW          102    .data.Circular_Buffer  esp8266.o
    0x20000504   COMPRESSED   0x00000030   Data   RW           85    .data.ESP8266_Command  esp8266_config.o


    Execution Region ER_ZI (Exec base: 0x20000538, Load base: 0x08000784, Size: 0x00000868, Max: 0xffffffff, ABSOLUTE)

    Exec Addr    Load Addr    Size         Type   Attr      Idx    E Section Name        Object

    0x20000538        -       0x00000060   Zero   RW          168    .bss                c_w.l(libspace.o)
    0x20000598        -       0x00000100   Zero   RW           74    .bss.Debug_Response_Buffer  uart_comm.o
    0x20000698        -       0x00000001   Zero   RW           72    .bss.Debug_Response_Length  uart_comm.o
    0x20000699        -       0x00000100   Zero   RW           73    .bss.ESP8266_Response_Buffer  uart_comm.o
    0x20000799        -       0x00000001   Zero   RW           71    .bss.ESP8266_Response_Length  uart_comm.o
    0x2000079a   0x08000784   0x00000002   PAD
    0x2000079c        -       0x00000004   Zero   RW           36    .bss.Internal_Counter  sys_timer.o
    0x200007a0        -       0x00000200   Zero   RW          111    HEAP                startup_stm32l152xe.o
    0x200009a0        -       0x00000400   Zero   RW          110    STACK               startup_stm32l152xe.o


==============================================================================

Image component sizes


      Code (inc. data)   RO Data    RW Data    ZI Data      Debug   Object Name

       186          0          0       1284          0       2196   esp8266.o
         0          0         34         48          0        972   esp8266_config.o
        88          0          0          0          0       1425   gpio.o
        90          0          0          0          0        700   main.o
        64         26        292          0       1536        856   startup_stm32l152xe.o
        86          0          0          0          4       1251   sys_timer.o
         2          0          0          0          0       1958   system_stm32l1xx.o
       368          0          0          0          0       3789   uart.o
       298          0          0          0        514       2281   uart_comm.o

    ----------------------------------------------------------------------
      1198         26        358       1332       2056      15428   Object Totals
         0          0         32          0          0          0   (incl. Generated)
        16          0          0          0          2          0   (incl. Padding)

    ----------------------------------------------------------------------

      Code (inc. data)   RO Data    RW Data    ZI Data      Debug   Library Member Name

        58          0          0          0          0          0   __dczerorl.o
         8          0          0          0          0         68   __main.o
         0          0          0          0          0          0   __rtentry.o
        12          0          0          0          0          0   __rtentry2.o
         6          0          0          0          0          0   __rtentry4.o
        52          8          0          0          0          0   __scatter.o
        28          0          0          0          0          0   __scatter_zi.o
        18          0          0          0          0         80   exit.o
         6          0          0          0          0        152   heapauxi.o
         0          0          0          0          0          0   indicate_semi.o
         2          0          0          0          0          0   libinit.o
         2          0          0          0          0          0   libinit2.o
         2          0          0          0          0          0   libshutdown.o
         2          0          0          0          0          0   libshutdown2.o
         8          4          0          0         96         68   libspace.o
         2          0          0          0          0          0   rtexit.o
        10          0          0          0          0          0   rtexit2.o
        12          4          0          0          0         68   sys_exit.o
        74          0          0          0          0         80   sys_stackheap_outer.o
         2          0          0          0          0         68   use_no_semi.o

    ----------------------------------------------------------------------
       312         16          0          0         96        584   Library Totals
         8          0          0          0          0          0   (incl. Padding)

    ----------------------------------------------------------------------

      Code (inc. data)   RO Data    RW Data    ZI Data      Debug   Library Name

       304         16          0          0         96        584   c_w.l

    ----------------------------------------------------------------------
       312         16          0          0         96        584   Library Totals

    ----------------------------------------------------------------------

==============================================================================


      Code (inc. data)   RO Data    RW Data    ZI Data      Debug   

      1510         42        358       1332       2152      15784   Grand Totals
      1510         42        358         56       2152      15784   ELF Image Totals (compressed)
      1510         42        358         56          0          0   ROM Totals

==============================================================================

    Total RO  Size (Code + RO Data)                 1868 (   1.82kB)
    Total RW  Size (RW Data + ZI Data)              3484 (   3.40kB)
    Total ROM Size (Code + RO Data + RW Data)       1924 (   1.88kB)

==============================================================================

