Component: ARM Compiler 6.16 Tool: armlink [5dfeaa00]

==============================================================================

Section Cross References

    main.o(.text) refers (Special) to _printf_d.o(.ARM.Collect$$_printf_percent$$00000009) for _printf_d
    main.o(.text) refers (Special) to _printf_dec.o(.text) for _printf_int_dec
    main.o(.text) refers (Special) to _printf_percent.o(.ARM.Collect$$_printf_percent$$00000000) for _printf_percent
    main.o(.text.main) refers (Special) to _printf_d.o(.ARM.Collect$$_printf_percent$$00000009) for _printf_d
    main.o(.text.main) refers (Special) to _printf_dec.o(.text) for _printf_int_dec
    main.o(.text.main) refers (Special) to _printf_percent.o(.ARM.Collect$$_printf_percent$$00000000) for _printf_percent
    main.o(.text.main) refers to sys_timer.o(.text.Init_System_Timer) for Init_System_Timer
    main.o(.text.main) refers to uart.o(.text.Init_Uart_For_Communication) for Init_Uart_For_Communication
    main.o(.text.main) refers to gpio.o(.text.Init_User_Led) for Init_User_Led
    main.o(.text.main) refers to crc_calculation.o(.text.Crc_Init) for Crc_Init
    main.o(.text.main) refers to flash_unit.o(.text.FLASH_Init) for FLASH_Init
    main.o(.text.main) refers to esp8266.o(.text.ESP8266_Echo_Off) for ESP8266_Echo_Off
    main.o(.text.main) refers to esp8266.o(.text.ESP8266_Test) for ESP8266_Test
    main.o(.text.main) refers to esp8266.o(.text.ESP8266_Version) for ESP8266_Version
    main.o(.text.main) refers to esp8266.o(.text.UDP) for UDP
    main.o(.text.main) refers to main.o(.bss.Message) for Message
    main.o(.text.main) refers to main.o(.bss.Test_Counter) for Test_Counter
    main.o(.text.main) refers to __2sprintf.o(.text) for __2sprintf
    main.o(.text.main) refers to esp8266.o(.text.ESP8266_Sends_Data_UDP_Transmission) for ESP8266_Sends_Data_UDP_Transmission
    main.o(.ARM.exidx.text.main) refers (Special) to _printf_d.o(.ARM.Collect$$_printf_percent$$00000009) for _printf_d
    main.o(.ARM.exidx.text.main) refers (Special) to _printf_dec.o(.text) for _printf_int_dec
    main.o(.ARM.exidx.text.main) refers (Special) to _printf_percent.o(.ARM.Collect$$_printf_percent$$00000000) for _printf_percent
    main.o(.ARM.exidx.text.main) refers to main.o(.text.main) for [Anonymous Symbol]
    main.o(.bss.Test_Counter) refers (Special) to _printf_d.o(.ARM.Collect$$_printf_percent$$00000009) for _printf_d
    main.o(.bss.Test_Counter) refers (Special) to _printf_dec.o(.text) for _printf_int_dec
    main.o(.bss.Test_Counter) refers (Special) to _printf_percent.o(.ARM.Collect$$_printf_percent$$00000000) for _printf_percent
    main.o(.bss.result) refers (Special) to _printf_d.o(.ARM.Collect$$_printf_percent$$00000009) for _printf_d
    main.o(.bss.result) refers (Special) to _printf_dec.o(.text) for _printf_int_dec
    main.o(.bss.result) refers (Special) to _printf_percent.o(.ARM.Collect$$_printf_percent$$00000000) for _printf_percent
    main.o(.bss.Message) refers (Special) to _printf_d.o(.ARM.Collect$$_printf_percent$$00000009) for _printf_d
    main.o(.bss.Message) refers (Special) to _printf_dec.o(.text) for _printf_int_dec
    main.o(.bss.Message) refers (Special) to _printf_percent.o(.ARM.Collect$$_printf_percent$$00000000) for _printf_percent
    main.o(.ARM.use_no_argv) refers (Special) to _printf_d.o(.ARM.Collect$$_printf_percent$$00000009) for _printf_d
    main.o(.ARM.use_no_argv) refers (Special) to _printf_dec.o(.text) for _printf_int_dec
    main.o(.ARM.use_no_argv) refers (Special) to _printf_percent.o(.ARM.Collect$$_printf_percent$$00000000) for _printf_percent
    gpio.o(.ARM.exidx.text.Init_User_Led) refers to gpio.o(.text.Init_User_Led) for [Anonymous Symbol]
    gpio.o(.ARM.exidx.text.Set_User_Led) refers to gpio.o(.text.Set_User_Led) for [Anonymous Symbol]
    gpio.o(.ARM.exidx.text.Reset_User_Led) refers to gpio.o(.text.Reset_User_Led) for [Anonymous Symbol]
    sys_timer.o(.text.Elapsed_Time_In_Miliseconds) refers to sys_timer.o(.bss.Internal_Counter) for Internal_Counter
    sys_timer.o(.text.Elapsed_Time_In_Miliseconds) refers to sys_timer.o(.text.Disable_Timeout_Counter) for Disable_Timeout_Counter
    sys_timer.o(.ARM.exidx.text.Elapsed_Time_In_Miliseconds) refers to sys_timer.o(.text.Elapsed_Time_In_Miliseconds) for [Anonymous Symbol]
    sys_timer.o(.ARM.exidx.text.Disable_Timeout_Counter) refers to sys_timer.o(.text.Disable_Timeout_Counter) for [Anonymous Symbol]
    sys_timer.o(.ARM.exidx.text.Enable_Timeout_Counter) refers to sys_timer.o(.text.Enable_Timeout_Counter) for [Anonymous Symbol]
    sys_timer.o(.text.Init_System_Timer) refers to sys_timer.o(.text.Enable_Timeout_Counter) for Enable_Timeout_Counter
    sys_timer.o(.ARM.exidx.text.Init_System_Timer) refers to sys_timer.o(.text.Init_System_Timer) for [Anonymous Symbol]
    sys_timer.o(.text.SysTick_Handler) refers to sys_timer.o(.bss.Internal_Counter) for Internal_Counter
[...]
    esp8266.o(.text.ESP8266_Main) refers to esp8266.o(.text.ESP8266_Sends_Data_UDP_Transmission) for ESP8266_Sends_Data_UDP_Transmission
    esp8266.o(.text.ESP8266_Main) refers to my_protocol.o(.text.Peripheral_Control) for Peripheral_Control
    esp8266.o(.text.ESP8266_Main) refers to __2sprintf.o(.text) for __2sprintf
    esp8266.o(.text.ESP8266_Main) refers to my_protocol.o(.text.Device_Information_Function) for Device_Information_Function
    esp8266.o(.text.ESP8266_Main) refers to esp8266.o(.bss.otp) for otp
    esp8266.o(.ARM.exidx.text.ESP8266_Main) refers (Special) to _printf_d.o(.ARM.Collect$$_printf_percent$$00000009) for _printf_d
    esp8266.o(.ARM.exidx.text.ESP8266_Main) refers (Special) to _printf_dec.o(.text) for _printf_int_dec
    esp8266.o(.ARM.exidx.text.ESP8266_Main) refers (Special) to _printf_percent.o(.ARM.Collect$$_printf_percent$$00000000) for _printf_percent
    esp8266.o(.ARM.exidx.text.ESP8266_Main) refers (Special) to _printf_s.o(.ARM.Collect$$_printf_percent$$00000014) for _printf_s
    esp8266.o(.ARM.exidx.text.ESP8266_Main) refers (Special) to _printf_str.o(.text) for _printf_str
    esp8266.o(.ARM.exidx.text.ESP8266_Main) refers to esp8266.o(.text.ESP8266_Main) for [Anonymous Symbol]
    esp8266.o(.data.Crc_Res) refers (Special) to _printf_d.o(.ARM.Collect$$_printf_percent$$00000009) for _printf_d
    esp8266.o(.data.Crc_Res) refers (Special) to _printf_dec.o(.text) for _printf_int_dec
    esp8266.o(.data.Crc_Res) refers (Special) to _printf_percent.o(.ARM.Collect$$_printf_percent$$00000000) for _printf_percent
    esp8266.o(.data.Crc_Res) refers (Special) to _printf_s.o(.ARM.Collect$$_printf_percent$$00000014) for _printf_s
    esp8266.o(.data.Crc_Res) refers (Special) to _printf_str.o(.text) for _printf_str
    esp8266.o(.bss.otp) refers (Special) to _printf_d.o(.ARM.Collect$$_printf_percent$$00000009) for _printf_d
    esp8266.o(.bss.otp) refers (Special) to _printf_dec.o(.text) for _printf_int_dec
    esp8266.o(.bss.otp) refers (Special) to _printf_percent.o(.ARM.Collect$$_printf_percent$$00000000) for _printf_percent
    esp8266.o(.bss.otp) refers (Special) to _printf_s.o(.ARM.Collect$$_printf_percent$$00000014) for _printf_s
    esp8266.o(.bss.otp) refers (Special) to _printf_str.o(.text) for _printf_str
    esp8266.o(.data.Circular_Buffer) refers (Special) to _printf_d.o(.ARM.Collect$$_printf_percent$$00000009) for _printf_d
    esp8266.o(.data.Circular_Buffer) refers (Special) to _printf_dec.o(.text) for _printf_int_dec
    esp8266.o(.data.Circular_Buffer) refers (Special) to _printf_percent.o(.ARM.Collect$$_printf_percent$$00000000) for _printf_percent
    esp8266.o(.data.Circular_Buffer) refers (Special) to _printf_s.o(.ARM.Collect$$_printf_percent$$00000014) for _printf_s
    esp8266.o(.data.Circular_Buffer) refers (Special) to _printf_str.o(.text) for _printf_str
    esp8266.o(.bss.Response) refers (Special) to _printf_d.o(.ARM.Collect$$_printf_percent$$00000009) for _printf_d
    esp8266.o(.bss.Response) refers (Special) to _printf_dec.o(.text) for _printf_int_dec
    esp8266.o(.bss.Response) refers (Special) to _printf_percent.o(.ARM.Collect$$_printf_percent$$00000000) for _printf_percent
    esp8266.o(.bss.Response) refers (Special) to _printf_s.o(.ARM.Collect$$_printf_percent$$00000014) for _printf_s
    esp8266.o(.bss.Response) refers (Special) to _printf_str.o(.text) for _printf_str
    crc_calculation.o(.ARM.exidx.text.Crc_Init) refers to crc_calculation.o(.text.Crc_Init) for [Anonymous Symbol]
    crc_calculation.o(.ARM.exidx.text.Crc_Calculate) refers to crc_calculation.o(.text.Crc_Calculate) for [Anonymous Symbol]
    my_protocol.o(.ARM.exidx.text.Device_Information_Function) refers to my_protocol.o(.text.Device_Information_Function) for [Anonymous Symbol]
    my_protocol.o(.text.Peripheral_Control) refers to gpio.o(.text.Reset_User_Led) for Reset_User_Led
    my_protocol.o(.text.Peripheral_Control) refers to gpio.o(.text.Set_User_Led) for Set_User_Led
    my_protocol.o(.ARM.exidx.text.Peripheral_Control) refers to my_protocol.o(.text.Peripheral_Control) for [Anonymous Symbol]
    flash_unit.o(.text.FLASH_Init) refers to flash_unit.o(.text.Flash_Unlock_Operation) for Flash_Unlock_Operation
    flash_unit.o(.text.FLASH_Init) refers to flash_unit.o(.data.Program_Memory) for Program_Memory
    flash_unit.o(.text.FLASH_Init) refers to flash_unit.o(.text.FLASH_Memory_Read) for FLASH_Memory_Read
    flash_unit.o(.text.FLASH_Init) refers to flash_unit.o(.text.FLASH_Program_Memory_Page_Erase) for FLASH_Program_Memory_Page_Erase
    flash_unit.o(.text.FLASH_Init) refers to flash_unit.o(.text.FLASH_Program_Memory_Write) for FLASH_Program_Memory_Write
    flash_unit.o(.text.FLASH_Init) refers to flash_unit.o(.data.Eeprom_Data) for Eeprom_Data
    flash_unit.o(.text.FLASH_Init) refers to flash_unit.o(.text.FLASH_Eeprom_Write) for FLASH_Eeprom_Write
    flash_unit.o(.ARM.exidx.text.FLASH_Init) refers to flash_unit.o(.text.FLASH_Init) for [Anonymous Symbol]
    flash_unit.o(.ARM.exidx.text.Flash_Unlock_Operation) refers to flash_unit.o(.text.Flash_Unlock_Operation) for [Anonymous Symbol]
    flash_unit.o(.text.FLASH_Memory_Read) refers to flash_unit.o(.bss.readFromProgram) for readFromProgram
    flash_unit.o(.ARM.exidx.text.FLASH_Memory_Read) refers to flash_unit.o(.text.FLASH_Memory_Read) for [Anonymous Symbol]
    flash_unit.o(.ARM.exidx.text.FLASH_Program_Memory_Page_Erase) refers to flash_unit.o(.text.FLASH_Program_Memory_Page_Erase) for [Anonymous Symbol]
    flash_unit.o(.text.FLASH_Program_Memory_Write) refers to flash_unit.o(.data.myData) for myData
    flash_unit.o(.ARM.exidx.text.FLASH_Program_Memory_Write) refers to flash_unit.o(.text.FLASH_Program_Memory_Write) for [Anonymous Symbol]
    flash_unit.o(.text.FLASH_Eeprom_Write) refers to flash_unit.o(.data.myData) for myData
    flash_unit.o(.ARM.exidx.text.FLASH_Eeprom_Write) refers to flash_unit.o(.text.FLASH_Eeprom_Write) for [Anonymous Symbol]
    startup_stm32l152xe.o(STACK) refers (Special) to heapauxi.o(.text) for __use_two_region_memory
    startup_stm32l152xe.o(HEAP) refers (Special) to heapauxi.o(.text) for __use_two_region_memory
    startup_stm32l152xe.o(RESET) refers (Special) to heapauxi.o(.text) for __use_two_region_memory
    startup_stm32l152xe.o(RESET) refers to startup_stm32l152xe.o(STACK) for __initial_sp
    startup_stm32l152xe.o(RESET) refers to startup_stm32l152xe.o(.text) for Reset_Handler
    startup_stm32l152xe.o(RESET) refers to sys_timer.o(.text.SysTick_Handler) for SysTick_Handler
    startup_stm32l152xe.o(RESET) refers to uart_comm.o(.text.USART2_IRQHandler) for USART2_IRQHandler
    startup_stm32l152xe.o(RESET) refers to uart_comm.o(.text.USART3_IRQHandler) for USART3_IRQHandler
    startup_stm32l152xe.o(.text) refers (Special) to heapauxi.o(.text) for __use_two_region_memory
    startup_stm32l152xe.o(.text) refers to system_stm32l1xx.o(.text.SystemInit) for SystemInit
    startup_stm32l152xe.o(.text) refers to __main.o(!!!main) for __main
    startup_stm32l152xe.o(.text) refers to startup_stm32l152xe.o(HEAP) for Heap_Mem
    startup_stm32l152xe.o(.text) refers to startup_stm32l152xe.o(STACK) for Stack_Mem
    system_stm32l1xx.o(.ARM.exidx.text.SystemInit) refers to system_stm32l1xx.o(.text.SystemInit) for [Anonymous Symbol]
    system_stm32l1xx.o(.text.SystemCoreClockUpdate) refers to system_stm32l1xx.o(.rodata.PLLMulTable) for PLLMulTable
    system_stm32l1xx.o(.text.SystemCoreClockUpdate) refers to system_stm32l1xx.o(.data.SystemCoreClock) for SystemCoreClock
    system_stm32l1xx.o(.text.SystemCoreClockUpdate) refers to system_stm32l1xx.o(.rodata.AHBPrescTable) for AHBPrescTable
    system_stm32l1xx.o(.ARM.exidx.text.SystemCoreClockUpdate) refers to system_stm32l1xx.o(.text.SystemCoreClockUpdate) for [Anonymous Symbol]
    __2sprintf.o(.text) refers to _printf_char_common.o(.text) for _printf_char_common
    __2sprintf.o(.text) refers to _sputc.o(.text) for _sputc
    noretval__2sprintf.o(.text) refers to _printf_char_common.o(.text) for _printf_char_common
    noretval__2sprintf.o(.text) refers to _sputc.o(.text) for _sputc
    __printf.o(.text) refers to _printf_percent.o(.ARM.Collect$$_printf_percent$$00000000) for _printf_percent
    _printf_str.o(.text) refers (Special) to _printf_char.o(.text) for _printf_cs_common
    _printf_dec.o(.text) refers to _printf_intcommon.o(.text) for _printf_int_common
    __printf_flags.o(.text) refers to _printf_percent.o(.ARM.Collect$$_printf_percent$$00000000) for _printf_percent
    __printf_flags.o(.text) refers to __printf_flags.o(.constdata) for .constdata
    __printf_ss.o(.text) refers to _printf_percent.o(.ARM.Collect$$_printf_percent$$00000000) for _printf_percent
    __printf_flags_ss.o(.text) refers to _printf_percent.o(.ARM.Collect$$_printf_percent$$00000000) for _printf_percent
    __printf_flags_ss.o(.text) refers to __printf_flags_ss.o(.constdata) for .constdata
    __printf_wp.o(.text) refers to __printf_wp.o(i._is_digit) for _is_digit
    __printf_wp.o(.text) refers to _printf_percent.o(.ARM.Collect$$_printf_percent$$00000000) for _printf_percent
    __printf_flags_wp.o(.text) refers to __printf_wp.o(i._is_digit) for _is_digit
    __printf_flags_wp.o(.text) refers to _printf_percent.o(.ARM.Collect$$_printf_percent$$00000000) for _printf_percent
    __printf_flags_wp.o(.text) refers to __printf_flags_wp.o(.constdata) for .constdata
    __printf_ss_wp.o(.text) refers to __printf_wp.o(i._is_digit) for _is_digit
    __printf_ss_wp.o(.text) refers to _printf_percent.o(.ARM.Collect$$_printf_percent$$00000000) for _printf_percent
    __printf_flags_ss_wp.o(.text) refers to __printf_wp.o(i._is_digit) for _is_digit
    __printf_flags_ss_wp.o(.text) refers to _printf_percent.o(.ARM.Collect$$_printf_percent$$00000000) for _printf_percent
    __printf_flags_ss_wp.o(.text) refers to __printf_flags_ss_wp.o(.constdata) for .constdata
    _printf_s.o(.ARM.Collect$$_printf_percent$$00000014) refers (Weak) to _printf_char.o(.text) for _printf_string
    _printf_d.o(.ARM.Collect$$_printf_percent$$00000009) refers (Weak) to _printf_dec.o(.text) for _printf_int_dec
    _printf_percent.o(.ARM.Collect$$_printf_percent$$00000000) refers (Special) to _printf_percent_end.o(.ARM.Collect$$_printf_percent$$00000017) for _printf_percent_end
    __main.o(!!!main) refers to __rtentry.o(.ARM.Collect$$rtentry$$00000000) for __rt_entry
    __rtentry.o(.ARM.Collect$$rtentry$$00000000) refers (Special) to __rtentry2.o(.ARM.Collect$$rtentry$$0000000A) for __rt_entry_li
    __rtentry.o(.ARM.Collect$$rtentry$$00000000) refers (Special) to __rtentry2.o(.ARM.Collect$$rtentry$$0000000D) for __rt_entry_main
    __rtentry.o(.ARM.Collect$$rtentry$$00000000) refers (Special) to __rtentry2.o(.ARM.Collect$$rtentry$$0000000C) for __rt_entry_postli_1
    __rtentry.o(.ARM.Collect$$rtentry$$00000000) refers (Special) to __rtentry2.o(.ARM.Collect$$rtentry$$00000009) for __rt_entry_postsh_1
    __rtentry.o(.ARM.Collect$$rtentry$$00000000) refers (Special) to __rtentry2.o(.ARM.Collect$$rtentry$$00000002) for __rt_entry_presh_1
    __rtentry.o(.ARM.Collect$$rtentry$$00000000) refers (Special) to __rtentry4.o(.ARM.Collect$$rtentry$$00000004) for __rt_entry_sh
    _printf_char_common.o(.text) refers to __printf.o(.text) for __printf
    _printf_char.o(.text) refers (Weak) to _printf_str.o(.text) for _printf_str
    __rtentry2.o(.ARM.Collect$$rtentry$$00000008) refers to boardinit2.o(.text) for _platform_post_stackheap_init
    __rtentry2.o(.ARM.Collect$$rtentry$$0000000A) refers to libinit.o(.ARM.Collect$$libinit$$00000000) for __rt_lib_init
    __rtentry2.o(.ARM.Collect$$rtentry$$0000000B) refers to boardinit3.o(.text) for _platform_post_lib_init
    __rtentry2.o(.ARM.Collect$$rtentry$$0000000D) refers to main.o(.text.main) for main
    __rtentry2.o(.ARM.Collect$$rtentry$$0000000D) refers to exit.o(.text) for exit
    __rtentry2.o(.ARM.exidx) refers to __rtentry2.o(.ARM.Collect$$rtentry$$00000001) for .ARM.Collect$$rtentry$$00000001
    __rtentry2.o(.ARM.exidx) refers to __rtentry2.o(.ARM.Collect$$rtentry$$00000008) for .ARM.Collect$$rtentry$$00000008
    __rtentry2.o(.ARM.exidx) refers to __rtentry2.o(.ARM.Collect$$rtentry$$0000000A) for .ARM.Collect$$rtentry$$0000000A
    __rtentry2.o(.ARM.exidx) refers to __rtentry2.o(.ARM.Collect$$rtentry$$0000000B) for .ARM.Collect$$rtentry$$0000000B
    __rtentry2.o(.ARM.exidx) refers to __rtentry2.o(.ARM.Collect$$rtentry$$0000000D) for .ARM.Collect$$rtentry$$0000000D
    __rtentry4.o(.ARM.Collect$$rtentry$$00000004) refers to sys_stackheap_outer.o(.text) for __user_setup_stackheap
    __rtentry4.o(.ARM.exidx) refers to __rtentry4.o(.ARM.Collect$$rtentry$$00000004) for .ARM.Collect$$rtentry$$00000004
    sys_stackheap_outer.o(.text) refers to libspace.o(.text) for __user_perproc_libspace
    sys_stackheap_outer.o(.text) refers to startup_stm32l152xe.o(.text) for __user_initial_stackheap
    exit.o(.text) refers to rtexit.o(.ARM.Collect$$rtexit$$00000000) for __rt_exit
    libinit.o(.ARM.Collect$$libinit$$00000000) refers (Special) to libinit2.o(.ARM.Collect$$libinit$$0000002E) for __rt_lib_init_alloca_1
    libinit.o(.ARM.Collect$$libinit$$00000000) refers (Special) to libinit2.o(.ARM.Collect$$libinit$$0000002C) for __rt_lib_init_argv_1
    libinit.o(.ARM.Collect$$libinit$$00000000) refers (Special) to libinit2.o(.ARM.Collect$$libinit$$0000001B) for __rt_lib_init_atexit_1
    libinit.o(.ARM.Collect$$libinit$$00000000) refers (Special) to libinit2.o(.ARM.Collect$$libinit$$00000021) for __rt_lib_init_clock_1
    libinit.o(.ARM.Collect$$libinit$$00000000) refers (Special) to libinit2.o(.ARM.Collect$$libinit$$00000032) for __rt_lib_init_cpp_1
    libinit.o(.ARM.Collect$$libinit$$00000000) refers (Special) to libinit2.o(.ARM.Collect$$libinit$$00000030) for __rt_lib_init_exceptions_1
    libinit.o(.ARM.Collect$$libinit$$00000000) refers (Special) to libinit2.o(.ARM.Collect$$libinit$$00000002) for __rt_lib_init_fp_1
    libinit.o(.ARM.Collect$$libinit$$00000000) refers (Special) to libinit2.o(.ARM.Collect$$libinit$$0000001F) for __rt_lib_init_fp_trap_1
    libinit.o(.ARM.Collect$$libinit$$00000000) refers (Special) to libinit2.o(.ARM.Collect$$libinit$$00000023) for __rt_lib_init_getenv_1
    libinit.o(.ARM.Collect$$libinit$$00000000) refers (Special) to libinit2.o(.ARM.Collect$$libinit$$0000000A) for __rt_lib_init_heap_1
    libinit.o(.ARM.Collect$$libinit$$00000000) refers (Special) to libinit2.o(.ARM.Collect$$libinit$$00000011) for __rt_lib_init_lc_collate_1
    libinit.o(.ARM.Collect$$libinit$$00000000) refers (Special) to libinit2.o(.ARM.Collect$$libinit$$00000013) for __rt_lib_init_lc_ctype_1
    libinit.o(.ARM.Collect$$libinit$$00000000) refers (Special) to libinit2.o(.ARM.Collect$$libinit$$00000015) for __rt_lib_init_lc_monetary_1
    libinit.o(.ARM.Collect$$libinit$$00000000) refers (Special) to libinit2.o(.ARM.Collect$$libinit$$00000017) for __rt_lib_init_lc_numeric_1
    libinit.o(.ARM.Collect$$libinit$$00000000) refers (Special) to libinit2.o(.ARM.Collect$$libinit$$00000019) for __rt_lib_init_lc_time_1
    libinit.o(.ARM.Collect$$libinit$$00000000) refers (Special) to libinit2.o(.ARM.Collect$$libinit$$00000004) for __rt_lib_init_preinit_1
    libinit.o(.ARM.Collect$$libinit$$00000000) refers (Special) to libinit2.o(.ARM.Collect$$libinit$$0000000E) for __rt_lib_init_rand_1
    libinit.o(.ARM.Collect$$libinit$$00000000) refers (Special) to libinit2.o(.ARM.Collect$$libinit$$00000033) for __rt_lib_init_return
    libinit.o(.ARM.Collect$$libinit$$00000000) refers (Special) to libinit2.o(.ARM.Collect$$libinit$$0000001D) for __rt_lib_init_signal_1
    libinit.o(.ARM.Collect$$libinit$$00000000) refers (Special) to libinit2.o(.ARM.Collect$$libinit$$00000025) for __rt_lib_init_stdio_1
    libinit.o(.ARM.Collect$$libinit$$00000000) refers (Special) to libinit2.o(.ARM.Collect$$libinit$$0000000C) for __rt_lib_init_user_alloc_1
    libspace.o(.text) refers to libspace.o(.bss) for __libspace_start
    rtexit.o(.ARM.Collect$$rtexit$$00000000) refers (Special) to rtexit2.o(.ARM.Collect$$rtexit$$00000004) for __rt_exit_exit
    rtexit.o(.ARM.Collect$$rtexit$$00000000) refers (Special) to rtexit2.o(.ARM.Collect$$rtexit$$00000003) for __rt_exit_ls
    rtexit.o(.ARM.Collect$$rtexit$$00000000) refers (Special) to rtexit2.o(.ARM.Collect$$rtexit$$00000002) for __rt_exit_prels_1
    rtexit.o(.ARM.exidx) refers (Special) to rtexit2.o(.ARM.Collect$$rtexit$$00000004) for __rt_exit_exit
    rtexit.o(.ARM.exidx) refers (Special) to rtexit2.o(.ARM.Collect$$rtexit$$00000003) for __rt_exit_ls
    rtexit.o(.ARM.exidx) refers (Special) to rtexit2.o(.ARM.Collect$$rtexit$$00000002) for __rt_exit_prels_1
    rtexit.o(.ARM.exidx) refers to rtexit.o(.ARM.Collect$$rtexit$$00000000) for .ARM.Collect$$rtexit$$00000000
    libinit2.o(.ARM.Collect$$libinit$$00000010) refers to libinit2.o(.ARM.Collect$$libinit$$0000000F) for .ARM.Collect$$libinit$$0000000F
    libinit2.o(.ARM.Collect$$libinit$$00000012) refers to libinit2.o(.ARM.Collect$$libinit$$0000000F) for .ARM.Collect$$libinit$$0000000F
    libinit2.o(.ARM.Collect$$libinit$$00000014) refers to libinit2.o(.ARM.Collect$$libinit$$0000000F) for .ARM.Collect$$libinit$$0000000F
    libinit2.o(.ARM.Collect$$libinit$$00000016) refers to libinit2.o(.ARM.Collect$$libinit$$0000000F) for .ARM.Collect$$libinit$$0000000F
    libinit2.o(.ARM.Collect$$libinit$$00000018) refers to libinit2.o(.ARM.Collect$$libinit$$0000000F) for .ARM.Collect$$libinit$$0000000F
    libinit2.o(.ARM.Collect$$libinit$$00000026) refers to argv_veneer.o(.emb_text) for __ARM_argv_veneer
    libinit2.o(.ARM.Collect$$libinit$$00000027) refers to argv_veneer.o(.emb_text) for __ARM_argv_veneer
    rtexit2.o(.ARM.Collect$$rtexit$$00000003) refers to libshutdown.o(.ARM.Collect$$libshutdown$$00000000) for __rt_lib_shutdown
    rtexit2.o(.ARM.Collect$$rtexit$$00000004) refers to sys_exit.o(.text) for _sys_exit
    rtexit2.o(.ARM.exidx) refers to rtexit2.o(.ARM.Collect$$rtexit$$00000001) for .ARM.Collect$$rtexit$$00000001
    rtexit2.o(.ARM.exidx) refers to rtexit2.o(.ARM.Collect$$rtexit$$00000003) for .ARM.Collect$$rtexit$$00000003
    rtexit2.o(.ARM.exidx) refers to rtexit2.o(.ARM.Collect$$rtexit$$00000004) for .ARM.Collect$$rtexit$$00000004
    argv_veneer.o(.emb_text) refers to no_argv.o(.text) for __ARM_get_argv
    sys_exit.o(.text) refers (Special) to use_no_semi.o(.text) for __I$use$semihosting
    sys_exit.o(.text) refers (Special) to indicate_semi.o(.text) for __semihosting_library_function
    sys_exit_hlt.o(.text) refers (Special) to use_no_semi.o(.text) for __I$use$semihosting
    sys_exit_hlt.o(.text) refers (Special) to indicate_semi.o(.text) for __semihosting_library_function
    _get_argv_nomalloc.o(.text) refers (Special) to hrguard.o(.text) for __heap_region$guard
    _get_argv_nomalloc.o(.text) refers to defsig_rtmem_outer.o(.text) for __rt_SIGRTMEM
    _get_argv_nomalloc.o(.text) refers to sys_command.o(.text) for _sys_command_string
    libshutdown.o(.ARM.Collect$$libshutdown$$00000000) refers (Special) to libshutdown2.o(.ARM.Collect$$libshutdown$$00000002) for __rt_lib_shutdown_cpp_1
    libshutdown.o(.ARM.Collect$$libshutdown$$00000000) refers (Special) to libshutdown2.o(.ARM.Collect$$libshutdown$$00000007) for __rt_lib_shutdown_fp_trap_1
    libshutdown.o(.ARM.Collect$$libshutdown$$00000000) refers (Special) to libshutdown2.o(.ARM.Collect$$libshutdown$$0000000F) for __rt_lib_shutdown_heap_1
    libshutdown.o(.ARM.Collect$$libshutdown$$00000000) refers (Special) to libshutdown2.o(.ARM.Collect$$libshutdown$$00000010) for __rt_lib_shutdown_return
    libshutdown.o(.ARM.Collect$$libshutdown$$00000000) refers (Special) to libshutdown2.o(.ARM.Collect$$libshutdown$$0000000A) for __rt_lib_shutdown_signal_1
    libshutdown.o(.ARM.Collect$$libshutdown$$00000000) refers (Special) to libshutdown2.o(.ARM.Collect$$libshutdown$$00000004) for __rt_lib_shutdown_stdio_1
    libshutdown.o(.ARM.Collect$$libshutdown$$00000000) refers (Special) to libshutdown2.o(.ARM.Collect$$libshutdown$$0000000C) for __rt_lib_shutdown_user_alloc_1
    sys_command.o(.text) refers (Special) to use_no_semi.o(.text) for __I$use$semihosting
    sys_command.o(.text) refers (Special) to indicate_semi.o(.text) for __semihosting_library_function
    sys_command_hlt.o(.text) refers (Special) to use_no_semi.o(.text) for __I$use$semihosting
    sys_command_hlt.o(.text) refers (Special) to indicate_semi.o(.text) for __semihosting_library_function
    defsig_rtmem_outer.o(.text) refers to defsig_rtmem_inner.o(.text) for __rt_SIGRTMEM_inner
    defsig_rtmem_outer.o(.text) refers to defsig_exit.o(.text) for __sig_exit
    defsig_rtmem_formal.o(.text) refers to rt_raise.o(.text) for __rt_raise
    rt_raise.o(.text) refers to __raise.o(.text) for __raise
    rt_raise.o(.text) refers to sys_exit.o(.text) for _sys_exit
    defsig_exit.o(.text) refers to sys_exit.o(.text) for _sys_exit
    defsig_rtmem_inner.o(.text) refers to defsig_general.o(.text) for __default_signal_display
    __raise.o(.text) refers to defsig.o(CL$$defsig) for __default_signal_handler
    defsig_general.o(.text) refers to sys_wrch.o(.text) for _ttywrch
    sys_wrch.o(.text) refers (Special) to use_no_semi.o(.text) for __I$use$semihosting
    sys_wrch.o(.text) refers (Special) to indicate_semi.o(.text) for __semihosting_library_function
    sys_wrch_hlt.o(.text) refers (Special) to use_no_semi.o(.text) for __I$use$semihosting
    sys_wrch_hlt.o(.text) refers (Special) to indicate_semi.o(.text) for __semihosting_library_function
    defsig.o(CL$$defsig) refers to defsig_rtmem_inner.o(.text) for __rt_SIGRTMEM_inner
    defsig_abrt_inner.o(.text) refers to defsig_general.o(.text) for __default_signal_display
    defsig_fpe_inner.o(.text) refers to defsig_general.o(.text) for __default_signal_display
    defsig_rtred_inner.o(.text) refers to defsig_general.o(.text) for __default_signal_display
    defsig_stak_inner.o(.text) refers to defsig_general.o(.text) for __default_signal_display
    defsig_pvfn_inner.o(.text) refers to defsig_general.o(.text) for __default_signal_display
    defsig_cppl_inner.o(.text) refers to defsig_general.o(.text) for __default_signal_display
    defsig_segv_inner.o(.text) refers to defsig_general.o(.text) for __default_signal_display
    defsig_other.o(.text) refers to defsig_general.o(.text) for __default_signal_display


==============================================================================

Removing Unused input sections from the image.

    Removing main.o(.text), (0 bytes).
    Removing main.o(.ARM.exidx.text.main), (8 bytes).
    Removing main.o(.bss.result), (1 bytes).
    Removing main.o(.ARM.use_no_argv), (4 bytes).
    Removing gpio.o(.text), (0 bytes).
    Removing gpio.o(.ARM.exidx.text.Init_User_Led), (8 bytes).
    Removing gpio.o(.ARM.exidx.text.Set_User_Led), (8 bytes).
    Removing gpio.o(.ARM.exidx.text.Reset_User_Led), (8 bytes).
    Removing sys_timer.o(.text), (0 bytes).
    Removing sys_timer.o(.text.Elapsed_Time_In_Miliseconds), (24 bytes).
    Removing sys_timer.o(.ARM.exidx.text.Elapsed_Time_In_Miliseconds), (8 bytes).
    Removing sys_timer.o(.text.Disable_Timeout_Counter), (18 bytes).
    Removing sys_timer.o(.ARM.exidx.text.Disable_Timeout_Counter), (8 bytes).
    Removing sys_timer.o(.ARM.exidx.text.Enable_Timeout_Counter), (8 bytes).
    Removing sys_timer.o(.ARM.exidx.text.Init_System_Timer), (8 bytes).
    Removing sys_timer.o(.ARM.exidx.text.SysTick_Handler), (8 bytes).
    Removing uart.o(.text), (0 bytes).
    Removing uart.o(.ARM.exidx.text.Init_Uart_For_Communication), (8 bytes).
    Removing uart.o(.ARM.exidx.text.Init_Uart_For_Esp8266), (8 bytes).
    Removing uart.o(.ARM.exidx.text.Init_Uart_For_Debug), (8 bytes).
    Removing uart.o(.ARM.exidx.text.__NVIC_EnableIRQ), (8 bytes).
    Removing uart_comm.o(.text), (0 bytes).
    Removing uart_comm.o(.ARM.exidx.text.USART3_IRQHandler), (8 bytes).
    Removing uart_comm.o(.ARM.exidx.text.USART2_IRQHandler), (8 bytes).
    Removing uart_comm.o(.ARM.exidx.text.Uart_Send_Command), (8 bytes).
    Removing uart_comm.o(.ARM.exidx.text.Uart_Send_Debug_Message), (8 bytes).
    Removing uart_comm.o(.ARM.exidx.text.Uart_Send_Char), (8 bytes).
    Removing esp8266_config.o(.text), (0 bytes).
    Removing esp8266.o(.text), (0 bytes).
    Removing esp8266.o(.ARM.exidx.text.ESP8266_Test), (8 bytes).
    Removing esp8266.o(.ARM.exidx.text.ESP8266_Version), (8 bytes).
    Removing esp8266.o(.ARM.exidx.text.ESP8266_Echo_Off), (8 bytes).
    Removing esp8266.o(.ARM.exidx.text.ESP8266_Sends_Data_UDP_Transmission), (8 bytes).
    Removing esp8266.o(.ARM.exidx.text.UDP), (8 bytes).
    Removing esp8266.o(.ARM.exidx.text.ESP8266_DeleteUDP_transmission), (8 bytes).
    Removing esp8266.o(.ARM.exidx.text.ESP8266_CreateUDP_transmission), (8 bytes).
    Removing esp8266.o(.ARM.exidx.text.ESP8266_Process_Response), (8 bytes).
    Removing esp8266.o(.ARM.exidx.text.ESP8266_Main), (8 bytes).
    Removing esp8266.o(.bss.Response), (4 bytes).
    Removing crc_calculation.o(.text), (0 bytes).
    Removing crc_calculation.o(.ARM.exidx.text.Crc_Init), (8 bytes).
    Removing crc_calculation.o(.ARM.exidx.text.Crc_Calculate), (8 bytes).
    Removing my_protocol.o(.text), (0 bytes).
    Removing my_protocol.o(.ARM.exidx.text.Device_Information_Function), (8 bytes).
    Removing my_protocol.o(.ARM.exidx.text.Peripheral_Control), (8 bytes).
    Removing flash_unit.o(.text), (0 bytes).
    Removing flash_unit.o(.ARM.exidx.text.FLASH_Init), (8 bytes).
    Removing flash_unit.o(.ARM.exidx.text.Flash_Unlock_Operation), (8 bytes).
    Removing flash_unit.o(.ARM.exidx.text.FLASH_Memory_Read), (8 bytes).
    Removing flash_unit.o(.ARM.exidx.text.FLASH_Program_Memory_Page_Erase), (8 bytes).
    Removing flash_unit.o(.ARM.exidx.text.FLASH_Program_Memory_Write), (8 bytes).
    Removing flash_unit.o(.ARM.exidx.text.FLASH_Eeprom_Write), (8 bytes).
    Removing system_stm32l1xx.o(.text), (0 bytes).
    Removing system_stm32l1xx.o(.ARM.exidx.text.SystemInit), (8 bytes).
    Removing system_stm32l1xx.o(.text.SystemCoreClockUpdate), (126 bytes).
    Removing system_stm32l1xx.o(.ARM.exidx.text.SystemCoreClockUpdate), (8 bytes).
    Removing system_stm32l1xx.o(.data.SystemCoreClock), (4 bytes).
    Removing system_stm32l1xx.o(.rodata.PLLMulTable), (9 bytes).
    Removing system_stm32l1xx.o(.rodata.AHBPrescTable), (16 bytes).
    Removing system_stm32l1xx.o(.rodata.APBPrescTable), (8 bytes).

60 unused section(s) (total 526 bytes) removed from the image.

==============================================================================

Image Symbol Table

    Local Symbols

    Symbol Name                              Value     Ov Type        Size  Object(Section)

    ../clib/angel/boardlib.s                 0x00000000   Number         0  boardinit1.o ABSOLUTE
    ../clib/angel/boardlib.s                 0x00000000   Number         0  boardinit2.o ABSOLUTE
    ../clib/angel/boardlib.s                 0x00000000   Number         0  boardinit3.o ABSOLUTE
    ../clib/angel/boardlib.s                 0x00000000   Number         0  boardshut.o ABSOLUTE
    ../clib/angel/dczerorl2.s                0x00000000   Number         0  __dczerorl2.o ABSOLUTE
    ../clib/angel/handlers.s                 0x00000000   Number         0  __scatter_zi.o ABSOLUTE
    ../clib/angel/kernel.s                   0x00000000   Number         0  __rtentry.o ABSOLUTE
    ../clib/angel/kernel.s                   0x00000000   Number         0  __rtentry2.o ABSOLUTE
    ../clib/angel/kernel.s                   0x00000000   Number         0  __rtentry4.o ABSOLUTE
    ../clib/angel/kernel.s                   0x00000000   Number         0  rtexit.o ABSOLUTE
    ../clib/angel/kernel.s                   0x00000000   Number         0  rtexit2.o ABSOLUTE
    ../clib/angel/rt.s                       0x00000000   Number         0  rt_raise.o ABSOLUTE
    ../clib/angel/scatter.s                  0x00000000   Number         0  __scatter.o ABSOLUTE
    ../clib/angel/startup.s                  0x00000000   Number         0  __main.o ABSOLUTE
    ../clib/angel/sys.s                      0x00000000   Number         0  sys_stackheap_outer.o ABSOLUTE
    ../clib/angel/sys.s                      0x00000000   Number         0  libspace.o ABSOLUTE
    ../clib/angel/sys.s                      0x00000000   Number         0  use_no_semi.o ABSOLUTE
    ../clib/angel/sys.s                      0x00000000   Number         0  indicate_semi.o ABSOLUTE
    ../clib/angel/sysapp.c                   0x00000000   Number         0  sys_exit.o ABSOLUTE
    ../clib/angel/sysapp.c                   0x00000000   Number         0  sys_exit_hlt.o ABSOLUTE
    ../clib/angel/sysapp.c                   0x00000000   Number         0  sys_command.o ABSOLUTE
    ../clib/angel/sysapp.c                   0x00000000   Number         0  sys_command_hlt.o ABSOLUTE
    ../clib/angel/sysapp.c                   0x00000000   Number         0  sys_wrch.o ABSOLUTE
    ../clib/angel/sysapp.c                   0x00000000   Number         0  sys_wrch_hlt.o ABSOLUTE
    ../clib/armsys.c                         0x00000000   Number         0  argv_veneer.o ABSOLUTE
    ../clib/armsys.c                         0x00000000   Number         0  argv_veneer.o ABSOLUTE
    ../clib/armsys.c                         0x00000000   Number         0  _get_argv_nomalloc.o ABSOLUTE
    ../clib/armsys.c                         0x00000000   Number         0  no_argv.o ABSOLUTE
    ../clib/heapalloc.c                      0x00000000   Number         0  hrguard.o ABSOLUTE
    ../clib/heapaux.c                        0x00000000   Number         0  heapauxi.o ABSOLUTE
    ../clib/libinit.s                        0x00000000   Number         0  libinit.o ABSOLUTE
    ../clib/libinit.s                        0x00000000   Number         0  libinit2.o ABSOLUTE
    ../clib/libinit.s                        0x00000000   Number         0  libshutdown.o ABSOLUTE
    ../clib/libinit.s                        0x00000000   Number         0  libshutdown2.o ABSOLUTE
    ../clib/misc.s                           0x00000000   Number         0  printf_stubs.o ABSOLUTE
    ../clib/printf.c                         0x00000000   Number         0  __2sprintf.o ABSOLUTE
    ../clib/printf.c                         0x00000000   Number         0  noretval__2sprintf.o ABSOLUTE
    ../clib/printf.c                         0x00000000   Number         0  __printf.o ABSOLUTE
    ../clib/printf.c                         0x00000000   Number         0  _printf_str.o ABSOLUTE
    ../clib/printf.c                         0x00000000   Number         0  _printf_dec.o ABSOLUTE
    ../clib/printf.c                         0x00000000   Number         0  __printf_flags.o ABSOLUTE
    ../clib/printf.c                         0x00000000   Number         0  __printf_ss.o ABSOLUTE
    ../clib/printf.c                         0x00000000   Number         0  __printf_flags_ss.o ABSOLUTE
    ../clib/printf.c                         0x00000000   Number         0  __printf_wp.o ABSOLUTE
    ../clib/printf.c                         0x00000000   Number         0  __printf_flags_wp.o ABSOLUTE
    ../clib/printf.c                         0x00000000   Number         0  __printf_ss_wp.o ABSOLUTE
    ../clib/printf.c                         0x00000000   Number         0  __printf_flags_ss_wp.o ABSOLUTE
    ../clib/printf.c                         0x00000000   Number         0  _printf_intcommon.o ABSOLUTE
    ../clib/printf.c                         0x00000000   Number         0  _printf_char_common.o ABSOLUTE
    ../clib/printf.c                         0x00000000   Number         0  _sputc.o ABSOLUTE
    ../clib/printf.c                         0x00000000   Number         0  _printf_char.o ABSOLUTE
    ../clib/printf.c                         0x00000000   Number         0  __printf_nopercent.o ABSOLUTE
    ../clib/printf_percent.s                 0x00000000   Number         0  _printf_s.o ABSOLUTE
    ../clib/printf_percent.s                 0x00000000   Number         0  _printf_d.o ABSOLUTE
    ../clib/printf_percent.s                 0x00000000   Number         0  _printf_percent.o ABSOLUTE
    ../clib/printf_percent.s                 0x00000000   Number         0  _printf_percent_end.o ABSOLUTE
    ../clib/signal.c                         0x00000000   Number         0  defsig_rtmem_outer.o ABSOLUTE
    ../clib/signal.c                         0x00000000   Number         0  defsig_rtmem_formal.o ABSOLUTE
    ../clib/signal.c                         0x00000000   Number         0  defsig_exit.o ABSOLUTE
    ../clib/signal.c                         0x00000000   Number         0  defsig_rtmem_inner.o ABSOLUTE
    ../clib/signal.c                         0x00000000   Number         0  __raise.o ABSOLUTE
    ../clib/signal.c                         0x00000000   Number         0  defsig_general.o ABSOLUTE
    ../clib/signal.c                         0x00000000   Number         0  defsig_abrt_inner.o ABSOLUTE
    ../clib/signal.c                         0x00000000   Number         0  defsig_fpe_inner.o ABSOLUTE
    ../clib/signal.c                         0x00000000   Number         0  defsig_rtred_inner.o ABSOLUTE
    ../clib/signal.c                         0x00000000   Number         0  defsig_stak_inner.o ABSOLUTE
    ../clib/signal.c                         0x00000000   Number         0  defsig_pvfn_inner.o ABSOLUTE
    ../clib/signal.c                         0x00000000   Number         0  defsig_cppl_inner.o ABSOLUTE
    ../clib/signal.c                         0x00000000   Number         0  defsig_segv_inner.o ABSOLUTE
    ../clib/signal.c                         0x00000000   Number         0  defsig_other.o ABSOLUTE
    ../clib/signal.s                         0x00000000   Number         0  defsig.o ABSOLUTE
    ../clib/stdlib.c                         0x00000000   Number         0  exit.o ABSOLUTE
    ../fplib/fpinit.s                        0x00000000   Number         0  fpinit.o ABSOLUTE
    ../fplib/fpinit_empty.s                  0x00000000   Number         0  fpinit_empty.o ABSOLUTE
    CRC_Calculation.c                        0x00000000   Number         0  crc_calculation.o ABSOLUTE
    Esp8266.c                                0x00000000   Number         0  esp8266.o ABSOLUTE
    Esp8266_Config.c                         0x00000000   Number         0  esp8266_config.o ABSOLUTE
    Flash_Unit.c                             0x00000000   Number         0  flash_unit.o ABSOLUTE
    Gpio.c                                   0x00000000   Number         0  gpio.o ABSOLUTE
    My_Protocol.c                            0x00000000   Number         0  my_protocol.o ABSOLUTE
    RTE/Device/STM32L152RETx/startup_stm32l152xe.s 0x00000000   Number         0  startup_stm32l152xe.o ABSOLUTE
    Sys_Timer.c                              0x00000000   Number         0  sys_timer.o ABSOLUTE
    Uart.c                                   0x00000000   Number         0  uart.o ABSOLUTE
    Uart_Comm.c                              0x00000000   Number         0  uart_comm.o ABSOLUTE
    dc.s                                     0x00000000   Number         0  dc.o ABSOLUTE
    main.c                                   0x00000000   Number         0  main.o ABSOLUTE
    system_stm32l1xx.c                       0x00000000   Number         0  system_stm32l1xx.o ABSOLUTE
    RESET                                    0x08000000   Section      292  startup_stm32l152xe.o(RESET)
    !!!main                                  0x08000124   Section        8  __main.o(!!!main)
    !!!scatter                               0x0800012c   Section       52  __scatter.o(!!!scatter)
    !!dczerorl2                              0x08000160   Section       90  __dczerorl2.o(!!dczerorl2)
    !!handler_zi                             0x080001bc   Section       28  __scatter_zi.o(!!handler_zi)
    .ARM.Collect$$_printf_percent$$00000000  0x080001d8   Section        0  _printf_percent.o(.ARM.Collect$$_printf_percent$$00000000)
    .ARM.Collect$$_printf_percent$$00000009  0x080001d8   Section        6  _printf_d.o(.ARM.Collect$$_printf_percent$$00000009)
    .ARM.Collect$$_printf_percent$$00000014  0x080001de   Section        6  _printf_s.o(.ARM.Collect$$_printf_percent$$00000014)
    .ARM.Collect$$_printf_percent$$00000017  0x080001e4   Section        4  _printf_percent_end.o(.ARM.Collect$$_printf_percent$$00000017)
    .ARM.Collect$$libinit$$00000000          0x080001e8   Section        2  libinit.o(.ARM.Collect$$libinit$$00000000)
    .ARM.Collect$$libinit$$00000002          0x080001ea   Section        0  libinit2.o(.ARM.Collect$$libinit$$00000002)
    .ARM.Collect$$libinit$$00000004          0x080001ea   Section        0  libinit2.o(.ARM.Collect$$libinit$$00000004)
    .ARM.Collect$$libinit$$0000000A          0x080001ea   Section        0  libinit2.o(.ARM.Collect$$libinit$$0000000A)
    .ARM.Collect$$libinit$$0000000C          0x080001ea   Section        0  libinit2.o(.ARM.Collect$$libinit$$0000000C)
    .ARM.Collect$$libinit$$0000000E          0x080001ea   Section        0  libinit2.o(.ARM.Collect$$libinit$$0000000E)
    .ARM.Collect$$libinit$$00000011          0x080001ea   Section        0  libinit2.o(.ARM.Collect$$libinit$$00000011)
    .ARM.Collect$$libinit$$00000013          0x080001ea   Section        0  libinit2.o(.ARM.Collect$$libinit$$00000013)
    .ARM.Collect$$libinit$$00000015          0x080001ea   Section        0  libinit2.o(.ARM.Collect$$libinit$$00000015)
    .ARM.Collect$$libinit$$00000017          0x080001ea   Section        0  libinit2.o(.ARM.Collect$$libinit$$00000017)
    .ARM.Collect$$libinit$$00000019          0x080001ea   Section        0  libinit2.o(.ARM.Collect$$libinit$$00000019)
    .ARM.Collect$$libinit$$0000001B          0x080001ea   Section        0  libinit2.o(.ARM.Collect$$libinit$$0000001B)
    .ARM.Collect$$libinit$$0000001D          0x080001ea   Section        0  libinit2.o(.ARM.Collect$$libinit$$0000001D)
    .ARM.Collect$$libinit$$0000001F          0x080001ea   Section        0  libinit2.o(.ARM.Collect$$libinit$$0000001F)
    .ARM.Collect$$libinit$$00000021          0x080001ea   Section        0  libinit2.o(.ARM.Collect$$libinit$$00000021)
    .ARM.Collect$$libinit$$00000023          0x080001ea   Section        0  libinit2.o(.ARM.Collect$$libinit$$00000023)
    .ARM.Collect$$libinit$$00000025          0x080001ea   Section        0  libinit2.o(.ARM.Collect$$libinit$$00000025)
    .ARM.Collect$$libinit$$0000002C          0x080001ea   Section        0  libinit2.o(.ARM.Collect$$libinit$$0000002C)
    .ARM.Collect$$libinit$$0000002E          0x080001ea   Section        0  libinit2.o(.ARM.Collect$$libinit$$0000002E)
    .ARM.Collect$$libinit$$00000030          0x080001ea   Section        0  libinit2.o(.ARM.Collect$$libinit$$00000030)
    .ARM.Collect$$libinit$$00000032          0x080001ea   Section        0  libinit2.o(.ARM.Collect$$libinit$$00000032)
    .ARM.Collect$$libinit$$00000033          0x080001ea   Section        2  libinit2.o(.ARM.Collect$$libinit$$00000033)
    .ARM.Collect$$libshutdown$$00000000      0x080001ec   Section        2  libshutdown.o(.ARM.Collect$$libshutdown$$00000000)
    .ARM.Collect$$libshutdown$$00000002      0x080001ee   Section        0  libshutdown2.o(.ARM.Collect$$libshutdown$$00000002)
    .ARM.Collect$$libshutdown$$00000004      0x080001ee   Section        0  libshutdown2.o(.ARM.Collect$$libshutdown$$00000004)
    .ARM.Collect$$libshutdown$$00000007      0x080001ee   Section        0  libshutdown2.o(.ARM.Collect$$libshutdown$$00000007)
    .ARM.Collect$$libshutdown$$0000000A      0x080001ee   Section        0  libshutdown2.o(.ARM.Collect$$libshutdown$$0000000A)
    .ARM.Collect$$libshutdown$$0000000C      0x080001ee   Section        0  libshutdown2.o(.ARM.Collect$$libshutdown$$0000000C)
    .ARM.Collect$$libshutdown$$0000000F      0x080001ee   Section        0  libshutdown2.o(.ARM.Collect$$libshutdown$$0000000F)
    .ARM.Collect$$libshutdown$$00000010      0x080001ee   Section        2  libshutdown2.o(.ARM.Collect$$libshutdown$$00000010)
    .ARM.Collect$$rtentry$$00000000          0x080001f0   Section        0  __rtentry.o(.ARM.Collect$$rtentry$$00000000)
    .ARM.Collect$$rtentry$$00000002          0x080001f0   Section        0  __rtentry2.o(.ARM.Collect$$rtentry$$00000002)
    .ARM.Collect$$rtentry$$00000004          0x080001f0   Section        6  __rtentry4.o(.ARM.Collect$$rtentry$$00000004)
    .ARM.Collect$$rtentry$$00000009          0x080001f6   Section        0  __rtentry2.o(.ARM.Collect$$rtentry$$00000009)
    .ARM.Collect$$rtentry$$0000000A          0x080001f6   Section        4  __rtentry2.o(.ARM.Collect$$rtentry$$0000000A)
    .ARM.Collect$$rtentry$$0000000C          0x080001fa   Section        0  __rtentry2.o(.ARM.Collect$$rtentry$$0000000C)
    .ARM.Collect$$rtentry$$0000000D          0x080001fa   Section        8  __rtentry2.o(.ARM.Collect$$rtentry$$0000000D)
    .ARM.Collect$$rtexit$$00000000           0x08000202   Section        2  rtexit.o(.ARM.Collect$$rtexit$$00000000)
    .ARM.Collect$$rtexit$$00000002           0x08000204   Section        0  rtexit2.o(.ARM.Collect$$rtexit$$00000002)
    .ARM.Collect$$rtexit$$00000003           0x08000204   Section        4  rtexit2.o(.ARM.Collect$$rtexit$$00000003)
    .ARM.Collect$$rtexit$$00000004           0x08000208   Section        6  rtexit2.o(.ARM.Collect$$rtexit$$00000004)
    .text                                    0x08000210   Section       64  startup_stm32l152xe.o(.text)
    .text                                    0x08000250   Section        0  __2sprintf.o(.text)
    .text                                    0x0800027c   Section        0  __printf.o(.text)
    .text                                    0x080002e4   Section        0  _printf_str.o(.text)
    .text                                    0x08000338   Section        0  _printf_dec.o(.text)
    .text                                    0x080003b0   Section        0  heapauxi.o(.text)
    .text                                    0x080003b6   Section        0  _printf_intcommon.o(.text)
    _printf_input_char                       0x08000469   Thumb Code    10  _printf_char_common.o(.text)
    .text                                    0x08000468   Section        0  _printf_char_common.o(.text)
    .text                                    0x08000498   Section        0  _sputc.o(.text)
    .text                                    0x080004a2   Section        0  _printf_char.o(.text)
    .text                                    0x080004ce   Section       74  sys_stackheap_outer.o(.text)
    .text                                    0x08000518   Section        0  exit.o(.text)
    .text                                    0x0800052c   Section        8  libspace.o(.text)
    .text                                    0x08000534   Section        0  sys_exit.o(.text)
    .text                                    0x08000540   Section        2  use_no_semi.o(.text)
    .text                                    0x08000542   Section        0  indicate_semi.o(.text)
    [Anonymous Symbol]                       0x08000544   Section        0  crc_calculation.o(.text.Crc_Calculate)
    [Anonymous Symbol]                       0x080005a4   Section        0  crc_calculation.o(.text.Crc_Init)
    [Anonymous Symbol]                       0x080005b8   Section        0  my_protocol.o(.text.Device_Information_Function)
    ESP8266_CreateUDP_transmission           0x080005e1   Thumb Code    60  esp8266.o(.text.ESP8266_CreateUDP_transmission)
    [Anonymous Symbol]                       0x080005e0   Section        0  esp8266.o(.text.ESP8266_CreateUDP_transmission)
    ESP8266_DeleteUDP_transmission           0x0800062d   Thumb Code    22  esp8266.o(.text.ESP8266_DeleteUDP_transmission)
    [Anonymous Symbol]                       0x0800062c   Section        0  esp8266.o(.text.ESP8266_DeleteUDP_transmission)
    [Anonymous Symbol]                       0x08000644   Section        0  esp8266.o(.text.ESP8266_Echo_Off)
    [Anonymous Symbol]                       0x0800065c   Section        0  esp8266.o(.text.ESP8266_Main)
    [Anonymous Symbol]                       0x0800080c   Section        0  esp8266.o(.text.ESP8266_Process_Response)
    [Anonymous Symbol]                       0x08000854   Section        0  esp8266.o(.text.ESP8266_Sends_Data_UDP_Transmission)
    [Anonymous Symbol]                       0x080008e4   Section        0  esp8266.o(.text.ESP8266_Test)
    [Anonymous Symbol]                       0x080008f8   Section        0  esp8266.o(.text.ESP8266_Version)
    [Anonymous Symbol]                       0x08000910   Section        0  sys_timer.o(.text.Enable_Timeout_Counter)
    FLASH_Eeprom_Write                       0x08000925   Thumb Code    66  flash_unit.o(.text.FLASH_Eeprom_Write)
    [Anonymous Symbol]                       0x08000924   Section        0  flash_unit.o(.text.FLASH_Eeprom_Write)
    [Anonymous Symbol]                       0x08000968   Section        0  flash_unit.o(.text.FLASH_Init)
    FLASH_Memory_Read                        0x080009a9   Thumb Code    34  flash_unit.o(.text.FLASH_Memory_Read)
    [Anonymous Symbol]                       0x080009a8   Section        0  flash_unit.o(.text.FLASH_Memory_Read)
    FLASH_Program_Memory_Page_Erase          0x080009cd   Thumb Code    52  flash_unit.o(.text.FLASH_Program_Memory_Page_Erase)
    [Anonymous Symbol]                       0x080009cc   Section        0  flash_unit.o(.text.FLASH_Program_Memory_Page_Erase)
    FLASH_Program_Memory_Write               0x08000a01   Thumb Code    50  flash_unit.o(.text.FLASH_Program_Memory_Write)
    [Anonymous Symbol]                       0x08000a00   Section        0  flash_unit.o(.text.FLASH_Program_Memory_Write)
    Flash_Unlock_Operation                   0x08000a35   Thumb Code    64  flash_unit.o(.text.Flash_Unlock_Operation)
    [Anonymous Symbol]                       0x08000a34   Section        0  flash_unit.o(.text.Flash_Unlock_Operation)
    [Anonymous Symbol]                       0x08000a74   Section        0  sys_timer.o(.text.Init_System_Timer)
    [Anonymous Symbol]                       0x08000aa4   Section        0  uart.o(.text.Init_Uart_For_Communication)
    Init_Uart_For_Debug                      0x08000ab1   Thumb Code   166  uart.o(.text.Init_Uart_For_Debug)
    [Anonymous Symbol]                       0x08000ab0   Section        0  uart.o(.text.Init_Uart_For_Debug)
    Init_Uart_For_Esp8266                    0x08000b59   Thumb Code   168  uart.o(.text.Init_Uart_For_Esp8266)
    [Anonymous Symbol]                       0x08000b58   Section        0  uart.o(.text.Init_Uart_For_Esp8266)
    [Anonymous Symbol]                       0x08000c00   Section        0  gpio.o(.text.Init_User_Led)
    [Anonymous Symbol]                       0x08000c28   Section        0  my_protocol.o(.text.Peripheral_Control)
    [Anonymous Symbol]                       0x08000c8c   Section        0  gpio.o(.text.Reset_User_Led)
    [Anonymous Symbol]                       0x08000ca4   Section        0  gpio.o(.text.Set_User_Led)
    [Anonymous Symbol]                       0x08000cbc   Section        0  sys_timer.o(.text.SysTick_Handler)
    [Anonymous Symbol]                       0x08000cd4   Section        0  system_stm32l1xx.o(.text.SystemInit)
    [Anonymous Symbol]                       0x08000cd8   Section        0  esp8266.o(.text.UDP)
    [Anonymous Symbol]                       0x08000d1c   Section        0  uart_comm.o(.text.USART2_IRQHandler)
    [Anonymous Symbol]                       0x08000d6c   Section        0  uart_comm.o(.text.USART3_IRQHandler)
    [Anonymous Symbol]                       0x08000e4c   Section        0  uart_comm.o(.text.Uart_Send_Char)
    [Anonymous Symbol]                       0x08000e58   Section        0  uart_comm.o(.text.Uart_Send_Command)
    [Anonymous Symbol]                       0x08000e7c   Section        0  uart_comm.o(.text.Uart_Send_Debug_Message)
    __NVIC_EnableIRQ                         0x08000ea1   Thumb Code    22  uart.o(.text.__NVIC_EnableIRQ)
    [Anonymous Symbol]                       0x08000ea0   Section        0  uart.o(.text.__NVIC_EnableIRQ)
    [Anonymous Symbol]                       0x08000eb8   Section        0  main.o(.text.main)
    [Anonymous Symbol]                       0x08000fa8   Section        0  esp8266_config.o(.rodata.str1.1)
    .bss                                     0x200006b8   Section       96  libspace.o(.bss)
    Heap_Mem                                 0x20000968   Data         512  startup_stm32l152xe.o(HEAP)
    HEAP                                     0x20000968   Section      512  startup_stm32l152xe.o(HEAP)
    Stack_Mem                                0x20000b68   Data        1024  startup_stm32l152xe.o(STACK)
    STACK                                    0x20000b68   Section     1024  startup_stm32l152xe.o(STACK)
    __initial_sp                             0x20000f68   Data           0  startup_stm32l152xe.o(STACK)

    Global Symbols

    Symbol Name                              Value     Ov Type        Size  Object(Section)

    BuildAttributes$$THM_ISAv4$P$D$K$B$S$PE$A:L22UL41UL21$X:L11$S22US41US21$IEEE1$IW$~IW$USESV6$~STKCKD$USESV7$~SHL$OTIME$ROPI$EBA8$UX$STANDARDLIB$REQ8$PRES8$EABIv2 0x00000000   Number         0  anon$$obj.o ABSOLUTE
    __fp_init_empty                          0x00000000   Number         0  fpinit_empty.o ABSOLUTE
    _printf_flags                            0x00000000   Number         0  printf_stubs.o ABSOLUTE
    _printf_return_value                     0x00000000   Number         0  printf_stubs.o ABSOLUTE
    _printf_sizespec                         0x00000000   Number         0  printf_stubs.o ABSOLUTE
    _printf_widthprec                        0x00000000   Number         0  printf_stubs.o ABSOLUTE
    __ARM_exceptions_init                     - Undefined Weak Reference
    __alloca_initialize                       - Undefined Weak Reference
    __arm_preinit_                            - Undefined Weak Reference
    __cpp_initialize__aeabi_                  - Undefined Weak Reference
    __cxa_finalize                            - Undefined Weak Reference
    __rt_locale                               - Undefined Weak Reference
    __sigvec_lookup                           - Undefined Weak Reference
    _atexit_init                              - Undefined Weak Reference
    _call_atexit_fns                          - Undefined Weak Reference
    _clock_init                               - Undefined Weak Reference
    _fp_trap_init                             - Undefined Weak Reference
    _fp_trap_shutdown                         - Undefined Weak Reference
    _get_lc_collate                           - Undefined Weak Reference
    _get_lc_ctype                             - Undefined Weak Reference
    _get_lc_monetary                          - Undefined Weak Reference
    _get_lc_numeric                           - Undefined Weak Reference
    _get_lc_time                              - Undefined Weak Reference
    _getenv_init                              - Undefined Weak Reference
    _handle_redirection                       - Undefined Weak Reference
    _init_alloc                               - Undefined Weak Reference
    _init_user_alloc                          - Undefined Weak Reference
    _initio                                   - Undefined Weak Reference
    _printf_mbtowc                            - Undefined Weak Reference
    _printf_post_padding                      - Undefined Weak Reference
    _printf_pre_padding                       - Undefined Weak Reference
    _printf_truncate_signed                   - Undefined Weak Reference
    _printf_truncate_unsigned                 - Undefined Weak Reference
    _rand_init                                - Undefined Weak Reference
    _signal_finish                            - Undefined Weak Reference
    _signal_init                              - Undefined Weak Reference
    _terminate_alloc                          - Undefined Weak Reference
    _terminate_user_alloc                     - Undefined Weak Reference
    _terminateio                              - Undefined Weak Reference
    __Vectors_Size                           0x00000124   Number         0  startup_stm32l152xe.o ABSOLUTE
    __Vectors                                0x08000000   Data           4  startup_stm32l152xe.o(RESET)
    __Vectors_End                            0x08000124   Data           0  startup_stm32l152xe.o(RESET)
    __main                                   0x08000125   Thumb Code     8  __main.o(!!!main)
    __scatterload                            0x0800012d   Thumb Code     0  __scatter.o(!!!scatter)
    __scatterload_rt2                        0x0800012d   Thumb Code    44  __scatter.o(!!!scatter)
    __scatterload_rt2_thumb_only             0x0800012d   Thumb Code     0  __scatter.o(!!!scatter)
    __scatterload_null                       0x0800013b   Thumb Code     0  __scatter.o(!!!scatter)
    __decompress                             0x08000161   Thumb Code    90  __dczerorl2.o(!!dczerorl2)
    __decompress1                            0x08000161   Thumb Code     0  __dczerorl2.o(!!dczerorl2)
    __scatterload_zeroinit                   0x080001bd   Thumb Code    28  __scatter_zi.o(!!handler_zi)
    _printf_d                                0x080001d9   Thumb Code     0  _printf_d.o(.ARM.Collect$$_printf_percent$$00000009)
    _printf_percent                          0x080001d9   Thumb Code     0  _printf_percent.o(.ARM.Collect$$_printf_percent$$00000000)
    _printf_s                                0x080001df   Thumb Code     0  _printf_s.o(.ARM.Collect$$_printf_percent$$00000014)
    _printf_percent_end                      0x080001e5   Thumb Code     0  _printf_percent_end.o(.ARM.Collect$$_printf_percent$$00000017)
    __rt_lib_init                            0x080001e9   Thumb Code     0  libinit.o(.ARM.Collect$$libinit$$00000000)
    __rt_lib_init_alloca_1                   0x080001eb   Thumb Code     0  libinit2.o(.ARM.Collect$$libinit$$0000002E)
    __rt_lib_init_argv_1                     0x080001eb   Thumb Code     0  libinit2.o(.ARM.Collect$$libinit$$0000002C)
    __rt_lib_init_atexit_1                   0x080001eb   Thumb Code     0  libinit2.o(.ARM.Collect$$libinit$$0000001B)
    __rt_lib_init_clock_1                    0x080001eb   Thumb Code     0  libinit2.o(.ARM.Collect$$libinit$$00000021)
    __rt_lib_init_cpp_1                      0x080001eb   Thumb Code     0  libinit2.o(.ARM.Collect$$libinit$$00000032)
    __rt_lib_init_exceptions_1               0x080001eb   Thumb Code     0  libinit2.o(.ARM.Collect$$libinit$$00000030)
    __rt_lib_init_fp_1                       0x080001eb   Thumb Code     0  libinit2.o(.ARM.Collect$$libinit$$00000002)
    __rt_lib_init_fp_trap_1                  0x080001eb   Thumb Code     0  libinit2.o(.ARM.Collect$$libinit$$0000001F)
    __rt_lib_init_getenv_1                   0x080001eb   Thumb Code     0  libinit2.o(.ARM.Collect$$libinit$$00000023)
    __rt_lib_init_heap_1                     0x080001eb   Thumb Code     0  libinit2.o(.ARM.Collect$$libinit$$0000000A)
    __rt_lib_init_lc_collate_1               0x080001eb   Thumb Code     0  libinit2.o(.ARM.Collect$$libinit$$00000011)
    __rt_lib_init_lc_ctype_1                 0x080001eb   Thumb Code     0  libinit2.o(.ARM.Collect$$libinit$$00000013)
    __rt_lib_init_lc_monetary_1              0x080001eb   Thumb Code     0  libinit2.o(.ARM.Collect$$libinit$$00000015)
    __rt_lib_init_lc_numeric_1               0x080001eb   Thumb Code     0  libinit2.o(.ARM.Collect$$libinit$$00000017)
    __rt_lib_init_lc_time_1                  0x080001eb   Thumb Code     0  libinit2.o(.ARM.Collect$$libinit$$00000019)
    __rt_lib_init_preinit_1                  0x080001eb   Thumb Code     0  libinit2.o(.ARM.Collect$$libinit$$00000004)
    __rt_lib_init_rand_1                     0x080001eb   Thumb Code     0  libinit2.o(.ARM.Collect$$libinit$$0000000E)
    __rt_lib_init_return                     0x080001eb   Thumb Code     0  libinit2.o(.ARM.Collect$$libinit$$00000033)
    __rt_lib_init_signal_1                   0x080001eb   Thumb Code     0  libinit2.o(.ARM.Collect$$libinit$$0000001D)
    __rt_lib_init_stdio_1                    0x080001eb   Thumb Code     0  libinit2.o(.ARM.Collect$$libinit$$00000025)
    __rt_lib_init_user_alloc_1               0x080001eb   Thumb Code     0  libinit2.o(.ARM.Collect$$libinit$$0000000C)
    __rt_lib_shutdown                        0x080001ed   Thumb Code     0  libshutdown.o(.ARM.Collect$$libshutdown$$00000000)
    __rt_lib_shutdown_cpp_1                  0x080001ef   Thumb Code     0  libshutdown2.o(.ARM.Collect$$libshutdown$$00000002)
    __rt_lib_shutdown_fp_trap_1              0x080001ef   Thumb Code     0  libshutdown2.o(.ARM.Collect$$libshutdown$$00000007)
    __rt_lib_shutdown_heap_1                 0x080001ef   Thumb Code     0  libshutdown2.o(.ARM.Collect$$libshutdown$$0000000F)
    __rt_lib_shutdown_return                 0x080001ef   Thumb Code     0  libshutdown2.o(.ARM.Collect$$libshutdown$$00000010)
    __rt_lib_shutdown_signal_1               0x080001ef   Thumb Code     0  libshutdown2.o(.ARM.Collect$$libshutdown$$0000000A)
    __rt_lib_shutdown_stdio_1                0x080001ef   Thumb Code     0  libshutdown2.o(.ARM.Collect$$libshutdown$$00000004)
    __rt_lib_shutdown_user_alloc_1           0x080001ef   Thumb Code     0  libshutdown2.o(.ARM.Collect$$libshutdown$$0000000C)
    __rt_entry                               0x080001f1   Thumb Code     0  __rtentry.o(.ARM.Collect$$rtentry$$00000000)
    __rt_entry_presh_1                       0x080001f1   Thumb Code     0  __rtentry2.o(.ARM.Collect$$rtentry$$00000002)
    __rt_entry_sh                            0x080001f1   Thumb Code     0  __rtentry4.o(.ARM.Collect$$rtentry$$00000004)
    __rt_entry_li                            0x080001f7   Thumb Code     0  __rtentry2.o(.ARM.Collect$$rtentry$$0000000A)
    __rt_entry_postsh_1                      0x080001f7   Thumb Code     0  __rtentry2.o(.ARM.Collect$$rtentry$$00000009)
    __rt_entry_main                          0x080001fb   Thumb Code     0  __rtentry2.o(.ARM.Collect$$rtentry$$0000000D)
    __rt_entry_postli_1                      0x080001fb   Thumb Code     0  __rtentry2.o(.ARM.Collect$$rtentry$$0000000C)
    __rt_exit                                0x08000203   Thumb Code     0  rtexit.o(.ARM.Collect$$rtexit$$00000000)
    __rt_exit_ls                             0x08000205   Thumb Code     0  rtexit2.o(.ARM.Collect$$rtexit$$00000003)
    __rt_exit_prels_1                        0x08000205   Thumb Code     0  rtexit2.o(.ARM.Collect$$rtexit$$00000002)
    __rt_exit_exit                           0x08000209   Thumb Code     0  rtexit2.o(.ARM.Collect$$rtexit$$00000004)
    Reset_Handler                            0x08000211   Thumb Code     8  startup_stm32l152xe.o(.text)
    NMI_Handler                              0x08000219   Thumb Code     2  startup_stm32l152xe.o(.text)
    HardFault_Handler                        0x0800021b   Thumb Code     2  startup_stm32l152xe.o(.text)
    MemManage_Handler                        0x0800021d   Thumb Code     2  startup_stm32l152xe.o(.text)
    BusFault_Handler                         0x0800021f   Thumb Code     2  startup_stm32l152xe.o(.text)
    UsageFault_Handler                       0x08000221   Thumb Code     2  startup_stm32l152xe.o(.text)
    SVC_Handler                              0x08000223   Thumb Code     2  startup_stm32l152xe.o(.text)
    DebugMon_Handler                         0x08000225   Thumb Code     2  startup_stm32l152xe.o(.text)
    PendSV_Handler                           0x08000227   Thumb Code     2  startup_stm32l152xe.o(.text)
    ADC1_IRQHandler                          0x0800022b   Thumb Code     0  startup_stm32l152xe.o(.text)
    COMP_ACQ_IRQHandler                      0x0800022b   Thumb Code     0  startup_stm32l152xe.o(.text)
    COMP_IRQHandler                          0x0800022b   Thumb Code     0  startup_stm32l152xe.o(.text)
    DAC_IRQHandler                           0x0800022b   Thumb Code     0  startup_stm32l152xe.o(.text)
    DMA1_Channel1_IRQHandler                 0x0800022b   Thumb Code     0  startup_stm32l152xe.o(.text)
    DMA1_Channel2_IRQHandler                 0x0800022b   Thumb Code     0  startup_stm32l152xe.o(.text)
    DMA1_Channel3_IRQHandler                 0x0800022b   Thumb Code     0  startup_stm32l152xe.o(.text)
    DMA1_Channel4_IRQHandler                 0x0800022b   Thumb Code     0  startup_stm32l152xe.o(.text)
    DMA1_Channel5_IRQHandler                 0x0800022b   Thumb Code     0  startup_stm32l152xe.o(.text)
    DMA1_Channel6_IRQHandler                 0x0800022b   Thumb Code     0  startup_stm32l152xe.o(.text)
    DMA1_Channel7_IRQHandler                 0x0800022b   Thumb Code     0  startup_stm32l152xe.o(.text)
    DMA2_Channel1_IRQHandler                 0x0800022b   Thumb Code     0  startup_stm32l152xe.o(.text)
    DMA2_Channel2_IRQHandler                 0x0800022b   Thumb Code     0  startup_stm32l152xe.o(.text)
    DMA2_Channel3_IRQHandler                 0x0800022b   Thumb Code     0  startup_stm32l152xe.o(.text)
    DMA2_Channel4_IRQHandler                 0x0800022b   Thumb Code     0  startup_stm32l152xe.o(.text)
    DMA2_Channel5_IRQHandler                 0x0800022b   Thumb Code     0  startup_stm32l152xe.o(.text)
    EXTI0_IRQHandler                         0x0800022b   Thumb Code     0  startup_stm32l152xe.o(.text)
    EXTI15_10_IRQHandler                     0x0800022b   Thumb Code     0  startup_stm32l152xe.o(.text)
    EXTI1_IRQHandler                         0x0800022b   Thumb Code     0  startup_stm32l152xe.o(.text)
    EXTI2_IRQHandler                         0x0800022b   Thumb Code     0  startup_stm32l152xe.o(.text)
    EXTI3_IRQHandler                         0x0800022b   Thumb Code     0  startup_stm32l152xe.o(.text)
    EXTI4_IRQHandler                         0x0800022b   Thumb Code     0  startup_stm32l152xe.o(.text)
    EXTI9_5_IRQHandler                       0x0800022b   Thumb Code     0  startup_stm32l152xe.o(.text)
    FLASH_IRQHandler                         0x0800022b   Thumb Code     0  startup_stm32l152xe.o(.text)
    I2C1_ER_IRQHandler                       0x0800022b   Thumb Code     0  startup_stm32l152xe.o(.text)
    I2C1_EV_IRQHandler                       0x0800022b   Thumb Code     0  startup_stm32l152xe.o(.text)
    I2C2_ER_IRQHandler                       0x0800022b   Thumb Code     0  startup_stm32l152xe.o(.text)
    I2C2_EV_IRQHandler                       0x0800022b   Thumb Code     0  startup_stm32l152xe.o(.text)
    LCD_IRQHandler                           0x0800022b   Thumb Code     0  startup_stm32l152xe.o(.text)
    PVD_IRQHandler                           0x0800022b   Thumb Code     0  startup_stm32l152xe.o(.text)
    RCC_IRQHandler                           0x0800022b   Thumb Code     0  startup_stm32l152xe.o(.text)
    RTC_Alarm_IRQHandler                     0x0800022b   Thumb Code     0  startup_stm32l152xe.o(.text)
    RTC_WKUP_IRQHandler                      0x0800022b   Thumb Code     0  startup_stm32l152xe.o(.text)
    SPI1_IRQHandler                          0x0800022b   Thumb Code     0  startup_stm32l152xe.o(.text)
    SPI2_IRQHandler                          0x0800022b   Thumb Code     0  startup_stm32l152xe.o(.text)
    SPI3_IRQHandler                          0x0800022b   Thumb Code     0  startup_stm32l152xe.o(.text)
    TAMPER_STAMP_IRQHandler                  0x0800022b   Thumb Code     0  startup_stm32l152xe.o(.text)
    TIM10_IRQHandler                         0x0800022b   Thumb Code     0  startup_stm32l152xe.o(.text)
    TIM11_IRQHandler                         0x0800022b   Thumb Code     0  startup_stm32l152xe.o(.text)
    TIM2_IRQHandler                          0x0800022b   Thumb Code     0  startup_stm32l152xe.o(.text)
    TIM3_IRQHandler                          0x0800022b   Thumb Code     0  startup_stm32l152xe.o(.text)
    TIM4_IRQHandler                          0x0800022b   Thumb Code     0  startup_stm32l152xe.o(.text)
    TIM5_IRQHandler                          0x0800022b   Thumb Code     0  startup_stm32l152xe.o(.text)
    TIM6_IRQHandler                          0x0800022b   Thumb Code     0  startup_stm32l152xe.o(.text)
    TIM7_IRQHandler                          0x0800022b   Thumb Code     0  startup_stm32l152xe.o(.text)
    TIM9_IRQHandler                          0x0800022b   Thumb Code     0  startup_stm32l152xe.o(.text)
    UART4_IRQHandler                         0x0800022b   Thumb Code     0  startup_stm32l152xe.o(.text)
    UART5_IRQHandler                         0x0800022b   Thumb Code     0  startup_stm32l152xe.o(.text)
    USART1_IRQHandler                        0x0800022b   Thumb Code     0  startup_stm32l152xe.o(.text)
    USB_FS_WKUP_IRQHandler                   0x0800022b   Thumb Code     0  startup_stm32l152xe.o(.text)
    USB_HP_IRQHandler                        0x0800022b   Thumb Code     0  startup_stm32l152xe.o(.text)
    USB_LP_IRQHandler                        0x0800022b   Thumb Code     0  startup_stm32l152xe.o(.text)
    WWDG_IRQHandler                          0x0800022b   Thumb Code     0  startup_stm32l152xe.o(.text)
    __user_initial_stackheap                 0x0800022d   Thumb Code     0  startup_stm32l152xe.o(.text)
    __2sprintf                               0x08000251   Thumb Code    38  __2sprintf.o(.text)
    __printf                                 0x0800027d   Thumb Code   104  __printf.o(.text)
    _printf_str                              0x080002e5   Thumb Code    82  _printf_str.o(.text)
    _printf_int_dec                          0x08000339   Thumb Code   104  _printf_dec.o(.text)
    __use_two_region_memory                  0x080003b1   Thumb Code     2  heapauxi.o(.text)
    __rt_heap_escrow$2region                 0x080003b3   Thumb Code     2  heapauxi.o(.text)
    __rt_heap_expand$2region                 0x080003b5   Thumb Code     2  heapauxi.o(.text)
    _printf_int_common                       0x080003b7   Thumb Code   178  _printf_intcommon.o(.text)
    _printf_char_common                      0x08000473   Thumb Code    32  _printf_char_common.o(.text)
    _sputc                                   0x08000499   Thumb Code    10  _sputc.o(.text)
    _printf_cs_common                        0x080004a3   Thumb Code    20  _printf_char.o(.text)
    _printf_char                             0x080004b7   Thumb Code    16  _printf_char.o(.text)
    _printf_string                           0x080004c7   Thumb Code     8  _printf_char.o(.text)
    __user_setup_stackheap                   0x080004cf   Thumb Code    74  sys_stackheap_outer.o(.text)
    exit                                     0x08000519   Thumb Code    18  exit.o(.text)
    __user_libspace                          0x0800052d   Thumb Code     8  libspace.o(.text)
    __user_perproc_libspace                  0x0800052d   Thumb Code     0  libspace.o(.text)
    __user_perthread_libspace                0x0800052d   Thumb Code     0  libspace.o(.text)
    _sys_exit                                0x08000535   Thumb Code     8  sys_exit.o(.text)
    __I$use$semihosting                      0x08000541   Thumb Code     0  use_no_semi.o(.text)
    __use_no_semihosting_swi                 0x08000541   Thumb Code     2  use_no_semi.o(.text)
    __semihosting_library_function           0x08000543   Thumb Code     0  indicate_semi.o(.text)
    Crc_Calculate                            0x08000545   Thumb Code    96  crc_calculation.o(.text.Crc_Calculate)
    Crc_Init                                 0x080005a5   Thumb Code    18  crc_calculation.o(.text.Crc_Init)
    Device_Information_Function              0x080005b9   Thumb Code    40  my_protocol.o(.text.Device_Information_Function)
    ESP8266_Echo_Off                         0x08000645   Thumb Code    22  esp8266.o(.text.ESP8266_Echo_Off)
    ESP8266_Main                             0x0800065d   Thumb Code   408  esp8266.o(.text.ESP8266_Main)
    ESP8266_Process_Response                 0x0800080d   Thumb Code    70  esp8266.o(.text.ESP8266_Process_Response)
    ESP8266_Sends_Data_UDP_Transmission      0x08000855   Thumb Code   136  esp8266.o(.text.ESP8266_Sends_Data_UDP_Transmission)
    ESP8266_Test                             0x080008e5   Thumb Code    20  esp8266.o(.text.ESP8266_Test)
    ESP8266_Version                          0x080008f9   Thumb Code    22  esp8266.o(.text.ESP8266_Version)
    Enable_Timeout_Counter                   0x08000911   Thumb Code    18  sys_timer.o(.text.Enable_Timeout_Counter)
    FLASH_Init                               0x08000969   Thumb Code    62  flash_unit.o(.text.FLASH_Init)
    Init_System_Timer                        0x08000a75   Thumb Code    46  sys_timer.o(.text.Init_System_Timer)
    Init_Uart_For_Communication              0x08000aa5   Thumb Code    12  uart.o(.text.Init_Uart_For_Communication)
    Init_User_Led                            0x08000c01   Thumb Code    40  gpio.o(.text.Init_User_Led)
    Peripheral_Control                       0x08000c29   Thumb Code    98  my_protocol.o(.text.Peripheral_Control)
    Reset_User_Led                           0x08000c8d   Thumb Code    24  gpio.o(.text.Reset_User_Led)
    Set_User_Led                             0x08000ca5   Thumb Code    24  gpio.o(.text.Set_User_Led)
    SysTick_Handler                          0x08000cbd   Thumb Code    22  sys_timer.o(.text.SysTick_Handler)
    SystemInit                               0x08000cd5   Thumb Code     2  system_stm32l1xx.o(.text.SystemInit)
    UDP                                      0x08000cd9   Thumb Code    68  esp8266.o(.text.UDP)
    USART2_IRQHandler                        0x08000d1d   Thumb Code    80  uart_comm.o(.text.USART2_IRQHandler)
    USART3_IRQHandler                        0x08000d6d   Thumb Code   224  uart_comm.o(.text.USART3_IRQHandler)
    Uart_Send_Char                           0x08000e4d   Thumb Code    10  uart_comm.o(.text.Uart_Send_Char)
    Uart_Send_Command                        0x08000e59   Thumb Code    36  uart_comm.o(.text.Uart_Send_Command)
    Uart_Send_Debug_Message                  0x08000e7d   Thumb Code    36  uart_comm.o(.text.Uart_Send_Debug_Message)
    main                                     0x08000eb9   Thumb Code   224  main.o(.text.main)
    Region$$Table$$Base                      0x08000fb8   Number         0  anon$$obj.o(Region$$Table)
    Region$$Table$$Limit                     0x08000fd8   Number         0  anon$$obj.o(Region$$Table)
    Circular_Buffer                          0x20000000   Data        1284  esp8266.o(.data.Circular_Buffer)
    Crc_Res                                  0x20000504   Data           1  esp8266.o(.data.Crc_Res)
    ESP8266_Command                          0x20000508   Data         392  esp8266_config.o(.data.ESP8266_Command)
    ESP8266_Config                           0x20000690   Data           8  esp8266_config.o(.data.ESP8266_Config)
    Eeprom_Data                              0x20000698   Data           4  flash_unit.o(.data.Eeprom_Data)
    Program_Memory                           0x2000069c   Data           4  flash_unit.o(.data.Program_Memory)
    Protocol                                 0x200006a0   Data          13  my_protocol.o(.data.Protocol)
    myData                                   0x200006ae   Data           8  flash_unit.o(.data.myData)
    __libspace_start                         0x200006b8   Data          96  libspace.o(.bss)
    Debug_Response_Buffer                    0x20000718   Data         256  uart_comm.o(.bss.Debug_Response_Buffer)
    __temporary_stack_top$libspace           0x20000718   Data           0  libspace.o(.bss)
    Debug_Response_Length                    0x20000818   Data           1  uart_comm.o(.bss.Debug_Response_Length)
    ESP8266_Response_Buffer                  0x20000819   Data         256  uart_comm.o(.bss.ESP8266_Response_Buffer)
    ESP8266_Response_Length                  0x20000919   Data           1  uart_comm.o(.bss.ESP8266_Response_Length)
    Internal_Counter                         0x2000091c   Data           4  sys_timer.o(.bss.Internal_Counter)
    Message                                  0x20000920   Data          56  main.o(.bss.Message)
    Test_Counter                             0x20000958   Data           2  main.o(.bss.Test_Counter)
    otp                                      0x2000095a   Data           1  esp8266.o(.bss.otp)
    readFromProgram                          0x2000095c   Data           8  flash_unit.o(.bss.readFromProgram)
    received                                 0x20000964   Data           1  uart_comm.o(.bss.received)



==============================================================================

Memory Map of the image

  Image Entry point : 0x08000211

  Load Region LR_1 (Base: 0x08000000, Size: 0x00001690, Max: 0xffffffff, ABSOLUTE, COMPRESSED[0x00001058])

    Execution Region ER_RO (Exec base: 0x08000000, Load base: 0x08000000, Size: 0x00000fd8, Max: 0xffffffff, ABSOLUTE)

    Exec Addr    Load Addr    Size         Type   Attr      Idx    E Section Name        Object

    0x08000000   0x08000000   0x00000124   Data   RO          173    RESET               startup_stm32l152xe.o
    0x08000124   0x08000124   0x00000008   Code   RO          233  * !!!main             c_w.l(__main.o)
    0x0800012c   0x0800012c   0x00000034   Code   RO          409    !!!scatter          c_w.l(__scatter.o)
    0x08000160   0x08000160   0x0000005a   Code   RO          407    !!dczerorl2         c_w.l(__dczerorl2.o)
    0x080001ba   0x080001ba   0x00000002   PAD
    0x080001bc   0x080001bc   0x0000001c   Code   RO          411    !!handler_zi        c_w.l(__scatter_zi.o)
    0x080001d8   0x080001d8   0x00000000   Code   RO          230    .ARM.Collect$$_printf_percent$$00000000  c_w.l(_printf_percent.o)
    0x080001d8   0x080001d8   0x00000006   Code   RO          229    .ARM.Collect$$_printf_percent$$00000009  c_w.l(_printf_d.o)
    0x080001de   0x080001de   0x00000006   Code   RO          228    .ARM.Collect$$_printf_percent$$00000014  c_w.l(_printf_s.o)
    0x080001e4   0x080001e4   0x00000004   Code   RO          244    .ARM.Collect$$_printf_percent$$00000017  c_w.l(_printf_percent_end.o)
    0x080001e8   0x080001e8   0x00000002   Code   RO          271    .ARM.Collect$$libinit$$00000000  c_w.l(libinit.o)
    0x080001ea   0x080001ea   0x00000000   Code   RO          278    .ARM.Collect$$libinit$$00000002  c_w.l(libinit2.o)
    0x080001ea   0x080001ea   0x00000000   Code   RO          280    .ARM.Collect$$libinit$$00000004  c_w.l(libinit2.o)
    0x080001ea   0x080001ea   0x00000000   Code   RO          283    .ARM.Collect$$libinit$$0000000A  c_w.l(libinit2.o)
    0x080001ea   0x080001ea   0x00000000   Code   RO          285    .ARM.Collect$$libinit$$0000000C  c_w.l(libinit2.o)
    0x080001ea   0x080001ea   0x00000000   Code   RO          287    .ARM.Collect$$libinit$$0000000E  c_w.l(libinit2.o)
    0x080001ea   0x080001ea   0x00000000   Code   RO          290    .ARM.Collect$$libinit$$00000011  c_w.l(libinit2.o)
    0x080001ea   0x080001ea   0x00000000   Code   RO          292    .ARM.Collect$$libinit$$00000013  c_w.l(libinit2.o)
    0x080001ea   0x080001ea   0x00000000   Code   RO          294    .ARM.Collect$$libinit$$00000015  c_w.l(libinit2.o)
    0x080001ea   0x080001ea   0x00000000   Code   RO          296    .ARM.Collect$$libinit$$00000017  c_w.l(libinit2.o)
    0x080001ea   0x080001ea   0x00000000   Code   RO          298    .ARM.Collect$$libinit$$00000019  c_w.l(libinit2.o)
    0x080001ea   0x080001ea   0x00000000   Code   RO          300    .ARM.Collect$$libinit$$0000001B  c_w.l(libinit2.o)
    0x080001ea   0x080001ea   0x00000000   Code   RO          302    .ARM.Collect$$libinit$$0000001D  c_w.l(libinit2.o)
    0x080001ea   0x080001ea   0x00000000   Code   RO          304    .ARM.Collect$$libinit$$0000001F  c_w.l(libinit2.o)
    0x080001ea   0x080001ea   0x00000000   Code   RO          306    .ARM.Collect$$libinit$$00000021  c_w.l(libinit2.o)
    0x080001ea   0x080001ea   0x00000000   Code   RO          308    .ARM.Collect$$libinit$$00000023  c_w.l(libinit2.o)
    0x080001ea   0x080001ea   0x00000000   Code   RO          310    .ARM.Collect$$libinit$$00000025  c_w.l(libinit2.o)
    0x080001ea   0x080001ea   0x00000000   Code   RO          314    .ARM.Collect$$libinit$$0000002C  c_w.l(libinit2.o)
    0x080001ea   0x080001ea   0x00000000   Code   RO          316    .ARM.Collect$$libinit$$0000002E  c_w.l(libinit2.o)
    0x080001ea   0x080001ea   0x00000000   Code   RO          318    .ARM.Collect$$libinit$$00000030  c_w.l(libinit2.o)
    0x080001ea   0x080001ea   0x00000000   Code   RO          320    .ARM.Collect$$libinit$$00000032  c_w.l(libinit2.o)
    0x080001ea   0x080001ea   0x00000002   Code   RO          321    .ARM.Collect$$libinit$$00000033  c_w.l(libinit2.o)
    0x080001ec   0x080001ec   0x00000002   Code   RO          343    .ARM.Collect$$libshutdown$$00000000  c_w.l(libshutdown.o)
    0x080001ee   0x080001ee   0x00000000   Code   RO          358    .ARM.Collect$$libshutdown$$00000002  c_w.l(libshutdown2.o)
    0x080001ee   0x080001ee   0x00000000   Code   RO          360    .ARM.Collect$$libshutdown$$00000004  c_w.l(libshutdown2.o)
    0x080001ee   0x080001ee   0x00000000   Code   RO          363    .ARM.Collect$$libshutdown$$00000007  c_w.l(libshutdown2.o)
    0x080001ee   0x080001ee   0x00000000   Code   RO          366    .ARM.Collect$$libshutdown$$0000000A  c_w.l(libshutdown2.o)
    0x080001ee   0x080001ee   0x00000000   Code   RO          368    .ARM.Collect$$libshutdown$$0000000C  c_w.l(libshutdown2.o)
    0x080001ee   0x080001ee   0x00000000   Code   RO          371    .ARM.Collect$$libshutdown$$0000000F  c_w.l(libshutdown2.o)
    0x080001ee   0x080001ee   0x00000002   Code   RO          372    .ARM.Collect$$libshutdown$$00000010  c_w.l(libshutdown2.o)
    0x080001f0   0x080001f0   0x00000000   Code   RO          235    .ARM.Collect$$rtentry$$00000000  c_w.l(__rtentry.o)
    0x080001f0   0x080001f0   0x00000000   Code   RO          246    .ARM.Collect$$rtentry$$00000002  c_w.l(__rtentry2.o)
    0x080001f0   0x080001f0   0x00000006   Code   RO          258    .ARM.Collect$$rtentry$$00000004  c_w.l(__rtentry4.o)
    0x080001f6   0x080001f6   0x00000000   Code   RO          248    .ARM.Collect$$rtentry$$00000009  c_w.l(__rtentry2.o)
    0x080001f6   0x080001f6   0x00000004   Code   RO          249    .ARM.Collect$$rtentry$$0000000A  c_w.l(__rtentry2.o)
    0x080001fa   0x080001fa   0x00000000   Code   RO          251    .ARM.Collect$$rtentry$$0000000C  c_w.l(__rtentry2.o)
    0x080001fa   0x080001fa   0x00000008   Code   RO          252    .ARM.Collect$$rtentry$$0000000D  c_w.l(__rtentry2.o)
    0x08000202   0x08000202   0x00000002   Code   RO          275    .ARM.Collect$$rtexit$$00000000  c_w.l(rtexit.o)
    0x08000204   0x08000204   0x00000000   Code   RO          323    .ARM.Collect$$rtexit$$00000002  c_w.l(rtexit2.o)
    0x08000204   0x08000204   0x00000004   Code   RO          324    .ARM.Collect$$rtexit$$00000003  c_w.l(rtexit2.o)
    0x08000208   0x08000208   0x00000006   Code   RO          325    .ARM.Collect$$rtexit$$00000004  c_w.l(rtexit2.o)
    0x0800020e   0x0800020e   0x00000002   PAD
    0x08000210   0x08000210   0x00000040   Code   RO          174  * .text               startup_stm32l152xe.o
    0x08000250   0x08000250   0x0000002c   Code   RO          198    .text               c_w.l(__2sprintf.o)
    0x0800027c   0x0800027c   0x00000068   Code   RO          202    .text               c_w.l(__printf.o)
    0x080002e4   0x080002e4   0x00000052   Code   RO          204    .text               c_w.l(_printf_str.o)
    0x08000336   0x08000336   0x00000002   PAD
    0x08000338   0x08000338   0x00000078   Code   RO          206    .text               c_w.l(_printf_dec.o)
    0x080003b0   0x080003b0   0x00000006   Code   RO          231    .text               c_w.l(heapauxi.o)
    0x080003b6   0x080003b6   0x000000b2   Code   RO          236    .text               c_w.l(_printf_intcommon.o)
    0x08000468   0x08000468   0x00000030   Code   RO          238    .text               c_w.l(_printf_char_common.o)
    0x08000498   0x08000498   0x0000000a   Code   RO          240    .text               c_w.l(_sputc.o)
    0x080004a2   0x080004a2   0x0000002c   Code   RO          242    .text               c_w.l(_printf_char.o)
    0x080004ce   0x080004ce   0x0000004a   Code   RO          262    .text               c_w.l(sys_stackheap_outer.o)
    0x08000518   0x08000518   0x00000012   Code   RO          264    .text               c_w.l(exit.o)
    0x0800052a   0x0800052a   0x00000002   PAD
    0x0800052c   0x0800052c   0x00000008   Code   RO          272    .text               c_w.l(libspace.o)
    0x08000534   0x08000534   0x0000000c   Code   RO          333    .text               c_w.l(sys_exit.o)
    0x08000540   0x08000540   0x00000002   Code   RO          348    .text               c_w.l(use_no_semi.o)
    0x08000542   0x08000542   0x00000000   Code   RO          350    .text               c_w.l(indicate_semi.o)
    0x08000542   0x08000542   0x00000002   PAD
    0x08000544   0x08000544   0x00000060   Code   RO          125    .text.Crc_Calculate  crc_calculation.o
    0x080005a4   0x080005a4   0x00000012   Code   RO          123    .text.Crc_Init      crc_calculation.o
    0x080005b6   0x080005b6   0x00000002   PAD
    0x080005b8   0x080005b8   0x00000028   Code   RO          135    .text.Device_Information_Function  my_protocol.o
    0x080005e0   0x080005e0   0x0000004c   Code   RO          105    .text.ESP8266_CreateUDP_transmission  esp8266.o
    0x0800062c   0x0800062c   0x00000016   Code   RO          103    .text.ESP8266_DeleteUDP_transmission  esp8266.o
    0x08000642   0x08000642   0x00000002   PAD
    0x08000644   0x08000644   0x00000016   Code   RO           97    .text.ESP8266_Echo_Off  esp8266.o
    0x0800065a   0x0800065a   0x00000002   PAD
    0x0800065c   0x0800065c   0x000001b0   Code   RO          109    .text.ESP8266_Main  esp8266.o
    0x0800080c   0x0800080c   0x00000046   Code   RO          107    .text.ESP8266_Process_Response  esp8266.o
    0x08000852   0x08000852   0x00000002   PAD
    0x08000854   0x08000854   0x00000090   Code   RO           99    .text.ESP8266_Sends_Data_UDP_Transmission  esp8266.o
    0x080008e4   0x080008e4   0x00000014   Code   RO           93    .text.ESP8266_Test  esp8266.o
    0x080008f8   0x080008f8   0x00000016   Code   RO           95    .text.ESP8266_Version  esp8266.o
    0x0800090e   0x0800090e   0x00000002   PAD
    0x08000910   0x08000910   0x00000012   Code   RO           31    .text.Enable_Timeout_Counter  sys_timer.o
    0x08000922   0x08000922   0x00000002   PAD
    0x08000924   0x08000924   0x00000042   Code   RO          158    .text.FLASH_Eeprom_Write  flash_unit.o
    0x08000966   0x08000966   0x00000002   PAD
    0x08000968   0x08000968   0x0000003e   Code   RO          148    .text.FLASH_Init    flash_unit.o
    0x080009a6   0x080009a6   0x00000002   PAD
    0x080009a8   0x080009a8   0x00000022   Code   RO          152    .text.FLASH_Memory_Read  flash_unit.o
    0x080009ca   0x080009ca   0x00000002   PAD
    0x080009cc   0x080009cc   0x00000034   Code   RO          154    .text.FLASH_Program_Memory_Page_Erase  flash_unit.o
    0x08000a00   0x08000a00   0x00000032   Code   RO          156    .text.FLASH_Program_Memory_Write  flash_unit.o
    0x08000a32   0x08000a32   0x00000002   PAD
    0x08000a34   0x08000a34   0x00000040   Code   RO          150    .text.Flash_Unlock_Operation  flash_unit.o
    0x08000a74   0x08000a74   0x0000002e   Code   RO           33    .text.Init_System_Timer  sys_timer.o
    0x08000aa2   0x08000aa2   0x00000002   PAD
    0x08000aa4   0x08000aa4   0x0000000c   Code   RO           46    .text.Init_Uart_For_Communication  uart.o
    0x08000ab0   0x08000ab0   0x000000a6   Code   RO           50    .text.Init_Uart_For_Debug  uart.o
    0x08000b56   0x08000b56   0x00000002   PAD
    0x08000b58   0x08000b58   0x000000a8   Code   RO           48    .text.Init_Uart_For_Esp8266  uart.o
    0x08000c00   0x08000c00   0x00000028   Code   RO           14    .text.Init_User_Led  gpio.o
    0x08000c28   0x08000c28   0x00000062   Code   RO          137    .text.Peripheral_Control  my_protocol.o
    0x08000c8a   0x08000c8a   0x00000002   PAD
    0x08000c8c   0x08000c8c   0x00000018   Code   RO           18    .text.Reset_User_Led  gpio.o
    0x08000ca4   0x08000ca4   0x00000018   Code   RO           16    .text.Set_User_Led  gpio.o
    0x08000cbc   0x08000cbc   0x00000016   Code   RO           35    .text.SysTick_Handler  sys_timer.o
    0x08000cd2   0x08000cd2   0x00000002   PAD
    0x08000cd4   0x08000cd4   0x00000002   Code   RO          181    .text.SystemInit    system_stm32l1xx.o
    0x08000cd6   0x08000cd6   0x00000002   PAD
    0x08000cd8   0x08000cd8   0x00000044   Code   RO          101    .text.UDP           esp8266.o
    0x08000d1c   0x08000d1c   0x00000050   Code   RO           64    .text.USART2_IRQHandler  uart_comm.o
    0x08000d6c   0x08000d6c   0x000000e0   Code   RO           62    .text.USART3_IRQHandler  uart_comm.o
    0x08000e4c   0x08000e4c   0x0000000a   Code   RO           70    .text.Uart_Send_Char  uart_comm.o
    0x08000e56   0x08000e56   0x00000002   PAD
    0x08000e58   0x08000e58   0x00000024   Code   RO           66    .text.Uart_Send_Command  uart_comm.o
    0x08000e7c   0x08000e7c   0x00000024   Code   RO           68    .text.Uart_Send_Debug_Message  uart_comm.o
    0x08000ea0   0x08000ea0   0x00000016   Code   RO           52    .text.__NVIC_EnableIRQ  uart.o
    0x08000eb6   0x08000eb6   0x00000002   PAD
    0x08000eb8   0x08000eb8   0x000000f0   Code   RO            2    .text.main          main.o
    0x08000fa8   0x08000fa8   0x0000000f   Data   RO           85    .rodata.str1.1      esp8266_config.o
    0x08000fb7   0x08000fb7   0x00000001   PAD
    0x08000fb8   0x08000fb8   0x00000020   Data   RO          406    Region$$Table       anon$$obj.o


    Execution Region ER_RW (Exec base: 0x20000000, Load base: 0x08000fd8, Size: 0x000006b8, Max: 0xffffffff, ABSOLUTE, COMPRESSED[0x00000080])

    Exec Addr    Load Addr    Size         Type   Attr      Idx    E Section Name        Object

    0x20000000   COMPRESSED   0x00000504   Data   RW          113    .data.Circular_Buffer  esp8266.o
    0x20000504   COMPRESSED   0x00000001   Data   RW          111    .data.Crc_Res       esp8266.o
    0x20000505   COMPRESSED   0x00000003   PAD
    0x20000508   COMPRESSED   0x00000188   Data   RW           87    .data.ESP8266_Command  esp8266_config.o
    0x20000690   COMPRESSED   0x00000008   Data   RW           86    .data.ESP8266_Config  esp8266_config.o
    0x20000698   COMPRESSED   0x00000004   Data   RW          162    .data.Eeprom_Data   flash_unit.o
    0x2000069c   COMPRESSED   0x00000004   Data   RW          161    .data.Program_Memory  flash_unit.o
    0x200006a0   COMPRESSED   0x0000000d   Data   RW          139    .data.Protocol      my_protocol.o
    0x200006ad   COMPRESSED   0x00000001   PAD
    0x200006ae   COMPRESSED   0x00000008   Data   RW          160    .data.myData        flash_unit.o


    Execution Region ER_ZI (Exec base: 0x200006b8, Load base: 0x08001058, Size: 0x000008b0, Max: 0xffffffff, ABSOLUTE)

    Exec Addr    Load Addr    Size         Type   Attr      Idx    E Section Name        Object

    0x200006b8        -       0x00000060   Zero   RW          273    .bss                c_w.l(libspace.o)
    0x20000718        -       0x00000100   Zero   RW           76    .bss.Debug_Response_Buffer  uart_comm.o
    0x20000818        -       0x00000001   Zero   RW           73    .bss.Debug_Response_Length  uart_comm.o
    0x20000819        -       0x00000100   Zero   RW           75    .bss.ESP8266_Response_Buffer  uart_comm.o
    0x20000919        -       0x00000001   Zero   RW           72    .bss.ESP8266_Response_Length  uart_comm.o
    0x2000091a   0x08001058   0x00000002   PAD
    0x2000091c        -       0x00000004   Zero   RW           37    .bss.Internal_Counter  sys_timer.o
    0x20000920        -       0x00000038   Zero   RW            6    .bss.Message        main.o
    0x20000958        -       0x00000002   Zero   RW            4    .bss.Test_Counter   main.o
    0x2000095a        -       0x00000001   Zero   RW          112    .bss.otp            esp8266.o
    0x2000095b   0x08001058   0x00000001   PAD
    0x2000095c        -       0x00000008   Zero   RW          163    .bss.readFromProgram  flash_unit.o
    0x20000964        -       0x00000001   Zero   RW           74    .bss.received       uart_comm.o
    0x20000965   0x08001058   0x00000003   PAD
    0x20000968        -       0x00000200   Zero   RW          172    HEAP                startup_stm32l152xe.o
    0x20000b68        -       0x00000400   Zero   RW          171    STACK               startup_stm32l152xe.o


==============================================================================

Image component sizes


      Code (inc. data)   RO Data    RW Data    ZI Data      Debug   Object Name

       114          0          0          0          0       2173   crc_calculation.o
       876         48          0       1285          1       4614   esp8266.o
         0          0         15        400          0        852   esp8266_config.o
       328          0          0         16          8       2968   flash_unit.o
        88          0          0          0          0       1425   gpio.o
       240         16          0          0         58       1153   main.o
       138          0          0         13          0       2778   my_protocol.o
        64         26        292          0       1536        856   startup_stm32l152xe.o
        86          0          0          0          4       1251   sys_timer.o
         2          0          0          0          0       1958   system_stm32l1xx.o
       368          0          0          0          0       3789   uart.o
       386          0          0          0        515       2364   uart_comm.o

    ----------------------------------------------------------------------
      2724         90        340       1720       2128      26181   Object Totals
         0          0         32          0          0          0   (incl. Generated)
        34          0          1          6          6          0   (incl. Padding)

    ----------------------------------------------------------------------

      Code (inc. data)   RO Data    RW Data    ZI Data      Debug   Library Member Name

        44          6          0          0          0         84   __2sprintf.o
        90          0          0          0          0          0   __dczerorl2.o
         8          0          0          0          0         68   __main.o
       104          0          0          0          0         84   __printf.o
         0          0          0          0          0          0   __rtentry.o
        12          0          0          0          0          0   __rtentry2.o
         6          0          0          0          0          0   __rtentry4.o
        52          8          0          0          0          0   __scatter.o
        28          0          0          0          0          0   __scatter_zi.o
        44          0          0          0          0        108   _printf_char.o
        48          6          0          0          0         96   _printf_char_common.o
         6          0          0          0          0          0   _printf_d.o
       120         16          0          0          0         92   _printf_dec.o
       178          0          0          0          0         88   _printf_intcommon.o
         0          0          0          0          0          0   _printf_percent.o
         4          0          0          0          0          0   _printf_percent_end.o
         6          0          0          0          0          0   _printf_s.o
        82          0          0          0          0         80   _printf_str.o
        10          0          0          0          0         68   _sputc.o
        18          0          0          0          0         80   exit.o
         6          0          0          0          0        152   heapauxi.o
         0          0          0          0          0          0   indicate_semi.o
         2          0          0          0          0          0   libinit.o
         2          0          0          0          0          0   libinit2.o
         2          0          0          0          0          0   libshutdown.o
         2          0          0          0          0          0   libshutdown2.o
         8          4          0          0         96         68   libspace.o
         2          0          0          0          0          0   rtexit.o
        10          0          0          0          0          0   rtexit2.o
        12          4          0          0          0         68   sys_exit.o
        74          0          0          0          0         80   sys_stackheap_outer.o
         2          0          0          0          0         68   use_no_semi.o

    ----------------------------------------------------------------------
       992         44          0          0         96       1284   Library Totals
        10          0          0          0          0          0   (incl. Padding)

    ----------------------------------------------------------------------

      Code (inc. data)   RO Data    RW Data    ZI Data      Debug   Library Name

       982         44          0          0         96       1284   c_w.l

    ----------------------------------------------------------------------
       992         44          0          0         96       1284   Library Totals

    ----------------------------------------------------------------------

==============================================================================


      Code (inc. data)   RO Data    RW Data    ZI Data      Debug   

      3716        134        340       1720       2224      26761   Grand Totals
      3716        134        340        128       2224      26761   ELF Image Totals (compressed)
      3716        134        340        128          0          0   ROM Totals

==============================================================================

    Total RO  Size (Code + RO Data)                 4056 (   3.96kB)
    Total RW  Size (RW Data + ZI Data)              3944 (   3.85kB)
    Total ROM Size (Code + RO Data + RW Data)       4184 (   4.09kB)

==============================================================================

